Archive member included to satisfy reference by file (symbol)

/usr/local/Cellar/arm-gcc-bin/8-2018-q4-major/bin/../lib/gcc/arm-none-eabi/8.2.1/../../../../arm-none-eabi/lib/thumb/v7e-m+fp/hard/libc_nano.a(lib_a-exit.o)
                              /usr/local/Cellar/arm-gcc-bin/8-2018-q4-major/bin/../lib/gcc/arm-none-eabi/8.2.1/../../../../arm-none-eabi/lib/thumb/v7e-m+fp/hard/crt0.o (exit)
/usr/local/Cellar/arm-gcc-bin/8-2018-q4-major/bin/../lib/gcc/arm-none-eabi/8.2.1/../../../../arm-none-eabi/lib/thumb/v7e-m+fp/hard/libc_nano.a(lib_a-impure.o)
                              /usr/local/Cellar/arm-gcc-bin/8-2018-q4-major/bin/../lib/gcc/arm-none-eabi/8.2.1/../../../../arm-none-eabi/lib/thumb/v7e-m+fp/hard/libc_nano.a(lib_a-exit.o) (_global_impure_ptr)
/usr/local/Cellar/arm-gcc-bin/8-2018-q4-major/bin/../lib/gcc/arm-none-eabi/8.2.1/../../../../arm-none-eabi/lib/thumb/v7e-m+fp/hard/libc_nano.a(lib_a-init.o)
                              /usr/local/Cellar/arm-gcc-bin/8-2018-q4-major/bin/../lib/gcc/arm-none-eabi/8.2.1/../../../../arm-none-eabi/lib/thumb/v7e-m+fp/hard/crt0.o (__libc_init_array)
/usr/local/Cellar/arm-gcc-bin/8-2018-q4-major/bin/../lib/gcc/arm-none-eabi/8.2.1/../../../../arm-none-eabi/lib/thumb/v7e-m+fp/hard/libc_nano.a(lib_a-memcpy-stub.o)
                              build/queue.o (memcpy)
/usr/local/Cellar/arm-gcc-bin/8-2018-q4-major/bin/../lib/gcc/arm-none-eabi/8.2.1/../../../../arm-none-eabi/lib/thumb/v7e-m+fp/hard/libc_nano.a(lib_a-memset.o)
                              /usr/local/Cellar/arm-gcc-bin/8-2018-q4-major/bin/../lib/gcc/arm-none-eabi/8.2.1/../../../../arm-none-eabi/lib/thumb/v7e-m+fp/hard/crt0.o (memset)
/usr/local/Cellar/arm-gcc-bin/8-2018-q4-major/bin/../lib/gcc/arm-none-eabi/8.2.1/../../../../arm-none-eabi/lib/thumb/v7e-m+fp/hard/libc_nano.a(lib_a-sprintf.o)
                              build/main.o (sprintf)
/usr/local/Cellar/arm-gcc-bin/8-2018-q4-major/bin/../lib/gcc/arm-none-eabi/8.2.1/../../../../arm-none-eabi/lib/thumb/v7e-m+fp/hard/libc_nano.a(lib_a-nano-svfprintf.o)
                              /usr/local/Cellar/arm-gcc-bin/8-2018-q4-major/bin/../lib/gcc/arm-none-eabi/8.2.1/../../../../arm-none-eabi/lib/thumb/v7e-m+fp/hard/libc_nano.a(lib_a-sprintf.o) (_svfprintf_r)
/usr/local/Cellar/arm-gcc-bin/8-2018-q4-major/bin/../lib/gcc/arm-none-eabi/8.2.1/../../../../arm-none-eabi/lib/thumb/v7e-m+fp/hard/libc_nano.a(lib_a-nano-vfprintf_i.o)
                              /usr/local/Cellar/arm-gcc-bin/8-2018-q4-major/bin/../lib/gcc/arm-none-eabi/8.2.1/../../../../arm-none-eabi/lib/thumb/v7e-m+fp/hard/libc_nano.a(lib_a-nano-svfprintf.o) (_printf_i)
/usr/local/Cellar/arm-gcc-bin/8-2018-q4-major/bin/../lib/gcc/arm-none-eabi/8.2.1/../../../../arm-none-eabi/lib/thumb/v7e-m+fp/hard/libc_nano.a(lib_a-memchr.o)
                              /usr/local/Cellar/arm-gcc-bin/8-2018-q4-major/bin/../lib/gcc/arm-none-eabi/8.2.1/../../../../arm-none-eabi/lib/thumb/v7e-m+fp/hard/libc_nano.a(lib_a-nano-svfprintf.o) (memchr)
/usr/local/Cellar/arm-gcc-bin/8-2018-q4-major/bin/../lib/gcc/arm-none-eabi/8.2.1/../../../../arm-none-eabi/lib/thumb/v7e-m+fp/hard/libc_nano.a(lib_a-memmove.o)
                              /usr/local/Cellar/arm-gcc-bin/8-2018-q4-major/bin/../lib/gcc/arm-none-eabi/8.2.1/../../../../arm-none-eabi/lib/thumb/v7e-m+fp/hard/libc_nano.a(lib_a-nano-svfprintf.o) (memmove)
/usr/local/Cellar/arm-gcc-bin/8-2018-q4-major/bin/../lib/gcc/arm-none-eabi/8.2.1/../../../../arm-none-eabi/lib/thumb/v7e-m+fp/hard/libc_nano.a(lib_a-nano-freer.o)
                              /usr/local/Cellar/arm-gcc-bin/8-2018-q4-major/bin/../lib/gcc/arm-none-eabi/8.2.1/../../../../arm-none-eabi/lib/thumb/v7e-m+fp/hard/libc_nano.a(lib_a-nano-svfprintf.o) (_free_r)
/usr/local/Cellar/arm-gcc-bin/8-2018-q4-major/bin/../lib/gcc/arm-none-eabi/8.2.1/../../../../arm-none-eabi/lib/thumb/v7e-m+fp/hard/libc_nano.a(lib_a-nano-mallocr.o)
                              /usr/local/Cellar/arm-gcc-bin/8-2018-q4-major/bin/../lib/gcc/arm-none-eabi/8.2.1/../../../../arm-none-eabi/lib/thumb/v7e-m+fp/hard/libc_nano.a(lib_a-nano-svfprintf.o) (_malloc_r)
/usr/local/Cellar/arm-gcc-bin/8-2018-q4-major/bin/../lib/gcc/arm-none-eabi/8.2.1/../../../../arm-none-eabi/lib/thumb/v7e-m+fp/hard/libc_nano.a(lib_a-nano-reallocr.o)
                              /usr/local/Cellar/arm-gcc-bin/8-2018-q4-major/bin/../lib/gcc/arm-none-eabi/8.2.1/../../../../arm-none-eabi/lib/thumb/v7e-m+fp/hard/libc_nano.a(lib_a-nano-svfprintf.o) (_realloc_r)
/usr/local/Cellar/arm-gcc-bin/8-2018-q4-major/bin/../lib/gcc/arm-none-eabi/8.2.1/../../../../arm-none-eabi/lib/thumb/v7e-m+fp/hard/libc_nano.a(lib_a-sbrkr.o)
                              /usr/local/Cellar/arm-gcc-bin/8-2018-q4-major/bin/../lib/gcc/arm-none-eabi/8.2.1/../../../../arm-none-eabi/lib/thumb/v7e-m+fp/hard/libc_nano.a(lib_a-nano-mallocr.o) (_sbrk_r)
/usr/local/Cellar/arm-gcc-bin/8-2018-q4-major/bin/../lib/gcc/arm-none-eabi/8.2.1/../../../../arm-none-eabi/lib/thumb/v7e-m+fp/hard/libc_nano.a(lib_a-mlock.o)
[...]
Memory Configuration

Name             Origin             Length             Attributes
RAM              0x0000000020000000 0x0000000000020000 xrw
CCMRAM           0x0000000010000000 0x0000000000010000 rw
FLASH            0x0000000008000000 0x0000000000100000 xr
*default*        0x0000000000000000 0xffffffffffffffff

Linker script and memory map

LOAD /usr/local/Cellar/arm-gcc-bin/8-2018-q4-major/bin/../lib/gcc/arm-none-eabi/8.2.1/thumb/v7e-m+fp/hard/crti.o
LOAD /usr/local/Cellar/arm-gcc-bin/8-2018-q4-major/bin/../lib/gcc/arm-none-eabi/8.2.1/thumb/v7e-m+fp/hard/crtbegin.o
LOAD /usr/local/Cellar/arm-gcc-bin/8-2018-q4-major/bin/../lib/gcc/arm-none-eabi/8.2.1/../../../../arm-none-eabi/lib/thumb/v7e-m+fp/hard/crt0.o
LOAD build/main.o
LOAD build/eeprom.o
LOAD build/freertos.o
LOAD build/stm32f4xx_it.o
LOAD build/stm32f4xx_hal_msp.o
LOAD build/stm32f4xx_hal_timebase_tim.o
LOAD build/stm32f4xx_hal_tim.o
LOAD build/stm32f4xx_hal_tim_ex.o
LOAD build/stm32f4xx_hal_uart.o
LOAD build/stm32f4xx_hal_rcc.o
LOAD build/stm32f4xx_hal_rcc_ex.o
LOAD build/stm32f4xx_hal_flash.o
LOAD build/stm32f4xx_hal_flash_ex.o
LOAD build/stm32f4xx_hal_flash_ramfunc.o
LOAD build/stm32f4xx_hal_gpio.o
LOAD build/stm32f4xx_hal_dma_ex.o
LOAD build/stm32f4xx_hal_dma.o
LOAD build/stm32f4xx_hal_pwr.o
LOAD build/stm32f4xx_hal_pwr_ex.o
LOAD build/stm32f4xx_hal_cortex.o
LOAD build/stm32f4xx_hal.o
LOAD build/system_stm32f4xx.o
LOAD build/croutine.o
LOAD build/event_groups.o
LOAD build/list.o
LOAD build/queue.o
LOAD build/tasks.o
LOAD build/timers.o
LOAD build/cmsis_os.o
LOAD build/heap_4.o
LOAD build/port.o
LOAD build/startup_stm32f407xx.o
LOAD /usr/local/Cellar/arm-gcc-bin/8-2018-q4-major/bin/../lib/gcc/arm-none-eabi/8.2.1/../../../../arm-none-eabi/lib/thumb/v7e-m+fp/hard/libc_nano.a
LOAD /usr/local/Cellar/arm-gcc-bin/8-2018-q4-major/bin/../lib/gcc/arm-none-eabi/8.2.1/../../../../arm-none-eabi/lib/thumb/v7e-m+fp/hard/libm.a
LOAD /usr/local/Cellar/arm-gcc-bin/8-2018-q4-major/bin/../lib/gcc/arm-none-eabi/8.2.1/../../../../arm-none-eabi/lib/thumb/v7e-m+fp/hard/libnosys.a
START GROUP
LOAD /usr/local/Cellar/arm-gcc-bin/8-2018-q4-major/bin/../lib/gcc/arm-none-eabi/8.2.1/thumb/v7e-m+fp/hard/libgcc.a
LOAD /usr/local/Cellar/arm-gcc-bin/8-2018-q4-major/bin/../lib/gcc/arm-none-eabi/8.2.1/../../../../arm-none-eabi/lib/thumb/v7e-m+fp/hard/libc_nano.a
END GROUP
START GROUP
LOAD /usr/local/Cellar/arm-gcc-bin/8-2018-q4-major/bin/../lib/gcc/arm-none-eabi/8.2.1/thumb/v7e-m+fp/hard/libgcc.a
LOAD /usr/local/Cellar/arm-gcc-bin/8-2018-q4-major/bin/../lib/gcc/arm-none-eabi/8.2.1/../../../../arm-none-eabi/lib/thumb/v7e-m+fp/hard/libc_nano.a
END GROUP
LOAD /usr/local/Cellar/arm-gcc-bin/8-2018-q4-major/bin/../lib/gcc/arm-none-eabi/8.2.1/thumb/v7e-m+fp/hard/crtend.o
LOAD /usr/local/Cellar/arm-gcc-bin/8-2018-q4-major/bin/../lib/gcc/arm-none-eabi/8.2.1/thumb/v7e-m+fp/hard/crtn.o
                0x0000000020020000                _estack = 0x20020000
                0x0000000000000200                _Min_Heap_Size = 0x200
                0x0000000000000400                _Min_Stack_Size = 0x400

.isr_vector     0x0000000008000000      0x188
                0x0000000008000000                . = ALIGN (0x4)
 *(.isr_vector)
 .isr_vector    0x0000000008000000      0x188 build/startup_stm32f407xx.o
                0x0000000008000000                g_pfnVectors
                0x0000000008000188                . = ALIGN (0x4)

.text           0x0000000008000190     0x53dc
                0x0000000008000190                . = ALIGN (0x4)
 *(.text)
 .text          0x0000000008000190       0x40 /usr/local/Cellar/arm-gcc-bin/8-2018-q4-major/bin/../lib/gcc/arm-none-eabi/8.2.1/thumb/v7e-m+fp/hard/crtbegin.o
 .text          0x00000000080001d0       0xa0 /usr/local/Cellar/arm-gcc-bin/8-2018-q4-major/bin/../lib/gcc/arm-none-eabi/8.2.1/../../../../arm-none-eabi/lib/thumb/v7e-m+fp/hard/libc_nano.a(lib_a-memchr.o)
                0x00000000080001d0                memchr
 .text          0x0000000008000270       0x30 /usr/local/Cellar/arm-gcc-bin/8-2018-q4-major/bin/../lib/gcc/arm-none-eabi/8.2.1/thumb/v7e-m+fp/hard/libgcc.a(_aeabi_uldivmod.o)
                0x0000000008000270                __aeabi_uldivmod
 .text          0x00000000080002a0      0x2d0 /usr/local/Cellar/arm-gcc-bin/8-2018-q4-major/bin/../lib/gcc/arm-none-eabi/8.2.1/thumb/v7e-m+fp/hard/libgcc.a(_udivmoddi4.o)
                0x00000000080002a0                __udivmoddi4
 .text          0x0000000008000570        0x4 /usr/local/Cellar/arm-gcc-bin/8-2018-q4-major/bin/../lib/gcc/arm-none-eabi/8.2.1/thumb/v7e-m+fp/hard/libgcc.a(_dvmd_tls.o)
                0x0000000008000570                __aeabi_ldiv0
                0x0000000008000570                __aeabi_idiv0
 *(.text*)
 .text.MX_GPIO_Init
                0x0000000008000574       0xe4 build/main.o
 .text.SIMCOM_Init
                0x0000000008000658       0x64 build/main.o
                0x0000000008000658                SIMCOM_Init
 .text.SIMCOM_SendSMS
                0x00000000080006bc       0xb0 build/main.o
                0x00000000080006bc                SIMCOM_SendSMS
 .text.SIMCOM_MakeCall
                0x000000000800076c       0x30 build/main.o
                0x000000000800076c                SIMCOM_MakeCall
 .text.SIMCOM_EndCall
                0x000000000800079c       0x28 build/main.o
                0x000000000800079c                SIMCOM_EndCall
 .text.EEPROM_Init
                0x00000000080007c4       0x68 build/main.o
                0x00000000080007c4                EEPROM_Init
 .text.EEPROM_ListContacts
                0x000000000800082c      0x150 build/main.o
                0x000000000800082c                EEPROM_ListContacts
 .text.EEPROM_GetName
                0x000000000800097c      0x184 build/main.o
                0x000000000800097c                EEPROM_GetName
 .text.EEPROM_GetNumber
                0x0000000008000b00      0x1bc build/main.o
                0x0000000008000b00                EEPROM_GetNumber
 .text.EEPROM_AddContact
                0x0000000008000cbc      0x14c build/main.o
                0x0000000008000cbc                EEPROM_AddContact
 .text.ESP_Init
                0x0000000008000e08       0xc4 build/main.o
                0x0000000008000e08                ESP_Init
 .text.ESP_HandleHeaderParam
                0x0000000008000ecc      0x494 build/main.o
                0x0000000008000ecc                ESP_HandleHeaderParam
 .text.ESP_SendIndex
                0x0000000008001360       0x94 build/main.o
                0x0000000008001360                ESP_SendIndex
 .text.ESP_HandleEndCall
                0x00000000080013f4       0x38 build/main.o
                0x00000000080013f4                ESP_HandleEndCall
 .text.ESP_SendSMS
                0x000000000800142c       0x94 build/main.o
                0x000000000800142c                ESP_SendSMS
 .text.ESP_SendContact
                0x00000000080014c0      0x260 build/main.o
                0x00000000080014c0                ESP_SendContact
 .text.ESP_SendSuccess
                0x0000000008001720       0x94 build/main.o
                0x0000000008001720                ESP_SendSuccess
 .text.ESP_HandleErase
                0x00000000080017b4       0x70 build/main.o
                0x00000000080017b4                ESP_HandleErase
 .text.ESP_SendCall
                0x0000000008001824       0x94 build/main.o
                0x0000000008001824                ESP_SendCall
 .text.ESP_SendTalking
                0x00000000080018b8       0x94 build/main.o
                0x00000000080018b8                ESP_SendTalking
 .text.ESP_SendError
                0x000000000800194c      0x11c build/main.o
                0x000000000800194c                ESP_SendError
 .text.ESP_HandleCall
                0x0000000008001a68       0xa8 build/main.o
                0x0000000008001a68                ESP_HandleCall
 .text.ESP_HandleContact
                0x0000000008001b10       0x78 build/main.o
                0x0000000008001b10                ESP_HandleContact
 .text.ESP_HandleSMS
                0x0000000008001b88       0x94 build/main.o
                0x0000000008001b88                ESP_HandleSMS
 .text.ESP_HandleRequset
                0x0000000008001c1c      0x16c build/main.o
                0x0000000008001c1c                ESP_HandleRequset
 .text.StartDefaultTask
                0x0000000008001d88       0x30 build/main.o
                0x0000000008001d88                StartDefaultTask
 .text.HAL_UART_RxCpltCallback
                0x0000000008001db8       0xf0 build/main.o
                0x0000000008001db8                HAL_UART_RxCpltCallback
 .text.HAL_TIM_PeriodElapsedCallback
                0x0000000008001ea8       0x18 build/main.o
                0x0000000008001ea8                HAL_TIM_PeriodElapsedCallback
 .text.Error_Handler
                0x0000000008001ec0       0xb8 build/main.o
                0x0000000008001ec0                Error_Handler
 .text.MX_USART2_UART_Init
                0x0000000008001f78       0x34 build/main.o
 .text.MX_USART3_UART_Init
                0x0000000008001fac       0x34 build/main.o
 .text.MX_USART6_UART_Init
                0x0000000008001fe0       0x34 build/main.o
 .text.SystemClock_Config
                0x0000000008002014       0xac build/main.o
                0x0000000008002014                SystemClock_Config
 .text.main     0x00000000080020c0      0x104 build/main.o
                0x00000000080020c0                main
 .text.EE_VerifyPageFullyErased
                0x00000000080021c4       0x24 build/eeprom.o
 .text.EE_FindValidPage
                0x00000000080021e8       0x50 build/eeprom.o
 .text.EE_VerifyPageFullWriteVariable
                0x0000000008002238       0x5c build/eeprom.o
 .text.EE_Format
                0x0000000008002294       0x60 build/eeprom.o
 .text.EE_ReadVariable
                0x00000000080022f4       0x44 build/eeprom.o
                0x00000000080022f4                EE_ReadVariable
 .text.EE_Init  0x0000000008002338      0x25c build/eeprom.o
                0x0000000008002338                EE_Init
 .text.EE_PageTransfer
                0x0000000008002594       0xcc build/eeprom.o
 .text.EE_WriteVariable
                0x0000000008002660       0x1a build/eeprom.o
                0x0000000008002660                EE_WriteVariable
 .text.NMI_Handler
                0x000000000800267a        0x2 build/stm32f4xx_it.o
                0x000000000800267a                NMI_Handler
 .text.HardFault_Handler
                0x000000000800267c        0x2 build/stm32f4xx_it.o
                0x000000000800267c                HardFault_Handler
 .text.MemManage_Handler
                0x000000000800267e        0x2 build/stm32f4xx_it.o
                0x000000000800267e                MemManage_Handler
 .text.BusFault_Handler
                0x0000000008002680        0x2 build/stm32f4xx_it.o
                0x0000000008002680                BusFault_Handler
 .text.UsageFault_Handler
                0x0000000008002682        0x2 build/stm32f4xx_it.o
                0x0000000008002682                UsageFault_Handler
 .text.DebugMon_Handler
                0x0000000008002684        0x2 build/stm32f4xx_it.o
                0x0000000008002684                DebugMon_Handler
 .text.EXTI0_IRQHandler
                0x0000000008002686        0xa build/stm32f4xx_it.o
                0x0000000008002686                EXTI0_IRQHandler
 .text.USART2_IRQHandler
                0x0000000008002690       0x10 build/stm32f4xx_it.o
                0x0000000008002690                USART2_IRQHandler
 .text.USART3_IRQHandler
                0x00000000080026a0       0x10 build/stm32f4xx_it.o
                0x00000000080026a0                USART3_IRQHandler
 .text.TIM8_TRG_COM_TIM14_IRQHandler
                0x00000000080026b0       0x10 build/stm32f4xx_it.o
                0x00000000080026b0                TIM8_TRG_COM_TIM14_IRQHandler
 .text.HAL_MspInit
                0x00000000080026c0       0x44 build/stm32f4xx_hal_msp.o
                0x00000000080026c0                HAL_MspInit
 .text.HAL_UART_MspInit
                0x0000000008002704      0x17c build/stm32f4xx_hal_msp.o
                0x0000000008002704                HAL_UART_MspInit
 .text.HAL_InitTick
                0x0000000008002880       0x7c build/stm32f4xx_hal_timebase_tim.o
                0x0000000008002880                HAL_InitTick
 .text.HAL_TIM_Base_MspInit
                0x00000000080028fc        0x2 build/stm32f4xx_hal_tim.o
                0x00000000080028fc                HAL_TIM_Base_MspInit
 .text.HAL_TIM_Base_Start_IT
                0x00000000080028fe       0x18 build/stm32f4xx_hal_tim.o
                0x00000000080028fe                HAL_TIM_Base_Start_IT
 .text.HAL_TIM_OC_DelayElapsedCallback
                0x0000000008002916        0x2 build/stm32f4xx_hal_tim.o
                0x0000000008002916                HAL_TIM_OC_DelayElapsedCallback
 .text.HAL_TIM_IC_CaptureCallback
                0x0000000008002918        0x2 build/stm32f4xx_hal_tim.o
                0x0000000008002918                HAL_TIM_IC_CaptureCallback
 .text.HAL_TIM_PWM_PulseFinishedCallback
                0x000000000800291a        0x2 build/stm32f4xx_hal_tim.o
                0x000000000800291a                HAL_TIM_PWM_PulseFinishedCallback
 .text.HAL_TIM_TriggerCallback
                0x000000000800291c        0x2 build/stm32f4xx_hal_tim.o
                0x000000000800291c                HAL_TIM_TriggerCallback
 .text.HAL_TIM_IRQHandler
                0x000000000800291e      0x17a build/stm32f4xx_hal_tim.o
                0x000000000800291e                HAL_TIM_IRQHandler
 .text.TIM_Base_SetConfig
                0x0000000008002a98       0xc0 build/stm32f4xx_hal_tim.o
                0x0000000008002a98                TIM_Base_SetConfig
 .text.HAL_TIM_Base_Init
                0x0000000008002b58       0x34 build/stm32f4xx_hal_tim.o
                0x0000000008002b58                HAL_TIM_Base_Init
 .text.HAL_TIMEx_CommutationCallback
                0x0000000008002b8c        0x2 build/stm32f4xx_hal_tim_ex.o
                0x0000000008002b8c                HAL_TIMEx_CommutationCallback
 .text.HAL_TIMEx_BreakCallback
                0x0000000008002b8e        0x2 build/stm32f4xx_hal_tim_ex.o
                0x0000000008002b8e                HAL_TIMEx_BreakCallback
 .text.UART_EndRxTransfer
                0x0000000008002b90       0x1c build/stm32f4xx_hal_uart.o
 .text.UART_Transmit_IT
                0x0000000008002bac       0x64 build/stm32f4xx_hal_uart.o
 .text.UART_SetConfig
                0x0000000008002c10      0x334 build/stm32f4xx_hal_uart.o
 .text.UART_WaitOnFlagUntilTimeout
                0x0000000008002f44       0x62 build/stm32f4xx_hal_uart.o
 .text.HAL_UART_Init
                0x0000000008002fa6       0x5e build/stm32f4xx_hal_uart.o
                0x0000000008002fa6                HAL_UART_Init
 .text.HAL_UART_Transmit
                0x0000000008003004       0xe0 build/stm32f4xx_hal_uart.o
                0x0000000008003004                HAL_UART_Transmit
 .text.HAL_UART_Receive_IT
                0x00000000080030e4       0x52 build/stm32f4xx_hal_uart.o
                0x00000000080030e4                HAL_UART_Receive_IT
 .text.HAL_UART_TxCpltCallback
                0x0000000008003136        0x2 build/stm32f4xx_hal_uart.o
                0x0000000008003136                HAL_UART_TxCpltCallback
 .text.UART_EndTransmit_IT
                0x0000000008003138       0x1a build/stm32f4xx_hal_uart.o
 .text.UART_Receive_IT
                0x0000000008003152       0x92 build/stm32f4xx_hal_uart.o
 .text.HAL_UART_ErrorCallback
                0x00000000080031e4        0x2 build/stm32f4xx_hal_uart.o
                0x00000000080031e4                HAL_UART_ErrorCallback
 *fill*         0x00000000080031e6        0x2 
 .text.HAL_UART_IRQHandler
                0x00000000080031e8      0x120 build/stm32f4xx_hal_uart.o
                0x00000000080031e8                HAL_UART_IRQHandler
 .text.UART_DMAAbortOnError
                0x0000000008003308       0x10 build/stm32f4xx_hal_uart.o
 .text.HAL_RCC_OscConfig
                0x0000000008003318      0x398 build/stm32f4xx_hal_rcc.o
                0x0000000008003318                HAL_RCC_OscConfig
 .text.HAL_RCC_GetSysClockFreq
                0x00000000080036b0       0xd4 build/stm32f4xx_hal_rcc.o
                0x00000000080036b0                HAL_RCC_GetSysClockFreq
 .text.HAL_RCC_ClockConfig
                0x0000000008003784      0x15c build/stm32f4xx_hal_rcc.o
                0x0000000008003784                HAL_RCC_ClockConfig
 .text.HAL_RCC_GetHCLKFreq
                0x00000000080038e0        0xc build/stm32f4xx_hal_rcc.o
                0x00000000080038e0                HAL_RCC_GetHCLKFreq
 .text.HAL_RCC_GetPCLK1Freq
                0x00000000080038ec       0x20 build/stm32f4xx_hal_rcc.o
                0x00000000080038ec                HAL_RCC_GetPCLK1Freq
 .text.HAL_RCC_GetPCLK2Freq
                0x000000000800390c       0x20 build/stm32f4xx_hal_rcc.o
                0x000000000800390c                HAL_RCC_GetPCLK2Freq
 .text.HAL_RCC_GetClockConfig
                0x000000000800392c       0x3c build/stm32f4xx_hal_rcc.o
                0x000000000800392c                HAL_RCC_GetClockConfig
 .text.FLASH_Program_DoubleWord
                0x0000000008003968       0x2c build/stm32f4xx_hal_flash.o
 .text.FLASH_Program_Word
                0x0000000008003994       0x24 build/stm32f4xx_hal_flash.o
 .text.FLASH_Program_HalfWord
                0x00000000080039b8       0x24 build/stm32f4xx_hal_flash.o
 .text.FLASH_Program_Byte
                0x00000000080039dc       0x20 build/stm32f4xx_hal_flash.o
 .text.FLASH_SetErrorCode
                0x00000000080039fc       0x8c build/stm32f4xx_hal_flash.o
 .text.HAL_FLASH_Unlock
                0x0000000008003a88       0x30 build/stm32f4xx_hal_flash.o
                0x0000000008003a88                HAL_FLASH_Unlock
 .text.HAL_FLASH_Lock
                0x0000000008003ab8       0x14 build/stm32f4xx_hal_flash.o
                0x0000000008003ab8                HAL_FLASH_Lock
 .text.FLASH_WaitForLastOperation
                0x0000000008003acc       0x60 build/stm32f4xx_hal_flash.o
                0x0000000008003acc                FLASH_WaitForLastOperation
 .text.HAL_FLASH_Program
                0x0000000008003b2c       0x80 build/stm32f4xx_hal_flash.o
                0x0000000008003b2c                HAL_FLASH_Program
 .text.FLASH_MassErase
                0x0000000008003bac       0x24 build/stm32f4xx_hal_flash_ex.o
 .text.FLASH_Erase_Sector
                0x0000000008003bd0       0x58 build/stm32f4xx_hal_flash_ex.o
                0x0000000008003bd0                FLASH_Erase_Sector
 .text.FLASH_FlushCaches
                0x0000000008003c28       0x60 build/stm32f4xx_hal_flash_ex.o
                0x0000000008003c28                FLASH_FlushCaches
 .text.HAL_FLASHEx_Erase
                0x0000000008003c88       0x94 build/stm32f4xx_hal_flash_ex.o
                0x0000000008003c88                HAL_FLASHEx_Erase
 .text.HAL_GPIO_Init
                0x0000000008003d1c      0x1c8 build/stm32f4xx_hal_gpio.o
                0x0000000008003d1c                HAL_GPIO_Init
 .text.HAL_GPIO_WritePin
                0x0000000008003ee4        0xc build/stm32f4xx_hal_gpio.o
                0x0000000008003ee4                HAL_GPIO_WritePin
 .text.HAL_GPIO_EXTI_Callback
                0x0000000008003ef0        0x2 build/stm32f4xx_hal_gpio.o
                0x0000000008003ef0                HAL_GPIO_EXTI_Callback
 *fill*         0x0000000008003ef2        0x2 
 .text.HAL_GPIO_EXTI_IRQHandler
                0x0000000008003ef4       0x1c build/stm32f4xx_hal_gpio.o
                0x0000000008003ef4                HAL_GPIO_EXTI_IRQHandler
 .text.HAL_DMA_Abort_IT
                0x0000000008003f10       0x26 build/stm32f4xx_hal_dma.o
                0x0000000008003f10                HAL_DMA_Abort_IT
 *fill*         0x0000000008003f36        0x2 
 .text.HAL_NVIC_SetPriorityGrouping
                0x0000000008003f38       0x24 build/stm32f4xx_hal_cortex.o
                0x0000000008003f38                HAL_NVIC_SetPriorityGrouping
 .text.HAL_NVIC_SetPriority
                0x0000000008003f5c       0x68 build/stm32f4xx_hal_cortex.o
                0x0000000008003f5c                HAL_NVIC_SetPriority
 .text.HAL_NVIC_EnableIRQ
                0x0000000008003fc4       0x18 build/stm32f4xx_hal_cortex.o
                0x0000000008003fc4                HAL_NVIC_EnableIRQ
 .text.HAL_Init
                0x0000000008003fdc       0x34 build/stm32f4xx_hal.o
                0x0000000008003fdc                HAL_Init
 .text.HAL_IncTick
                0x0000000008004010       0x18 build/stm32f4xx_hal.o
                0x0000000008004010                HAL_IncTick
 .text.HAL_GetTick
                0x0000000008004028        0xc build/stm32f4xx_hal.o
                0x0000000008004028                HAL_GetTick
 .text.HAL_Delay
                0x0000000008004034       0x28 build/stm32f4xx_hal.o
                0x0000000008004034                HAL_Delay
 .text.SystemInit
                0x000000000800405c       0x4c build/system_stm32f4xx.o
                0x000000000800405c                SystemInit
 .text.vListInitialise
                0x00000000080040a8       0x16 build/list.o
                0x00000000080040a8                vListInitialise
 .text.vListInitialiseItem
                0x00000000080040be        0x6 build/list.o
                0x00000000080040be                vListInitialiseItem
 .text.vListInsertEnd
                0x00000000080040c4       0x16 build/list.o
                0x00000000080040c4                vListInsertEnd
 .text.uxListRemove
                0x00000000080040da       0x24 build/list.o
                0x00000000080040da                uxListRemove
 *fill*         0x00000000080040fe        0x2 
 .text.prvResetNextTaskUnblockTime
                0x0000000008004100       0x2c build/tasks.o
 .text.prvDeleteTCB
                0x000000000800412c       0x12 build/tasks.o
 .text.prvInitialiseNewTask
                0x000000000800413e       0x7e build/tasks.o
 .text.prvInitialiseTaskLists
                0x00000000080041bc       0x68 build/tasks.o
 .text.prvAddNewTaskToReadyList
                0x0000000008004224       0xa8 build/tasks.o
 .text.xTaskCreate
                0x00000000080042cc       0x62 build/tasks.o
                0x00000000080042cc                xTaskCreate
 *fill*         0x000000000800432e        0x2 
 .text.vTaskStartScheduler
                0x0000000008004330       0x7c build/tasks.o
                0x0000000008004330                vTaskStartScheduler
 .text.vTaskSuspendAll
                0x00000000080043ac       0x10 build/tasks.o
                0x00000000080043ac                vTaskSuspendAll
 .text.xTaskIncrementTick
                0x00000000080043bc      0x118 build/tasks.o
                0x00000000080043bc                xTaskIncrementTick
 .text.xTaskResumeAll
                0x00000000080044d4       0xfc build/tasks.o
                0x00000000080044d4                xTaskResumeAll
 .text.prvCheckTasksWaitingTermination
                0x00000000080045d0       0x5c build/tasks.o
 .text.prvIdleTask
                0x000000000800462c       0x28 build/tasks.o
 .text.vTaskSwitchContext
                0x0000000008004654       0x9c build/tasks.o
                0x0000000008004654                vTaskSwitchContext
 .text.makeFreeRtosPriority
                0x00000000080046f0        0xc build/cmsis_os.o
 .text.osKernelStart
                0x00000000080046fc        0xa build/cmsis_os.o
                0x00000000080046fc                osKernelStart
 .text.osThreadCreate
                0x0000000008004706       0x34 build/cmsis_os.o
                0x0000000008004706                osThreadCreate
 *fill*         0x000000000800473a        0x2 
 .text.prvHeapInit
                0x000000000800473c       0x64 build/heap_4.o
 .text.prvInsertBlockIntoFreeList
                0x00000000080047a0       0x58 build/heap_4.o
 .text.pvPortMalloc
                0x00000000080047f8      0x108 build/heap_4.o
                0x00000000080047f8                pvPortMalloc
 .text.vPortFree
                0x0000000008004900       0x70 build/heap_4.o
                0x0000000008004900                vPortFree
 .text.prvTaskExitError
                0x0000000008004970       0x34 build/port.o
 .text.prvPortStartFirstTask
                0x00000000080049a4       0x20 build/port.o
 .text.vPortEnableVFP
                0x00000000080049c4       0x14 build/port.o
 .text.pxPortInitialiseStack
                0x00000000080049d8       0x2c build/port.o
                0x00000000080049d8                pxPortInitialiseStack
 *fill*         0x0000000008004a04        0xc 
 .text.SVC_Handler
                0x0000000008004a10       0x24 build/port.o
                0x0000000008004a10                SVC_Handler
 .text.vPortEnterCritical
                0x0000000008004a34       0x44 build/port.o
                0x0000000008004a34                vPortEnterCritical
 .text.vPortExitCritical
                0x0000000008004a78       0x2c build/port.o
                0x0000000008004a78                vPortExitCritical
 *fill*         0x0000000008004aa4        0xc 
 .text.PendSV_Handler
                0x0000000008004ab0       0x64 build/port.o
                0x0000000008004ab0                PendSV_Handler
 .text.SysTick_Handler
                0x0000000008004b14       0x2c build/port.o
                0x0000000008004b14                SysTick_Handler
 .text.vPortSetupTimerInterrupt
                0x0000000008004b40       0x2c build/port.o
                0x0000000008004b40                vPortSetupTimerInterrupt
 .text.xPortStartScheduler
                0x0000000008004b6c       0xec build/port.o
                0x0000000008004b6c                xPortStartScheduler
 .text.Reset_Handler
                0x0000000008004c58       0x50 build/startup_stm32f407xx.o
                0x0000000008004c58                Reset_Handler
 .text.Default_Handler
                0x0000000008004ca8        0x2 build/startup_stm32f407xx.o
                0x0000000008004ca8                DMA1_Stream3_IRQHandler
                0x0000000008004ca8                HASH_RNG_IRQHandler
                0x0000000008004ca8                EXTI2_IRQHandler
                0x0000000008004ca8                TIM8_CC_IRQHandler
                0x0000000008004ca8                TIM1_CC_IRQHandler
                0x0000000008004ca8                DMA2_Stream5_IRQHandler
                0x0000000008004ca8                DMA1_Stream5_IRQHandler
                0x0000000008004ca8                PVD_IRQHandler
                0x0000000008004ca8                SDIO_IRQHandler
                0x0000000008004ca8                TAMP_STAMP_IRQHandler
                0x0000000008004ca8                CAN2_RX1_IRQHandler
                0x0000000008004ca8                EXTI3_IRQHandler
                0x0000000008004ca8                TIM1_UP_TIM10_IRQHandler
                0x0000000008004ca8                TIM8_UP_TIM13_IRQHandler
                0x0000000008004ca8                I2C3_ER_IRQHandler
                0x0000000008004ca8                I2C2_EV_IRQHandler
                0x0000000008004ca8                DMA1_Stream2_IRQHandler
                0x0000000008004ca8                CAN1_RX0_IRQHandler
                0x0000000008004ca8                FPU_IRQHandler
                0x0000000008004ca8                OTG_HS_WKUP_IRQHandler
                0x0000000008004ca8                CAN2_SCE_IRQHandler
                0x0000000008004ca8                DMA2_Stream2_IRQHandler
                0x0000000008004ca8                SPI1_IRQHandler
                0x0000000008004ca8                TIM6_DAC_IRQHandler
                0x0000000008004ca8                TIM1_BRK_TIM9_IRQHandler
                0x0000000008004ca8                DCMI_IRQHandler
                0x0000000008004ca8                CAN2_RX0_IRQHandler
                0x0000000008004ca8                DMA2_Stream3_IRQHandler
                0x0000000008004ca8                USART6_IRQHandler
                0x0000000008004ca8                CAN1_RX1_IRQHandler
                0x0000000008004ca8                UART5_IRQHandler
                0x0000000008004ca8                DMA2_Stream0_IRQHandler
                0x0000000008004ca8                TIM4_IRQHandler
                0x0000000008004ca8                I2C1_EV_IRQHandler
                0x0000000008004ca8                DMA1_Stream6_IRQHandler
                0x0000000008004ca8                DMA1_Stream1_IRQHandler
                0x0000000008004ca8                UART4_IRQHandler
                0x0000000008004ca8                TIM3_IRQHandler
                0x0000000008004ca8                RCC_IRQHandler
                0x0000000008004ca8                TIM8_BRK_TIM12_IRQHandler
                0x0000000008004ca8                Default_Handler
                0x0000000008004ca8                EXTI15_10_IRQHandler
                0x0000000008004ca8                ADC_IRQHandler
                0x0000000008004ca8                DMA1_Stream7_IRQHandler
                0x0000000008004ca8                TIM7_IRQHandler
                0x0000000008004ca8                CAN2_TX_IRQHandler
                0x0000000008004ca8                TIM5_IRQHandler
                0x0000000008004ca8                DMA2_Stream7_IRQHandler
                0x0000000008004ca8                I2C3_EV_IRQHandler
                0x0000000008004ca8                EXTI9_5_IRQHandler
                0x0000000008004ca8                RTC_WKUP_IRQHandler
                0x0000000008004ca8                ETH_WKUP_IRQHandler
                0x0000000008004ca8                SPI2_IRQHandler
                0x0000000008004ca8                OTG_HS_EP1_IN_IRQHandler
                0x0000000008004ca8                DMA1_Stream0_IRQHandler
                0x0000000008004ca8                CAN1_TX_IRQHandler
                0x0000000008004ca8                EXTI4_IRQHandler
                0x0000000008004ca8                FSMC_IRQHandler
                0x0000000008004ca8                ETH_IRQHandler
                0x0000000008004ca8                OTG_HS_EP1_OUT_IRQHandler
                0x0000000008004ca8                WWDG_IRQHandler
                0x0000000008004ca8                TIM2_IRQHandler
                0x0000000008004ca8                OTG_FS_WKUP_IRQHandler
                0x0000000008004ca8                TIM1_TRG_COM_TIM11_IRQHandler
                0x0000000008004ca8                OTG_HS_IRQHandler
                0x0000000008004ca8                EXTI1_IRQHandler
                0x0000000008004ca8                I2C2_ER_IRQHandler
                0x0000000008004ca8                DMA2_Stream1_IRQHandler
                0x0000000008004ca8                CAN1_SCE_IRQHandler
                0x0000000008004ca8                FLASH_IRQHandler
                0x0000000008004ca8                DMA2_Stream4_IRQHandler
                0x0000000008004ca8                USART1_IRQHandler
                0x0000000008004ca8                OTG_FS_IRQHandler
                0x0000000008004ca8                SPI3_IRQHandler
                0x0000000008004ca8                DMA1_Stream4_IRQHandler
                0x0000000008004ca8                I2C1_ER_IRQHandler
                0x0000000008004ca8                DMA2_Stream6_IRQHandler
                0x0000000008004ca8                RTC_Alarm_IRQHandler
 *fill*         0x0000000008004caa        0x2 
 .text.__libc_init_array
                0x0000000008004cac       0x48 /usr/local/Cellar/arm-gcc-bin/8-2018-q4-major/bin/../lib/gcc/arm-none-eabi/8.2.1/../../../../arm-none-eabi/lib/thumb/v7e-m+fp/hard/libc_nano.a(lib_a-init.o)
                0x0000000008004cac                __libc_init_array
 .text.memcpy   0x0000000008004cf4       0x1c /usr/local/Cellar/arm-gcc-bin/8-2018-q4-major/bin/../lib/gcc/arm-none-eabi/8.2.1/../../../../arm-none-eabi/lib/thumb/v7e-m+fp/hard/libc_nano.a(lib_a-memcpy-stub.o)
                0x0000000008004cf4                memcpy
 .text.memset   0x0000000008004d10       0x10 /usr/local/Cellar/arm-gcc-bin/8-2018-q4-major/bin/../lib/gcc/arm-none-eabi/8.2.1/../../../../arm-none-eabi/lib/thumb/v7e-m+fp/hard/libc_nano.a(lib_a-memset.o)
                0x0000000008004d10                memset
 .text.sprintf  0x0000000008004d20       0x40 /usr/local/Cellar/arm-gcc-bin/8-2018-q4-major/bin/../lib/gcc/arm-none-eabi/8.2.1/../../../../arm-none-eabi/lib/thumb/v7e-m+fp/hard/libc_nano.a(lib_a-sprintf.o)
                0x0000000008004d20                sprintf
                0x0000000008004d20                siprintf
 .text.__ssputs_r
                0x0000000008004d60       0xb6 /usr/local/Cellar/arm-gcc-bin/8-2018-q4-major/bin/../lib/gcc/arm-none-eabi/8.2.1/../../../../arm-none-eabi/lib/thumb/v7e-m+fp/hard/libc_nano.a(lib_a-nano-svfprintf.o)
                0x0000000008004d60                __ssputs_r
 *fill*         0x0000000008004e16        0x2 
 .text._svfprintf_r
                0x0000000008004e18      0x1f0 /usr/local/Cellar/arm-gcc-bin/8-2018-q4-major/bin/../lib/gcc/arm-none-eabi/8.2.1/../../../../arm-none-eabi/lib/thumb/v7e-m+fp/hard/libc_nano.a(lib_a-nano-svfprintf.o)
                0x0000000008004e18                _svfprintf_r
                0x0000000008004e18                _svfiprintf_r
 .text._printf_common
                0x0000000008005008       0xea /usr/local/Cellar/arm-gcc-bin/8-2018-q4-major/bin/../lib/gcc/arm-none-eabi/8.2.1/../../../../arm-none-eabi/lib/thumb/v7e-m+fp/hard/libc_nano.a(lib_a-nano-vfprintf_i.o)
                0x0000000008005008                _printf_common
 *fill*         0x00000000080050f2        0x2 
 .text._printf_i
                0x00000000080050f4      0x228 /usr/local/Cellar/arm-gcc-bin/8-2018-q4-major/bin/../lib/gcc/arm-none-eabi/8.2.1/../../../../arm-none-eabi/lib/thumb/v7e-m+fp/hard/libc_nano.a(lib_a-nano-vfprintf_i.o)
                0x00000000080050f4                _printf_i
 .text.memmove  0x000000000800531c       0x34 /usr/local/Cellar/arm-gcc-bin/8-2018-q4-major/bin/../lib/gcc/arm-none-eabi/8.2.1/../../../../arm-none-eabi/lib/thumb/v7e-m+fp/hard/libc_nano.a(lib_a-memmove.o)
                0x000000000800531c                memmove
 .text._free_r  0x0000000008005350       0x9c /usr/local/Cellar/arm-gcc-bin/8-2018-q4-major/bin/../lib/gcc/arm-none-eabi/8.2.1/../../../../arm-none-eabi/lib/thumb/v7e-m+fp/hard/libc_nano.a(lib_a-nano-freer.o)
                0x0000000008005350                _free_r
 .text._malloc_r
                0x00000000080053ec       0xb4 /usr/local/Cellar/arm-gcc-bin/8-2018-q4-major/bin/../lib/gcc/arm-none-eabi/8.2.1/../../../../arm-none-eabi/lib/thumb/v7e-m+fp/hard/libc_nano.a(lib_a-nano-mallocr.o)
                0x00000000080053ec                _malloc_r
 .text._realloc_r
                0x00000000080054a0       0x4c /usr/local/Cellar/arm-gcc-bin/8-2018-q4-major/bin/../lib/gcc/arm-none-eabi/8.2.1/../../../../arm-none-eabi/lib/thumb/v7e-m+fp/hard/libc_nano.a(lib_a-nano-reallocr.o)
                0x00000000080054a0                _realloc_r
 .text._sbrk_r  0x00000000080054ec       0x20 /usr/local/Cellar/arm-gcc-bin/8-2018-q4-major/bin/../lib/gcc/arm-none-eabi/8.2.1/../../../../arm-none-eabi/lib/thumb/v7e-m+fp/hard/libc_nano.a(lib_a-sbrkr.o)
                0x00000000080054ec                _sbrk_r
 .text.__malloc_lock
                0x000000000800550c        0xc /usr/local/Cellar/arm-gcc-bin/8-2018-q4-major/bin/../lib/gcc/arm-none-eabi/8.2.1/../../../../arm-none-eabi/lib/thumb/v7e-m+fp/hard/libc_nano.a(lib_a-mlock.o)
                0x000000000800550c                __malloc_lock
 .text.__malloc_unlock
                0x0000000008005518        0xc /usr/local/Cellar/arm-gcc-bin/8-2018-q4-major/bin/../lib/gcc/arm-none-eabi/8.2.1/../../../../arm-none-eabi/lib/thumb/v7e-m+fp/hard/libc_nano.a(lib_a-mlock.o)
                0x0000000008005518                __malloc_unlock
 .text._malloc_usable_size_r
                0x0000000008005524       0x10 /usr/local/Cellar/arm-gcc-bin/8-2018-q4-major/bin/../lib/gcc/arm-none-eabi/8.2.1/../../../../arm-none-eabi/lib/thumb/v7e-m+fp/hard/libc_nano.a(lib_a-nano-msizer.o)
                0x0000000008005524                _malloc_usable_size_r
 .text.__retarget_lock_acquire_recursive
                0x0000000008005534        0x2 /usr/local/Cellar/arm-gcc-bin/8-2018-q4-major/bin/../lib/gcc/arm-none-eabi/8.2.1/../../../../arm-none-eabi/lib/thumb/v7e-m+fp/hard/libc_nano.a(lib_a-lock.o)
                0x0000000008005534                __retarget_lock_acquire_recursive
 .text.__retarget_lock_release_recursive
                0x0000000008005536        0x2 /usr/local/Cellar/arm-gcc-bin/8-2018-q4-major/bin/../lib/gcc/arm-none-eabi/8.2.1/../../../../arm-none-eabi/lib/thumb/v7e-m+fp/hard/libc_nano.a(lib_a-lock.o)
                0x0000000008005536                __retarget_lock_release_recursive
 .text._sbrk    0x0000000008005538       0x1c /usr/local/Cellar/arm-gcc-bin/8-2018-q4-major/bin/../lib/gcc/arm-none-eabi/8.2.1/../../../../arm-none-eabi/lib/thumb/v7e-m+fp/hard/libnosys.a(sbrk.o)
                0x0000000008005538                _sbrk
 *(.glue_7)
 .glue_7        0x0000000008005554        0x0 linker stubs
 *(.glue_7t)
 .glue_7t       0x0000000008005554        0x0 linker stubs
 *(.eh_frame)
 .eh_frame      0x0000000008005554        0x0 /usr/local/Cellar/arm-gcc-bin/8-2018-q4-major/bin/../lib/gcc/arm-none-eabi/8.2.1/thumb/v7e-m+fp/hard/crtbegin.o
 *(.init)
 .init          0x0000000008005554        0x4 /usr/local/Cellar/arm-gcc-bin/8-2018-q4-major/bin/../lib/gcc/arm-none-eabi/8.2.1/thumb/v7e-m+fp/hard/crti.o
                0x0000000008005554                _init
 .init          0x0000000008005558        0x8 /usr/local/Cellar/arm-gcc-bin/8-2018-q4-major/bin/../lib/gcc/arm-none-eabi/8.2.1/thumb/v7e-m+fp/hard/crtn.o
 *(.fini)
 .fini          0x0000000008005560        0x4 /usr/local/Cellar/arm-gcc-bin/8-2018-q4-major/bin/../lib/gcc/arm-none-eabi/8.2.1/thumb/v7e-m+fp/hard/crti.o
                0x0000000008005560                _fini
 .fini          0x0000000008005564        0x8 /usr/local/Cellar/arm-gcc-bin/8-2018-q4-major/bin/../lib/gcc/arm-none-eabi/8.2.1/thumb/v7e-m+fp/hard/crtn.o
                0x000000000800556c                . = ALIGN (0x4)
                0x000000000800556c                _etext = .

.vfp11_veneer   0x000000000800556c        0x0
 .vfp11_veneer  0x000000000800556c        0x0 linker stubs

.v4_bx          0x000000000800556c        0x0
 .v4_bx         0x000000000800556c        0x0 linker stubs

.iplt           0x000000000800556c        0x0
 .iplt          0x000000000800556c        0x0 /usr/local/Cellar/arm-gcc-bin/8-2018-q4-major/bin/../lib/gcc/arm-none-eabi/8.2.1/thumb/v7e-m+fp/hard/crtbegin.o

.rodata         0x000000000800556c      0x7a4
                0x000000000800556c                . = ALIGN (0x4)
 *(.rodata)
 .rodata        0x000000000800556c       0x14 build/main.o
 *(.rodata*)
 .rodata.EEPROM_AddContact.str1.4
                0x0000000008005580       0x81 build/main.o
 *fill*         0x0000000008005601        0x3 
 .rodata.EEPROM_GetName.str1.4
                0x0000000008005604       0x6e build/main.o
 *fill*         0x0000000008005672        0x2 
 .rodata.EEPROM_GetNumber.str1.4
                0x0000000008005674       0x6c build/main.o
 .rodata.EEPROM_Init.str1.4
                0x00000000080056e0       0x17 build/main.o
 *fill*         0x00000000080056f7        0x1 
 .rodata.EEPROM_ListContacts.str1.4
                0x00000000080056f8       0x33 build/main.o
                                         0x37 (size before relaxing)
 *fill*         0x000000000800572b        0x1 
 .rodata.ESP_HandleCall.str1.4
                0x000000000800572c       0x26 build/main.o
 *fill*         0x0000000008005752        0x2 
 .rodata.ESP_HandleContact.str1.4
                0x0000000008005754       0x1a build/main.o
 *fill*         0x000000000800576e        0x2 
 .rodata.ESP_HandleEndCall.str1.4
                0x0000000008005770       0x2f build/main.o
 *fill*         0x000000000800579f        0x1 
 .rodata.ESP_HandleErase.str1.4
                0x00000000080057a0       0x47 build/main.o
 *fill*         0x00000000080057e7        0x1 
 .rodata.ESP_HandleHeaderParam.str1.4
                0x00000000080057e8      0x1ad build/main.o
 *fill*         0x0000000008005995        0x3 
 .rodata.ESP_HandleRequset.str1.4
                0x0000000008005998       0x28 build/main.o
                                         0x44 (size before relaxing)
 .rodata.ESP_HandleSMS.str1.4
                0x00000000080059c0       0x26 build/main.o
 *fill*         0x00000000080059e6        0x2 
 .rodata.ESP_Init.str1.4
                0x00000000080059e8       0x6c build/main.o
 .rodata.ESP_SendCall.str1.4
                0x0000000008005a54       0x19 build/main.o
 *fill*         0x0000000008005a6d        0x3 
 .rodata.ESP_SendContact.str1.4
                0x0000000008005a70       0x5a build/main.o
 *fill*         0x0000000008005aca        0x2 
 .rodata.ESP_SendError.str1.4
                0x0000000008005acc       0x1a build/main.o
 *fill*         0x0000000008005ae6        0x2 
 .rodata.ESP_SendIndex.str1.4
                0x0000000008005ae8       0x41 build/main.o
 *fill*         0x0000000008005b29        0x3 
 .rodata.ESP_SendSMS.str1.4
                0x0000000008005b2c       0x18 build/main.o
 .rodata.ESP_SendSuccess.str1.4
                0x0000000008005b44       0x1c build/main.o
 .rodata.ESP_SendTalking.str1.4
                0x0000000008005b60       0x1c build/main.o
 .rodata.Error_Handler.str1.4
                0x0000000008005b7c       0x47 build/main.o
 *fill*         0x0000000008005bc3        0x1 
 .rodata.SIMCOM_EndCall.str1.4
                0x0000000008005bc4        0x6 build/main.o
 *fill*         0x0000000008005bca        0x2 
 .rodata.SIMCOM_Init.str1.4
                0x0000000008005bcc       0x2e build/main.o
 *fill*         0x0000000008005bfa        0x2 
 .rodata.SIMCOM_MakeCall.str1.4
                0x0000000008005bfc        0x9 build/main.o
 *fill*         0x0000000008005c05        0x3 
 .rodata.SIMCOM_SendSMS.str1.4
                0x0000000008005c08       0x1f build/main.o
                                         0x27 (size before relaxing)
 *fill*         0x0000000008005c27        0x1 
 .rodata.main.str1.4
                0x0000000008005c28       0x87 build/main.o
 *fill*         0x0000000008005caf        0x1 
 .rodata.str1.4
                0x0000000008005cb0        0xc build/main.o
 .rodata.AHBPrescTable
                0x0000000008005cbc       0x10 build/system_stm32f4xx.o
                0x0000000008005cbc                AHBPrescTable
 .rodata.APBPrescTable
                0x0000000008005ccc        0x8 build/system_stm32f4xx.o
                0x0000000008005ccc                APBPrescTable
 .rodata.vTaskStartScheduler.str1.4
                0x0000000008005cd4        0x8 build/tasks.o
                                          0x5 (size before relaxing)
 .rodata._svfprintf_r.str1.1
                0x0000000008005cdc       0x11 /usr/local/Cellar/arm-gcc-bin/8-2018-q4-major/bin/../lib/gcc/arm-none-eabi/8.2.1/../../../../arm-none-eabi/lib/thumb/v7e-m+fp/hard/libc_nano.a(lib_a-nano-svfprintf.o)
 .rodata._printf_i.str1.1
                0x0000000008005ced       0x22 /usr/local/Cellar/arm-gcc-bin/8-2018-q4-major/bin/../lib/gcc/arm-none-eabi/8.2.1/../../../../arm-none-eabi/lib/thumb/v7e-m+fp/hard/libc_nano.a(lib_a-nano-vfprintf_i.o)
                0x0000000008005d10                . = ALIGN (0x4)
 *fill*         0x0000000008005d0f        0x1 

.ARM.extab
 *(.ARM.extab* .gnu.linkonce.armextab.*)

.ARM            0x0000000008005d10        0x8
                0x0000000008005d10                __exidx_start = .
 *(.ARM.exidx*)
 .ARM.exidx     0x0000000008005d10        0x8 /usr/local/Cellar/arm-gcc-bin/8-2018-q4-major/bin/../lib/gcc/arm-none-eabi/8.2.1/thumb/v7e-m+fp/hard/libgcc.a(_udivmoddi4.o)
                0x0000000008005d18                __exidx_end = .

.rel.dyn        0x0000000008005d18        0x0
 .rel.iplt      0x0000000008005d18        0x0 /usr/local/Cellar/arm-gcc-bin/8-2018-q4-major/bin/../lib/gcc/arm-none-eabi/8.2.1/thumb/v7e-m+fp/hard/crtbegin.o

.preinit_array  0x0000000008005d18        0x0
                0x0000000008005d18                PROVIDE (__preinit_array_start = .)
 *(.preinit_array*)
                0x0000000008005d18                PROVIDE (__preinit_array_end = .)

.init_array     0x0000000008005d18        0x4
                0x0000000008005d18                PROVIDE (__init_array_start = .)
 *(SORT_BY_NAME(.init_array.*))
 *(.init_array*)
 .init_array    0x0000000008005d18        0x4 /usr/local/Cellar/arm-gcc-bin/8-2018-q4-major/bin/../lib/gcc/arm-none-eabi/8.2.1/thumb/v7e-m+fp/hard/crtbegin.o
                0x0000000008005d1c                PROVIDE (__init_array_end = .)

.fini_array     0x0000000008005d1c        0x4
                [!provide]                        PROVIDE (__fini_array_start = .)
 *(SORT_BY_NAME(.fini_array.*))
 *(.fini_array*)
 .fini_array    0x0000000008005d1c        0x4 /usr/local/Cellar/arm-gcc-bin/8-2018-q4-major/bin/../lib/gcc/arm-none-eabi/8.2.1/thumb/v7e-m+fp/hard/crtbegin.o
                [!provide]                        PROVIDE (__fini_array_end = .)
                0x0000000008005d20                _sidata = LOADADDR (.data)

.data           0x0000000020000000     0x1940 load address 0x0000000008005d20
                0x0000000020000000                . = ALIGN (0x4)
                0x0000000020000000                _sdata = .
 *(.data)
 *(.data*)
 .data.CallPage
                0x0000000020000000      0x31d build/main.o
                0x0000000020000000                CallPage
 *fill*         0x000000002000031d        0x3 
 .data.ContactPage1
                0x0000000020000320      0x473 build/main.o
                0x0000000020000320                ContactPage1
 *fill*         0x0000000020000793        0x1 
 .data.ContactPage2
                0x0000000020000794      0x149 build/main.o
                0x0000000020000794                ContactPage2
 *fill*         0x00000000200008dd        0x3 
 .data.ErrorPage1
                0x00000000200008e0      0x1ad build/main.o
                0x00000000200008e0                ErrorPage1
 *fill*         0x0000000020000a8d        0x3 
 .data.ErrorPage2
                0x0000000020000a90      0x1f0 build/main.o
                0x0000000020000a90                ErrorPage2
 .data.IndexPage
                0x0000000020000c80      0x2db build/main.o
                0x0000000020000c80                IndexPage
 *fill*         0x0000000020000f5b        0x1 
 .data.SMSPage  0x0000000020000f5c      0x42a build/main.o
                0x0000000020000f5c                SMSPage
 *fill*         0x0000000020001386        0x2 
 .data.SuccessPage
                0x0000000020001388      0x380 build/main.o
                0x0000000020001388                SuccessPage
 .data.TalkingPage
                0x0000000020001708      0x1c1 build/main.o
                0x0000000020001708                TalkingPage
 *fill*         0x00000000200018c9        0x3 
 .data.VirtAddVarTab
                0x00000000200018cc        0x6 build/main.o
                0x00000000200018cc                VirtAddVarTab
 .data.clientNumber
                0x00000000200018d2        0x1 build/main.o
                0x00000000200018d2                clientNumber
 .data.uwTickFreq
                0x00000000200018d3        0x1 build/stm32f4xx_hal.o
                0x00000000200018d3                uwTickFreq
 .data.SystemCoreClock
                0x00000000200018d4        0x4 build/system_stm32f4xx.o
                0x00000000200018d4                SystemCoreClock
 .data.uxCriticalNesting
                0x00000000200018d8        0x4 build/port.o
 .data._impure_ptr
                0x00000000200018dc        0x4 /usr/local/Cellar/arm-gcc-bin/8-2018-q4-major/bin/../lib/gcc/arm-none-eabi/8.2.1/../../../../arm-none-eabi/lib/thumb/v7e-m+fp/hard/libc_nano.a(lib_a-impure.o)
                0x00000000200018dc                _impure_ptr
 .data.impure_data
                0x00000000200018e0       0x60 /usr/local/Cellar/arm-gcc-bin/8-2018-q4-major/bin/../lib/gcc/arm-none-eabi/8.2.1/../../../../arm-none-eabi/lib/thumb/v7e-m+fp/hard/libc_nano.a(lib_a-impure.o)
                0x0000000020001940                . = ALIGN (0x4)
                0x0000000020001940                _edata = .
                0x0000000008007660                _siccmram = LOADADDR (.ccmram)

.igot.plt       0x0000000020001940        0x0 load address 0x0000000008007660
 .igot.plt      0x0000000020001940        0x0 /usr/local/Cellar/arm-gcc-bin/8-2018-q4-major/bin/../lib/gcc/arm-none-eabi/8.2.1/thumb/v7e-m+fp/hard/crtbegin.o

.ccmram         0x0000000010000000        0x0 load address 0x0000000008007660
                0x0000000010000000                . = ALIGN (0x4)
                0x0000000010000000                _sccmram = .
 *(.ccmram)
 *(.ccmram*)
                0x0000000010000000                . = ALIGN (0x4)
                0x0000000010000000                _eccmram = .
                0x0000000010000000                . = ALIGN (0x4)

.bss            0x0000000020001940     0x4160
                0x0000000020001940                _sbss = .
                0x0000000020001940                __bss_start__ = _sbss
 *(.bss)
 .bss           0x0000000020001940       0x1c /usr/local/Cellar/arm-gcc-bin/8-2018-q4-major/bin/../lib/gcc/arm-none-eabi/8.2.1/thumb/v7e-m+fp/hard/crtbegin.o
 *(.bss*)
 .bss.ContactCount
                0x000000002000195c        0x2 build/main.o
                0x000000002000195c                ContactCount
 .bss.RequestHeaderCounter
                0x000000002000195e        0x1 build/main.o
                0x000000002000195e                RequestHeaderCounter
 .bss.ready     0x000000002000195f        0x1 build/main.o
                0x000000002000195f                ready
 .bss.request   0x0000000020001960        0x1 build/main.o
                0x0000000020001960                request
 .bss.rxCounter
                0x0000000020001961        0x1 build/main.o
                0x0000000020001961                rxCounter
 .bss.DataVar   0x0000000020001962        0x2 build/eeprom.o
                0x0000000020001962                DataVar
 .bss.pxCurrentTCB
                0x0000000020001964        0x4 build/tasks.o
                0x0000000020001964                pxCurrentTCB
 .bss.pxDelayedTaskList
                0x0000000020001968        0x4 build/tasks.o
 .bss.pxOverflowDelayedTaskList
                0x000000002000196c        0x4 build/tasks.o
 .bss.pxReadyTasksLists
                0x0000000020001970       0x8c build/tasks.o
 .bss.uxCurrentNumberOfTasks
                0x00000000200019fc        0x4 build/tasks.o
 .bss.uxDeletedTasksWaitingCleanUp
                0x0000000020001a00        0x4 build/tasks.o
 .bss.uxPendedTicks
                0x0000000020001a04        0x4 build/tasks.o
 .bss.uxSchedulerSuspended
                0x0000000020001a08        0x4 build/tasks.o
 .bss.uxTaskNumber
                0x0000000020001a0c        0x4 build/tasks.o
 .bss.uxTopReadyPriority
                0x0000000020001a10        0x4 build/tasks.o
 .bss.xDelayedTaskList1
                0x0000000020001a14       0x14 build/tasks.o
 .bss.xDelayedTaskList2
                0x0000000020001a28       0x14 build/tasks.o
 .bss.xIdleTaskHandle
                0x0000000020001a3c        0x4 build/tasks.o
 .bss.xNextTaskUnblockTime
                0x0000000020001a40        0x4 build/tasks.o
 .bss.xNumOfOverflows
                0x0000000020001a44        0x4 build/tasks.o
 .bss.xPendingReadyList
                0x0000000020001a48       0x14 build/tasks.o
 .bss.xSchedulerRunning
                0x0000000020001a5c        0x4 build/tasks.o
 .bss.xSuspendedTaskList
                0x0000000020001a60       0x14 build/tasks.o
 .bss.xTasksWaitingTermination
                0x0000000020001a74       0x14 build/tasks.o
 .bss.xTickCount
                0x0000000020001a88        0x4 build/tasks.o
 .bss.xYieldPending
                0x0000000020001a8c        0x4 build/tasks.o
 .bss.pxEnd     0x0000000020001a90        0x4 build/heap_4.o
 .bss.ucHeap    0x0000000020001a94     0x3c00 build/heap_4.o
 .bss.xBlockAllocatedBit
                0x0000000020005694        0x4 build/heap_4.o
 .bss.xFreeBytesRemaining
                0x0000000020005698        0x4 build/heap_4.o
 .bss.xMinimumEverFreeBytesRemaining
                0x000000002000569c        0x4 build/heap_4.o
 .bss.xStart    0x00000000200056a0        0x8 build/heap_4.o
 .bss.ucMaxSysCallPriority
                0x00000000200056a8        0x1 build/port.o
 *fill*         0x00000000200056a9        0x3 
 .bss.ulMaxPRIGROUPValue
                0x00000000200056ac        0x4 build/port.o
 .bss.__malloc_free_list
                0x00000000200056b0        0x4 /usr/local/Cellar/arm-gcc-bin/8-2018-q4-major/bin/../lib/gcc/arm-none-eabi/8.2.1/../../../../arm-none-eabi/lib/thumb/v7e-m+fp/hard/libc_nano.a(lib_a-nano-mallocr.o)
                0x00000000200056b0                __malloc_free_list
 .bss.__malloc_sbrk_start
                0x00000000200056b4        0x4 /usr/local/Cellar/arm-gcc-bin/8-2018-q4-major/bin/../lib/gcc/arm-none-eabi/8.2.1/../../../../arm-none-eabi/lib/thumb/v7e-m+fp/hard/libc_nano.a(lib_a-nano-mallocr.o)
                0x00000000200056b4                __malloc_sbrk_start
 .bss.heap_end.5501
                0x00000000200056b8        0x4 /usr/local/Cellar/arm-gcc-bin/8-2018-q4-major/bin/../lib/gcc/arm-none-eabi/8.2.1/../../../../arm-none-eabi/lib/thumb/v7e-m+fp/hard/libnosys.a(sbrk.o)
 *(COMMON)
 COMMON         0x00000000200056bc      0x372 build/main.o
                0x00000000200056bc                defaultTaskHandle
                0x00000000200056c0                huart3
                0x0000000020005700                RequestHeader
                0x0000000020005732                TextLength
                0x0000000020005734                ReadAddr
                0x0000000020005738                ContactName
                0x0000000020005744                EspRxArray
                0x00000000200058d4                buffer
                0x0000000020005910                ContactNumber
                0x000000002000591c                ContactNameTemp
                0x0000000020005928                huart6
                0x0000000020005968                ContactNumberTemp
                0x0000000020005974                EspRxBuffer
                0x0000000020005978                huart2
                0x00000000200059b8                ErrorTextLength
                0x00000000200059ba                WriteAddr
                0x00000000200059bc                ErrorText
                0x00000000200059f8                ContactNameLength
                0x00000000200059fc                TextMessage
 *fill*         0x0000000020005a2e        0x2 
 COMMON         0x0000000020005a30       0x3c build/stm32f4xx_hal_timebase_tim.o
                0x0000000020005a30                htim14
 COMMON         0x0000000020005a6c       0x20 build/stm32f4xx_hal_flash.o
                0x0000000020005a6c                pFlash
 COMMON         0x0000000020005a8c        0x4 build/stm32f4xx_hal.o
                0x0000000020005a8c                uwTick
 COMMON         0x0000000020005a90        0x4 /usr/local/Cellar/arm-gcc-bin/8-2018-q4-major/bin/../lib/gcc/arm-none-eabi/8.2.1/../../../../arm-none-eabi/lib/thumb/v7e-m+fp/hard/libc_nano.a(lib_a-reent.o)
                0x0000000020005a90                errno
 COMMON         0x0000000020005a94        0x9 /usr/local/Cellar/arm-gcc-bin/8-2018-q4-major/bin/../lib/gcc/arm-none-eabi/8.2.1/../../../../arm-none-eabi/lib/thumb/v7e-m+fp/hard/libc_nano.a(lib_a-lock.o)
                0x0000000020005a94                __lock___atexit_recursive_mutex
                0x0000000020005a95                __lock___arc4random_mutex
                0x0000000020005a96                __lock___env_recursive_mutex
                0x0000000020005a97                __lock___sinit_recursive_mutex
                0x0000000020005a98                __lock___malloc_recursive_mutex
                0x0000000020005a99                __lock___at_quick_exit_mutex
                0x0000000020005a9a                __lock___dd_hash_mutex
                0x0000000020005a9b                __lock___tz_mutex
                0x0000000020005a9c                __lock___sfp_recursive_mutex
                0x0000000020005aa0                . = ALIGN (0x4)
 *fill*         0x0000000020005a9d        0x3 
                0x0000000020005aa0                _ebss = .
                0x0000000020005aa0                __bss_end__ = _ebss

._user_heap_stack
                0x0000000020005aa0      0x600
                0x0000000020005aa0                . = ALIGN (0x8)
                0x0000000020005aa0                PROVIDE (end = .)
                [!provide]                        PROVIDE (_end = .)
                0x0000000020005ca0                . = (. + _Min_Heap_Size)
 *fill*         0x0000000020005aa0      0x200 
                0x00000000200060a0                . = (. + _Min_Stack_Size)
 *fill*         0x0000000020005ca0      0x400 
                0x00000000200060a0                . = ALIGN (0x8)

/DISCARD/
 libc.a(*)
 libm.a(*)
 libgcc.a(*)

.ARM.attributes
                0x0000000000000000       0x30
 *(.ARM.attributes)
 .ARM.attributes
                0x0000000000000000       0x1e /usr/local/Cellar/arm-gcc-bin/8-2018-q4-major/bin/../lib/gcc/arm-none-eabi/8.2.1/thumb/v7e-m+fp/hard/crti.o
 .ARM.attributes
                0x000000000000001e       0x34 /usr/local/Cellar/arm-gcc-bin/8-2018-q4-major/bin/../lib/gcc/arm-none-eabi/8.2.1/thumb/v7e-m+fp/hard/crtbegin.o
 .ARM.attributes
                0x0000000000000052       0x34 build/main.o
 .ARM.attributes
                0x0000000000000086       0x34 build/eeprom.o
 .ARM.attributes
                0x00000000000000ba       0x34 build/stm32f4xx_it.o
 .ARM.attributes
                0x00000000000000ee       0x34 build/stm32f4xx_hal_msp.o
 .ARM.attributes
                0x0000000000000122       0x34 build/stm32f4xx_hal_timebase_tim.o
 .ARM.attributes
                0x0000000000000156       0x34 build/stm32f4xx_hal_tim.o
 .ARM.attributes
                0x000000000000018a       0x34 build/stm32f4xx_hal_tim_ex.o
 .ARM.attributes
                0x00000000000001be       0x34 build/stm32f4xx_hal_uart.o
 .ARM.attributes
                0x00000000000001f2       0x34 build/stm32f4xx_hal_rcc.o
 .ARM.attributes
                0x0000000000000226       0x34 build/stm32f4xx_hal_flash.o
 .ARM.attributes
                0x000000000000025a       0x34 build/stm32f4xx_hal_flash_ex.o
 .ARM.attributes
                0x000000000000028e       0x34 build/stm32f4xx_hal_gpio.o
 .ARM.attributes
                0x00000000000002c2       0x34 build/stm32f4xx_hal_dma.o
 .ARM.attributes
                0x00000000000002f6       0x34 build/stm32f4xx_hal_cortex.o
 .ARM.attributes
                0x000000000000032a       0x34 build/stm32f4xx_hal.o
 .ARM.attributes
                0x000000000000035e       0x34 build/system_stm32f4xx.o
 .ARM.attributes
                0x0000000000000392       0x34 build/list.o
 .ARM.attributes
                0x00000000000003c6       0x34 build/tasks.o
 .ARM.attributes
                0x00000000000003fa       0x34 build/cmsis_os.o
 .ARM.attributes
                0x000000000000042e       0x34 build/heap_4.o
 .ARM.attributes
                0x0000000000000462       0x34 build/port.o
 .ARM.attributes
                0x0000000000000496       0x21 build/startup_stm32f407xx.o
 .ARM.attributes
                0x00000000000004b7       0x32 /usr/local/Cellar/arm-gcc-bin/8-2018-q4-major/bin/../lib/gcc/arm-none-eabi/8.2.1/../../../../arm-none-eabi/lib/thumb/v7e-m+fp/hard/libc_nano.a(lib_a-impure.o)
 .ARM.attributes
                0x00000000000004e9       0x34 /usr/local/Cellar/arm-gcc-bin/8-2018-q4-major/bin/../lib/gcc/arm-none-eabi/8.2.1/../../../../arm-none-eabi/lib/thumb/v7e-m+fp/hard/libc_nano.a(lib_a-init.o)
 .ARM.attributes
                0x000000000000051d       0x34 /usr/local/Cellar/arm-gcc-bin/8-2018-q4-major/bin/../lib/gcc/arm-none-eabi/8.2.1/../../../../arm-none-eabi/lib/thumb/v7e-m+fp/hard/libc_nano.a(lib_a-memcpy-stub.o)
 .ARM.attributes
                0x0000000000000551       0x34 /usr/local/Cellar/arm-gcc-bin/8-2018-q4-major/bin/../lib/gcc/arm-none-eabi/8.2.1/../../../../arm-none-eabi/lib/thumb/v7e-m+fp/hard/libc_nano.a(lib_a-memset.o)
 .ARM.attributes
                0x0000000000000585       0x34 /usr/local/Cellar/arm-gcc-bin/8-2018-q4-major/bin/../lib/gcc/arm-none-eabi/8.2.1/../../../../arm-none-eabi/lib/thumb/v7e-m+fp/hard/libc_nano.a(lib_a-sprintf.o)
 .ARM.attributes
                0x00000000000005b9       0x34 /usr/local/Cellar/arm-gcc-bin/8-2018-q4-major/bin/../lib/gcc/arm-none-eabi/8.2.1/../../../../arm-none-eabi/lib/thumb/v7e-m+fp/hard/libc_nano.a(lib_a-nano-svfprintf.o)
 .ARM.attributes
                0x00000000000005ed       0x34 /usr/local/Cellar/arm-gcc-bin/8-2018-q4-major/bin/../lib/gcc/arm-none-eabi/8.2.1/../../../../arm-none-eabi/lib/thumb/v7e-m+fp/hard/libc_nano.a(lib_a-nano-vfprintf_i.o)
 .ARM.attributes
                0x0000000000000621       0x1c /usr/local/Cellar/arm-gcc-bin/8-2018-q4-major/bin/../lib/gcc/arm-none-eabi/8.2.1/../../../../arm-none-eabi/lib/thumb/v7e-m+fp/hard/libc_nano.a(lib_a-memchr.o)
 .ARM.attributes
                0x000000000000063d       0x34 /usr/local/Cellar/arm-gcc-bin/8-2018-q4-major/bin/../lib/gcc/arm-none-eabi/8.2.1/../../../../arm-none-eabi/lib/thumb/v7e-m+fp/hard/libc_nano.a(lib_a-memmove.o)
 .ARM.attributes
                0x0000000000000671       0x34 /usr/local/Cellar/arm-gcc-bin/8-2018-q4-major/bin/../lib/gcc/arm-none-eabi/8.2.1/../../../../arm-none-eabi/lib/thumb/v7e-m+fp/hard/libc_nano.a(lib_a-nano-freer.o)
 .ARM.attributes
                0x00000000000006a5       0x34 /usr/local/Cellar/arm-gcc-bin/8-2018-q4-major/bin/../lib/gcc/arm-none-eabi/8.2.1/../../../../arm-none-eabi/lib/thumb/v7e-m+fp/hard/libc_nano.a(lib_a-nano-mallocr.o)
 .ARM.attributes
                0x00000000000006d9       0x34 /usr/local/Cellar/arm-gcc-bin/8-2018-q4-major/bin/../lib/gcc/arm-none-eabi/8.2.1/../../../../arm-none-eabi/lib/thumb/v7e-m+fp/hard/libc_nano.a(lib_a-nano-reallocr.o)
 .ARM.attributes
                0x000000000000070d       0x34 /usr/local/Cellar/arm-gcc-bin/8-2018-q4-major/bin/../lib/gcc/arm-none-eabi/8.2.1/../../../../arm-none-eabi/lib/thumb/v7e-m+fp/hard/libc_nano.a(lib_a-sbrkr.o)
 .ARM.attributes
                0x0000000000000741       0x34 /usr/local/Cellar/arm-gcc-bin/8-2018-q4-major/bin/../lib/gcc/arm-none-eabi/8.2.1/../../../../arm-none-eabi/lib/thumb/v7e-m+fp/hard/libc_nano.a(lib_a-mlock.o)
 .ARM.attributes
                0x0000000000000775       0x34 /usr/local/Cellar/arm-gcc-bin/8-2018-q4-major/bin/../lib/gcc/arm-none-eabi/8.2.1/../../../../arm-none-eabi/lib/thumb/v7e-m+fp/hard/libc_nano.a(lib_a-nano-msizer.o)
 .ARM.attributes
                0x00000000000007a9       0x34 /usr/local/Cellar/arm-gcc-bin/8-2018-q4-major/bin/../lib/gcc/arm-none-eabi/8.2.1/../../../../arm-none-eabi/lib/thumb/v7e-m+fp/hard/libc_nano.a(lib_a-reent.o)
 .ARM.attributes
                0x00000000000007dd       0x34 /usr/local/Cellar/arm-gcc-bin/8-2018-q4-major/bin/../lib/gcc/arm-none-eabi/8.2.1/../../../../arm-none-eabi/lib/thumb/v7e-m+fp/hard/libc_nano.a(lib_a-lock.o)
 .ARM.attributes
                0x0000000000000811       0x34 /usr/local/Cellar/arm-gcc-bin/8-2018-q4-major/bin/../lib/gcc/arm-none-eabi/8.2.1/../../../../arm-none-eabi/lib/thumb/v7e-m+fp/hard/libnosys.a(sbrk.o)
 .ARM.attributes
                0x0000000000000845       0x1e /usr/local/Cellar/arm-gcc-bin/8-2018-q4-major/bin/../lib/gcc/arm-none-eabi/8.2.1/thumb/v7e-m+fp/hard/libgcc.a(_aeabi_uldivmod.o)
 .ARM.attributes
                0x0000000000000863       0x34 /usr/local/Cellar/arm-gcc-bin/8-2018-q4-major/bin/../lib/gcc/arm-none-eabi/8.2.1/thumb/v7e-m+fp/hard/libgcc.a(_udivmoddi4.o)
 .ARM.attributes
                0x0000000000000897       0x1e /usr/local/Cellar/arm-gcc-bin/8-2018-q4-major/bin/../lib/gcc/arm-none-eabi/8.2.1/thumb/v7e-m+fp/hard/libgcc.a(_dvmd_tls.o)
 .ARM.attributes
                0x00000000000008b5       0x1e /usr/local/Cellar/arm-gcc-bin/8-2018-q4-major/bin/../lib/gcc/arm-none-eabi/8.2.1/thumb/v7e-m+fp/hard/crtn.o
OUTPUT(build/FinalProject.elf elf32-littlearm)

.debug_info     0x0000000000000000    0x241d1
 .debug_info    0x0000000000000000     0x4b40 build/main.o
 .debug_info    0x0000000000004b40     0x13d4 build/eeprom.o
 .debug_info    0x0000000000005f14     0x1419 build/stm32f4xx_it.o
 .debug_info    0x000000000000732d     0x188b build/stm32f4xx_hal_msp.o
 .debug_info    0x0000000000008bb8     0x16b2 build/stm32f4xx_hal_timebase_tim.o
 .debug_info    0x000000000000a26a     0x3fdc build/stm32f4xx_hal_tim.o
 .debug_info    0x000000000000e246     0x1fe7 build/stm32f4xx_hal_tim_ex.o
 .debug_info    0x000000000001022d     0x2479 build/stm32f4xx_hal_uart.o
 .debug_info    0x00000000000126a6     0x155b build/stm32f4xx_hal_rcc.o
 .debug_info    0x0000000000013c01     0x11af build/stm32f4xx_hal_flash.o
 .debug_info    0x0000000000014db0     0x12cc build/stm32f4xx_hal_flash_ex.o
 .debug_info    0x000000000001607c     0x123b build/stm32f4xx_hal_gpio.o
 .debug_info    0x00000000000172b7     0x15ae build/stm32f4xx_hal_dma.o
 .debug_info    0x0000000000018865     0x1b69 build/stm32f4xx_hal_cortex.o
 .debug_info    0x000000000001a3ce     0x1492 build/stm32f4xx_hal.o
 .debug_info    0x000000000001b860      0xf61 build/system_stm32f4xx.o
 .debug_info    0x000000000001c7c1      0xc99 build/list.o
 .debug_info    0x000000000001d45a     0x300e build/tasks.o
 .debug_info    0x0000000000020468     0x28ce build/cmsis_os.o
 .debug_info    0x0000000000022d36      0xe81 build/heap_4.o
 .debug_info    0x0000000000023bb7      0x5f8 build/port.o
 .debug_info    0x00000000000241af       0x22 build/startup_stm32f407xx.o

.debug_abbrev   0x0000000000000000     0x4472
 .debug_abbrev  0x0000000000000000      0x3e0 build/main.o
 .debug_abbrev  0x00000000000003e0      0x2f4 build/eeprom.o
 .debug_abbrev  0x00000000000006d4      0x25c build/stm32f4xx_it.o
 .debug_abbrev  0x0000000000000930      0x26a build/stm32f4xx_hal_msp.o
 .debug_abbrev  0x0000000000000b9a      0x2b7 build/stm32f4xx_hal_timebase_tim.o
 .debug_abbrev  0x0000000000000e51      0x360 build/stm32f4xx_hal_tim.o
 .debug_abbrev  0x00000000000011b1      0x346 build/stm32f4xx_hal_tim_ex.o
 .debug_abbrev  0x00000000000014f7      0x3cb build/stm32f4xx_hal_uart.o
 .debug_abbrev  0x00000000000018c2      0x37f build/stm32f4xx_hal_rcc.o
 .debug_abbrev  0x0000000000001c41      0x3a8 build/stm32f4xx_hal_flash.o
 .debug_abbrev  0x0000000000001fe9      0x365 build/stm32f4xx_hal_flash_ex.o
 .debug_abbrev  0x000000000000234e      0x30a build/stm32f4xx_hal_gpio.o
 .debug_abbrev  0x0000000000002658      0x39c build/stm32f4xx_hal_dma.o
 .debug_abbrev  0x00000000000029f4      0x462 build/stm32f4xx_hal_cortex.o
 .debug_abbrev  0x0000000000002e56      0x325 build/stm32f4xx_hal.o
 .debug_abbrev  0x000000000000317b      0x21a build/system_stm32f4xx.o
 .debug_abbrev  0x0000000000003395      0x23e build/list.o
 .debug_abbrev  0x00000000000035d3      0x464 build/tasks.o
 .debug_abbrev  0x0000000000003a37      0x455 build/cmsis_os.o
 .debug_abbrev  0x0000000000003e8c      0x376 build/heap_4.o
 .debug_abbrev  0x0000000000004202      0x25e build/port.o
 .debug_abbrev  0x0000000000004460       0x12 build/startup_stm32f407xx.o

.debug_loc      0x0000000000000000    0x1090b
 .debug_loc     0x0000000000000000      0xf93 build/main.o
 .debug_loc     0x0000000000000f93      0xc10 build/eeprom.o
 .debug_loc     0x0000000000001ba3       0x80 build/stm32f4xx_it.o
 .debug_loc     0x0000000000001c23      0x196 build/stm32f4xx_hal_msp.o
 .debug_loc     0x0000000000001db9       0xbc build/stm32f4xx_hal_timebase_tim.o
 .debug_loc     0x0000000000001e75     0x4a4e build/stm32f4xx_hal_tim.o
 .debug_loc     0x00000000000068c3     0x14ea build/stm32f4xx_hal_tim_ex.o
 .debug_loc     0x0000000000007dad     0x1d94 build/stm32f4xx_hal_uart.o
 .debug_loc     0x0000000000009b41      0x68d build/stm32f4xx_hal_rcc.o
 .debug_loc     0x000000000000a1ce      0x4aa build/stm32f4xx_hal_flash.o
 .debug_loc     0x000000000000a678      0x6d4 build/stm32f4xx_hal_flash_ex.o
 .debug_loc     0x000000000000ad4c      0x5ca build/stm32f4xx_hal_gpio.o
 .debug_loc     0x000000000000b316      0xed7 build/stm32f4xx_hal_dma.o
 .debug_loc     0x000000000000c1ed      0x790 build/stm32f4xx_hal_cortex.o
 .debug_loc     0x000000000000c97d      0x1cc build/stm32f4xx_hal.o
 .debug_loc     0x000000000000cb49      0x16c build/system_stm32f4xx.o
 .debug_loc     0x000000000000ccb5       0xbf build/list.o
 .debug_loc     0x000000000000cd74     0x1e01 build/tasks.o
 .debug_loc     0x000000000000eb75     0x1866 build/cmsis_os.o
 .debug_loc     0x00000000000103db      0x3a8 build/heap_4.o
 .debug_loc     0x0000000000010783      0x188 build/port.o

.debug_aranges  0x0000000000000000     0x11b8
 .debug_aranges
                0x0000000000000000      0x128 build/main.o
 .debug_aranges
                0x0000000000000128       0x58 build/eeprom.o
 .debug_aranges
                0x0000000000000180       0x68 build/stm32f4xx_it.o
 .debug_aranges
                0x00000000000001e8       0x30 build/stm32f4xx_hal_msp.o
 .debug_aranges
                0x0000000000000218       0x30 build/stm32f4xx_hal_timebase_tim.o
 .debug_aranges
                0x0000000000000248      0x368 build/stm32f4xx_hal_tim.o
 .debug_aranges
                0x00000000000005b0      0x140 build/stm32f4xx_hal_tim_ex.o
 .debug_aranges
                0x00000000000006f0      0x1d0 build/stm32f4xx_hal_uart.o
 .debug_aranges
                0x00000000000008c0       0x88 build/stm32f4xx_hal_rcc.o
 .debug_aranges
                0x0000000000000948       0xa0 build/stm32f4xx_hal_flash.o
 .debug_aranges
                0x00000000000009e8       0x98 build/stm32f4xx_hal_flash_ex.o
 .debug_aranges
                0x0000000000000a80       0x58 build/stm32f4xx_hal_gpio.o
 .debug_aranges
                0x0000000000000ad8       0x90 build/stm32f4xx_hal_dma.o
 .debug_aranges
                0x0000000000000b68       0xa8 build/stm32f4xx_hal_cortex.o
 .debug_aranges
                0x0000000000000c10       0xe0 build/stm32f4xx_hal.o
 .debug_aranges
                0x0000000000000cf0       0x28 build/system_stm32f4xx.o
 .debug_aranges
                0x0000000000000d18       0x40 build/list.o
 .debug_aranges
                0x0000000000000d58      0x190 build/tasks.o
 .debug_aranges
                0x0000000000000ee8      0x1d8 build/cmsis_os.o
 .debug_aranges
                0x00000000000010c0       0x50 build/heap_4.o
 .debug_aranges
                0x0000000000001110       0x80 build/port.o
 .debug_aranges
                0x0000000000001190       0x28 build/startup_stm32f407xx.o

.debug_ranges   0x0000000000000000     0x12e8
 .debug_ranges  0x0000000000000000      0x280 build/main.o
 .debug_ranges  0x0000000000000280       0x48 build/eeprom.o
 .debug_ranges  0x00000000000002c8       0x58 build/stm32f4xx_it.o
 .debug_ranges  0x0000000000000320       0x20 build/stm32f4xx_hal_msp.o
 .debug_ranges  0x0000000000000340       0x20 build/stm32f4xx_hal_timebase_tim.o
 .debug_ranges  0x0000000000000360      0x358 build/stm32f4xx_hal_tim.o
 .debug_ranges  0x00000000000006b8      0x130 build/stm32f4xx_hal_tim_ex.o
 .debug_ranges  0x00000000000007e8      0x1c0 build/stm32f4xx_hal_uart.o
 .debug_ranges  0x00000000000009a8       0x90 build/stm32f4xx_hal_rcc.o
 .debug_ranges  0x0000000000000a38       0x90 build/stm32f4xx_hal_flash.o
 .debug_ranges  0x0000000000000ac8       0x88 build/stm32f4xx_hal_flash_ex.o
 .debug_ranges  0x0000000000000b50       0x48 build/stm32f4xx_hal_gpio.o
 .debug_ranges  0x0000000000000b98       0x80 build/stm32f4xx_hal_dma.o
 .debug_ranges  0x0000000000000c18       0xe0 build/stm32f4xx_hal_cortex.o
 .debug_ranges  0x0000000000000cf8       0xd0 build/stm32f4xx_hal.o
 .debug_ranges  0x0000000000000dc8       0x18 build/system_stm32f4xx.o
 .debug_ranges  0x0000000000000de0       0x30 build/list.o
 .debug_ranges  0x0000000000000e10      0x228 build/tasks.o
 .debug_ranges  0x0000000000001038      0x1c8 build/cmsis_os.o
 .debug_ranges  0x0000000000001200       0x40 build/heap_4.o
 .debug_ranges  0x0000000000001240       0x88 build/port.o
 .debug_ranges  0x00000000000012c8       0x20 build/startup_stm32f407xx.o

.debug_line     0x0000000000000000    0x10b37
 .debug_line    0x0000000000000000     0x1983 build/main.o
 .debug_line    0x0000000000001983      0x982 build/eeprom.o
 .debug_line    0x0000000000002305      0x374 build/stm32f4xx_it.o
 .debug_line    0x0000000000002679      0x411 build/stm32f4xx_hal_msp.o
 .debug_line    0x0000000000002a8a      0x32e build/stm32f4xx_hal_timebase_tim.o
 .debug_line    0x0000000000002db8     0x2ed6 build/stm32f4xx_hal_tim.o
 .debug_line    0x0000000000005c8e      0xfbb build/stm32f4xx_hal_tim_ex.o
 .debug_line    0x0000000000006c49     0x1b4a build/stm32f4xx_hal_uart.o
 .debug_line    0x0000000000008793      0xb13 build/stm32f4xx_hal_rcc.o
 .debug_line    0x00000000000092a6      0x7b1 build/stm32f4xx_hal_flash.o
 .debug_line    0x0000000000009a57      0x762 build/stm32f4xx_hal_flash_ex.o
 .debug_line    0x000000000000a1b9      0x746 build/stm32f4xx_hal_gpio.o
 .debug_line    0x000000000000a8ff      0xe52 build/stm32f4xx_hal_dma.o
 .debug_line    0x000000000000b751      0x796 build/stm32f4xx_hal_cortex.o
 .debug_line    0x000000000000bee7      0x5ac build/stm32f4xx_hal.o
 .debug_line    0x000000000000c493      0x2fa build/system_stm32f4xx.o
 .debug_line    0x000000000000c78d      0x432 build/list.o
 .debug_line    0x000000000000cbbf     0x2033 build/tasks.o
 .debug_line    0x000000000000ebf2     0x11fc build/cmsis_os.o
 .debug_line    0x000000000000fdee      0x6be build/heap_4.o
 .debug_line    0x00000000000104ac      0x617 build/port.o
 .debug_line    0x0000000000010ac3       0x74 build/startup_stm32f407xx.o

.debug_str      0x0000000000000000     0x5c01
 .debug_str     0x0000000000000000     0x1959 build/main.o
                                       0x1a51 (size before relaxing)
 .debug_str     0x0000000000001959      0x1a2 build/eeprom.o
                                        0x836 (size before relaxing)
 .debug_str     0x0000000000001afb      0x112 build/stm32f4xx_it.o
                                        0xcc8 (size before relaxing)
 .debug_str     0x0000000000001c0d       0x6c build/stm32f4xx_hal_msp.o
                                       0x10e8 (size before relaxing)
 .debug_str     0x0000000000001c79       0xde build/stm32f4xx_hal_timebase_tim.o
                                       0x1185 (size before relaxing)
 .debug_str     0x0000000000001d57      0xd03 build/stm32f4xx_hal_tim.o
                                       0x17f0 (size before relaxing)
 .debug_str     0x0000000000002a5a      0x50a build/stm32f4xx_hal_tim_ex.o
                                       0x10b0 (size before relaxing)
 .debug_str     0x0000000000002f64      0x4f5 build/stm32f4xx_hal_uart.o
                                       0x102d (size before relaxing)
 .debug_str     0x0000000000003459      0x172 build/stm32f4xx_hal_rcc.o
                                        0xafe (size before relaxing)
 .debug_str     0x00000000000035cb      0x273 build/stm32f4xx_hal_flash.o
                                        0x98f (size before relaxing)
 .debug_str     0x000000000000383e      0x1c3 build/stm32f4xx_hal_flash_ex.o
                                        0x9e5 (size before relaxing)
 .debug_str     0x0000000000003a01      0x107 build/stm32f4xx_hal_gpio.o
                                        0x92b (size before relaxing)
 .debug_str     0x0000000000003b08      0x2db build/stm32f4xx_hal_dma.o
                                        0xbb1 (size before relaxing)
 .debug_str     0x0000000000003de3      0x3dd build/stm32f4xx_hal_cortex.o
                                       0x1055 (size before relaxing)
 .debug_str     0x00000000000041c0      0x24b build/stm32f4xx_hal.o
                                        0xf7e (size before relaxing)
 .debug_str     0x000000000000440b       0x42 build/system_stm32f4xx.o
                                        0x78f (size before relaxing)
 .debug_str     0x000000000000444d      0x16d build/list.o
                                        0x717 (size before relaxing)
 .debug_str     0x00000000000045ba      0xb10 build/tasks.o
                                       0x1212 (size before relaxing)
 .debug_str     0x00000000000050ca      0x7bf build/cmsis_os.o
                                       0x11c6 (size before relaxing)
 .debug_str     0x0000000000005889      0x1de build/heap_4.o
                                        0x800 (size before relaxing)
 .debug_str     0x0000000000005a67      0x175 build/port.o
                                        0x482 (size before relaxing)
 .debug_str     0x0000000000005bdc       0x25 build/startup_stm32f407xx.o
                                         0x6c (size before relaxing)

.comment        0x0000000000000000       0x75
 .comment       0x0000000000000000       0x75 build/main.o
                                         0x76 (size before relaxing)
 .comment       0x0000000000000075       0x76 build/eeprom.o
 .comment       0x0000000000000075       0x76 build/stm32f4xx_it.o
 .comment       0x0000000000000075       0x76 build/stm32f4xx_hal_msp.o
 .comment       0x0000000000000075       0x76 build/stm32f4xx_hal_timebase_tim.o
 .comment       0x0000000000000075       0x76 build/stm32f4xx_hal_tim.o
 .comment       0x0000000000000075       0x76 build/stm32f4xx_hal_tim_ex.o
 .comment       0x0000000000000075       0x76 build/stm32f4xx_hal_uart.o
 .comment       0x0000000000000075       0x76 build/stm32f4xx_hal_rcc.o
 .comment       0x0000000000000075       0x76 build/stm32f4xx_hal_flash.o
 .comment       0x0000000000000075       0x76 build/stm32f4xx_hal_flash_ex.o
 .comment       0x0000000000000075       0x76 build/stm32f4xx_hal_gpio.o
 .comment       0x0000000000000075       0x76 build/stm32f4xx_hal_dma.o
 .comment       0x0000000000000075       0x76 build/stm32f4xx_hal_cortex.o
 .comment       0x0000000000000075       0x76 build/stm32f4xx_hal.o
 .comment       0x0000000000000075       0x76 build/system_stm32f4xx.o
 .comment       0x0000000000000075       0x76 build/list.o
 .comment       0x0000000000000075       0x76 build/tasks.o
 .comment       0x0000000000000075       0x76 build/cmsis_os.o
 .comment       0x0000000000000075       0x76 build/heap_4.o
 .comment       0x0000000000000075       0x76 build/port.o

.debug_frame    0x0000000000000000     0x3934
 .debug_frame   0x0000000000000000      0x48c build/main.o
 .debug_frame   0x000000000000048c      0x110 build/eeprom.o
 .debug_frame   0x000000000000059c       0xe0 build/stm32f4xx_it.o
 .debug_frame   0x000000000000067c       0x78 build/stm32f4xx_hal_msp.o
 .debug_frame   0x00000000000006f4       0x54 build/stm32f4xx_hal_timebase_tim.o
 .debug_frame   0x0000000000000748      0xb08 build/stm32f4xx_hal_tim.o
 .debug_frame   0x0000000000001250      0x3f0 build/stm32f4xx_hal_tim_ex.o
 .debug_frame   0x0000000000001640      0x57c build/stm32f4xx_hal_uart.o
 .debug_frame   0x0000000000001bbc      0x1b0 build/stm32f4xx_hal_rcc.o
 .debug_frame   0x0000000000001d6c      0x17c build/stm32f4xx_hal_flash.o
 .debug_frame   0x0000000000001ee8      0x194 build/stm32f4xx_hal_flash_ex.o
 .debug_frame   0x000000000000207c       0xec build/stm32f4xx_hal_gpio.o
 .debug_frame   0x0000000000002168      0x1c8 build/stm32f4xx_hal_dma.o
 .debug_frame   0x0000000000002330      0x16c build/stm32f4xx_hal_cortex.o
 .debug_frame   0x000000000000249c      0x1e0 build/stm32f4xx_hal.o
 .debug_frame   0x000000000000267c       0x30 build/system_stm32f4xx.o
 .debug_frame   0x00000000000026ac       0x70 build/list.o
 .debug_frame   0x000000000000271c      0x58c build/tasks.o
 .debug_frame   0x0000000000002ca8      0x62c build/cmsis_os.o
 .debug_frame   0x00000000000032d4       0xbc build/heap_4.o
 .debug_frame   0x0000000000003390      0x100 build/port.o
 .debug_frame   0x0000000000003490       0x2c /usr/local/Cellar/arm-gcc-bin/8-2018-q4-major/bin/../lib/gcc/arm-none-eabi/8.2.1/../../../../arm-none-eabi/lib/thumb/v7e-m+fp/hard/libc_nano.a(lib_a-init.o)
 .debug_frame   0x00000000000034bc       0x28 /usr/local/Cellar/arm-gcc-bin/8-2018-q4-major/bin/../lib/gcc/arm-none-eabi/8.2.1/../../../../arm-none-eabi/lib/thumb/v7e-m+fp/hard/libc_nano.a(lib_a-memcpy-stub.o)
 .debug_frame   0x00000000000034e4       0x20 /usr/local/Cellar/arm-gcc-bin/8-2018-q4-major/bin/../lib/gcc/arm-none-eabi/8.2.1/../../../../arm-none-eabi/lib/thumb/v7e-m+fp/hard/libc_nano.a(lib_a-memset.o)
 .debug_frame   0x0000000000003504       0x6c /usr/local/Cellar/arm-gcc-bin/8-2018-q4-major/bin/../lib/gcc/arm-none-eabi/8.2.1/../../../../arm-none-eabi/lib/thumb/v7e-m+fp/hard/libc_nano.a(lib_a-sprintf.o)
 .debug_frame   0x0000000000003570       0x90 /usr/local/Cellar/arm-gcc-bin/8-2018-q4-major/bin/../lib/gcc/arm-none-eabi/8.2.1/../../../../arm-none-eabi/lib/thumb/v7e-m+fp/hard/libc_nano.a(lib_a-nano-svfprintf.o)
 .debug_frame   0x0000000000003600       0x60 /usr/local/Cellar/arm-gcc-bin/8-2018-q4-major/bin/../lib/gcc/arm-none-eabi/8.2.1/../../../../arm-none-eabi/lib/thumb/v7e-m+fp/hard/libc_nano.a(lib_a-nano-vfprintf_i.o)
 .debug_frame   0x0000000000003660       0x28 /usr/local/Cellar/arm-gcc-bin/8-2018-q4-major/bin/../lib/gcc/arm-none-eabi/8.2.1/../../../../arm-none-eabi/lib/thumb/v7e-m+fp/hard/libc_nano.a(lib_a-memmove.o)
 .debug_frame   0x0000000000003688       0x38 /usr/local/Cellar/arm-gcc-bin/8-2018-q4-major/bin/../lib/gcc/arm-none-eabi/8.2.1/../../../../arm-none-eabi/lib/thumb/v7e-m+fp/hard/libc_nano.a(lib_a-nano-freer.o)
 .debug_frame   0x00000000000036c0       0x30 /usr/local/Cellar/arm-gcc-bin/8-2018-q4-major/bin/../lib/gcc/arm-none-eabi/8.2.1/../../../../arm-none-eabi/lib/thumb/v7e-m+fp/hard/libc_nano.a(lib_a-nano-mallocr.o)
 .debug_frame   0x00000000000036f0       0x3c /usr/local/Cellar/arm-gcc-bin/8-2018-q4-major/bin/../lib/gcc/arm-none-eabi/8.2.1/../../../../arm-none-eabi/lib/thumb/v7e-m+fp/hard/libc_nano.a(lib_a-nano-reallocr.o)
 .debug_frame   0x000000000000372c       0x2c /usr/local/Cellar/arm-gcc-bin/8-2018-q4-major/bin/../lib/gcc/arm-none-eabi/8.2.1/../../../../arm-none-eabi/lib/thumb/v7e-m+fp/hard/libc_nano.a(lib_a-sbrkr.o)
 .debug_frame   0x0000000000003758       0x30 /usr/local/Cellar/arm-gcc-bin/8-2018-q4-major/bin/../lib/gcc/arm-none-eabi/8.2.1/../../../../arm-none-eabi/lib/thumb/v7e-m+fp/hard/libc_nano.a(lib_a-mlock.o)
 .debug_frame   0x0000000000003788       0x20 /usr/local/Cellar/arm-gcc-bin/8-2018-q4-major/bin/../lib/gcc/arm-none-eabi/8.2.1/../../../../arm-none-eabi/lib/thumb/v7e-m+fp/hard/libc_nano.a(lib_a-nano-msizer.o)
 .debug_frame   0x00000000000037a8       0x5c /usr/local/Cellar/arm-gcc-bin/8-2018-q4-major/bin/../lib/gcc/arm-none-eabi/8.2.1/../../../../arm-none-eabi/lib/thumb/v7e-m+fp/hard/libc_nano.a(lib_a-reent.o)
 .debug_frame   0x0000000000003804       0xb0 /usr/local/Cellar/arm-gcc-bin/8-2018-q4-major/bin/../lib/gcc/arm-none-eabi/8.2.1/../../../../arm-none-eabi/lib/thumb/v7e-m+fp/hard/libc_nano.a(lib_a-lock.o)
 .debug_frame   0x00000000000038b4       0x20 /usr/local/Cellar/arm-gcc-bin/8-2018-q4-major/bin/../lib/gcc/arm-none-eabi/8.2.1/../../../../arm-none-eabi/lib/thumb/v7e-m+fp/hard/libnosys.a(sbrk.o)
 .debug_frame   0x00000000000038d4       0x2c /usr/local/Cellar/arm-gcc-bin/8-2018-q4-major/bin/../lib/gcc/arm-none-eabi/8.2.1/thumb/v7e-m+fp/hard/libgcc.a(_aeabi_uldivmod.o)
 .debug_frame   0x0000000000003900       0x34 /usr/local/Cellar/arm-gcc-bin/8-2018-q4-major/bin/../lib/gcc/arm-none-eabi/8.2.1/thumb/v7e-m+fp/hard/libgcc.a(_udivmoddi4.o)

Cross Reference Table

Symbol                                            File
ADC_IRQHandler                                    build/startup_stm32f407xx.o
AHBPrescTable                                     build/system_stm32f4xx.o
                                                  build/stm32f4xx_hal_rcc.o
APBPrescTable                                     build/system_stm32f4xx.o
                                                  build/stm32f4xx_hal_rcc.o
BusFault_Handler                                  build/stm32f4xx_it.o
CAN1_RX0_IRQHandler                               build/startup_stm32f407xx.o
CAN1_RX1_IRQHandler                               build/startup_stm32f407xx.o
CAN1_SCE_IRQHandler                               build/startup_stm32f407xx.o
CAN1_TX_IRQHandler                                build/startup_stm32f407xx.o
CAN2_RX0_IRQHandler                               build/startup_stm32f407xx.o
CAN2_RX1_IRQHandler                               build/startup_stm32f407xx.o
CAN2_SCE_IRQHandler                               build/startup_stm32f407xx.o
CAN2_TX_IRQHandler                                build/startup_stm32f407xx.o
CallPage                                          build/main.o
ContactCount                                      build/main.o
ContactName                                       build/main.o
ContactNameLength                                 build/main.o
ContactNameTemp                                   build/main.o
ContactNumber                                     build/main.o
ContactNumberTemp                                 build/main.o
ContactPage1                                      build/main.o
ContactPage2                                      build/main.o
DCMI_IRQHandler                                   build/startup_stm32f407xx.o
DMA1_Stream0_IRQHandler                           build/startup_stm32f407xx.o
DMA1_Stream1_IRQHandler                           build/startup_stm32f407xx.o
DMA1_Stream2_IRQHandler                           build/startup_stm32f407xx.o
DMA1_Stream3_IRQHandler                           build/startup_stm32f407xx.o
DMA1_Stream4_IRQHandler                           build/startup_stm32f407xx.o
DMA1_Stream5_IRQHandler                           build/startup_stm32f407xx.o
DMA1_Stream6_IRQHandler                           build/startup_stm32f407xx.o
DMA1_Stream7_IRQHandler                           build/startup_stm32f407xx.o
DMA2_Stream0_IRQHandler                           build/startup_stm32f407xx.o
DMA2_Stream1_IRQHandler                           build/startup_stm32f407xx.o
DMA2_Stream2_IRQHandler                           build/startup_stm32f407xx.o
DMA2_Stream3_IRQHandler                           build/startup_stm32f407xx.o
DMA2_Stream4_IRQHandler                           build/startup_stm32f407xx.o
DMA2_Stream5_IRQHandler                           build/startup_stm32f407xx.o
DMA2_Stream6_IRQHandler                           build/startup_stm32f407xx.o
DMA2_Stream7_IRQHandler                           build/startup_stm32f407xx.o
DataVar                                           build/eeprom.o
DebugMon_Handler                                  build/stm32f4xx_it.o
Default_Handler                                   build/startup_stm32f407xx.o
EEPROM_AddContact                                 build/main.o
EEPROM_GetName                                    build/main.o
EEPROM_GetNumber                                  build/main.o
EEPROM_Init                                       build/main.o
EEPROM_ListContacts                               build/main.o
EE_Init                                           build/eeprom.o
                                                  build/main.o
EE_ReadVariable                                   build/eeprom.o
                                                  build/main.o
EE_WriteVariable                                  build/eeprom.o
                                                  build/main.o
ESP_HandleCall                                    build/main.o
ESP_HandleContact                                 build/main.o
ESP_HandleEndCall                                 build/main.o
ESP_HandleErase                                   build/main.o
ESP_HandleHeaderParam                             build/main.o
ESP_HandleRequset                                 build/main.o
ESP_HandleSMS                                     build/main.o
ESP_Init                                          build/main.o
ESP_SendCall                                      build/main.o
ESP_SendContact                                   build/main.o
ESP_SendError                                     build/main.o
ESP_SendIndex                                     build/main.o
ESP_SendSMS                                       build/main.o
ESP_SendSuccess                                   build/main.o
ESP_SendTalking                                   build/main.o
ETH_IRQHandler                                    build/startup_stm32f407xx.o
ETH_WKUP_IRQHandler                               build/startup_stm32f407xx.o
EXTI0_IRQHandler                                  build/stm32f4xx_it.o
EXTI15_10_IRQHandler                              build/startup_stm32f407xx.o
EXTI1_IRQHandler                                  build/startup_stm32f407xx.o
EXTI2_IRQHandler                                  build/startup_stm32f407xx.o
EXTI3_IRQHandler                                  build/startup_stm32f407xx.o
EXTI4_IRQHandler                                  build/startup_stm32f407xx.o
EXTI9_5_IRQHandler                                build/startup_stm32f407xx.o
ErrorPage1                                        build/main.o
ErrorPage2                                        build/main.o
ErrorText                                         build/main.o
ErrorTextLength                                   build/main.o
Error_Handler                                     build/main.o
EspRxArray                                        build/main.o
EspRxBuffer                                       build/main.o
FLASH_Erase_Sector                                build/stm32f4xx_hal_flash_ex.o
                                                  build/stm32f4xx_hal_flash.o
FLASH_FlushCaches                                 build/stm32f4xx_hal_flash_ex.o
                                                  build/stm32f4xx_hal_flash.o
FLASH_IRQHandler                                  build/startup_stm32f407xx.o
FLASH_WaitForLastOperation                        build/stm32f4xx_hal_flash.o
                                                  build/stm32f4xx_hal_flash_ex.o
FPU_IRQHandler                                    build/startup_stm32f407xx.o
FSMC_IRQHandler                                   build/startup_stm32f407xx.o
HAL_DBGMCU_DisableDBGSleepMode                    build/stm32f4xx_hal.o
HAL_DBGMCU_DisableDBGStandbyMode                  build/stm32f4xx_hal.o
HAL_DBGMCU_DisableDBGStopMode                     build/stm32f4xx_hal.o
HAL_DBGMCU_EnableDBGSleepMode                     build/stm32f4xx_hal.o
HAL_DBGMCU_EnableDBGStandbyMode                   build/stm32f4xx_hal.o
HAL_DBGMCU_EnableDBGStopMode                      build/stm32f4xx_hal.o
HAL_DMAEx_ChangeMemory                            build/stm32f4xx_hal_dma_ex.o
HAL_DMAEx_MultiBufferStart                        build/stm32f4xx_hal_dma_ex.o
HAL_DMAEx_MultiBufferStart_IT                     build/stm32f4xx_hal_dma_ex.o
HAL_DMA_Abort                                     build/stm32f4xx_hal_dma.o
                                                  build/stm32f4xx_hal_uart.o
                                                  build/stm32f4xx_hal_tim.o
HAL_DMA_Abort_IT                                  build/stm32f4xx_hal_dma.o
                                                  build/stm32f4xx_hal_uart.o
HAL_DMA_DeInit                                    build/stm32f4xx_hal_dma.o
HAL_DMA_GetError                                  build/stm32f4xx_hal_dma.o
HAL_DMA_GetState                                  build/stm32f4xx_hal_dma.o
HAL_DMA_IRQHandler                                build/stm32f4xx_hal_dma.o
HAL_DMA_Init                                      build/stm32f4xx_hal_dma.o
HAL_DMA_PollForTransfer                           build/stm32f4xx_hal_dma.o
HAL_DMA_RegisterCallback                          build/stm32f4xx_hal_dma.o
HAL_DMA_Start                                     build/stm32f4xx_hal_dma.o
HAL_DMA_Start_IT                                  build/stm32f4xx_hal_dma.o
                                                  build/stm32f4xx_hal_uart.o
                                                  build/stm32f4xx_hal_tim_ex.o
                                                  build/stm32f4xx_hal_tim.o
HAL_DMA_UnRegisterCallback                        build/stm32f4xx_hal_dma.o
HAL_DeInit                                        build/stm32f4xx_hal.o
HAL_Delay                                         build/stm32f4xx_hal.o
                                                  build/main.o
HAL_DisableCompensationCell                       build/stm32f4xx_hal.o
HAL_EnableCompensationCell                        build/stm32f4xx_hal.o
HAL_FLASHEx_Erase                                 build/stm32f4xx_hal_flash_ex.o
                                                  build/eeprom.o
HAL_FLASHEx_Erase_IT                              build/stm32f4xx_hal_flash_ex.o
HAL_FLASHEx_OBGetConfig                           build/stm32f4xx_hal_flash_ex.o
HAL_FLASHEx_OBProgram                             build/stm32f4xx_hal_flash_ex.o
HAL_FLASH_EndOfOperationCallback                  build/stm32f4xx_hal_flash.o
HAL_FLASH_GetError                                build/stm32f4xx_hal_flash.o
HAL_FLASH_IRQHandler                              build/stm32f4xx_hal_flash.o
HAL_FLASH_Lock                                    build/stm32f4xx_hal_flash.o
                                                  build/main.o
HAL_FLASH_OB_Launch                               build/stm32f4xx_hal_flash.o
HAL_FLASH_OB_Lock                                 build/stm32f4xx_hal_flash.o
HAL_FLASH_OB_Unlock                               build/stm32f4xx_hal_flash.o
HAL_FLASH_OperationErrorCallback                  build/stm32f4xx_hal_flash.o
HAL_FLASH_Program                                 build/stm32f4xx_hal_flash.o
                                                  build/eeprom.o
HAL_FLASH_Program_IT                              build/stm32f4xx_hal_flash.o
HAL_FLASH_Unlock                                  build/stm32f4xx_hal_flash.o
                                                  build/main.o
HAL_GPIO_DeInit                                   build/stm32f4xx_hal_gpio.o