Archive member included to satisfy reference by file (symbol)

/usr/local/Cellar/arm-gcc-bin/8-2018-q4-major/bin/../lib/gcc/arm-none-eabi/8.2.1/../../../../arm-none-eabi/lib/thumb/v7e-m+fp/hard/libc_nano.a(lib_a-exit.o)
                              /usr/local/Cellar/arm-gcc-bin/8-2018-q4-major/bin/../lib/gcc/arm-none-eabi/8.2.1/../../../../arm-none-eabi/lib/thumb/v7e-m+fp/hard/crt0.o (exit)
/usr/local/Cellar/arm-gcc-bin/8-2018-q4-major/bin/../lib/gcc/arm-none-eabi/8.2.1/../../../../arm-none-eabi/lib/thumb/v7e-m+fp/hard/libc_nano.a(lib_a-impure.o)
                              /usr/local/Cellar/arm-gcc-bin/8-2018-q4-major/bin/../lib/gcc/arm-none-eabi/8.2.1/../../../../arm-none-eabi/lib/thumb/v7e-m+fp/hard/libc_nano.a(lib_a-exit.o) (_global_impure_ptr)
/usr/local/Cellar/arm-gcc-bin/8-2018-q4-major/bin/../lib/gcc/arm-none-eabi/8.2.1/../../../../arm-none-eabi/lib/thumb/v7e-m+fp/hard/libc_nano.a(lib_a-init.o)
                              /usr/local/Cellar/arm-gcc-bin/8-2018-q4-major/bin/../lib/gcc/arm-none-eabi/8.2.1/../../../../arm-none-eabi/lib/thumb/v7e-m+fp/hard/crt0.o (__libc_init_array)
/usr/local/Cellar/arm-gcc-bin/8-2018-q4-major/bin/../lib/gcc/arm-none-eabi/8.2.1/../../../../arm-none-eabi/lib/thumb/v7e-m+fp/hard/libc_nano.a(lib_a-memcpy-stub.o)
                              build/queue.o (memcpy)
/usr/local/Cellar/arm-gcc-bin/8-2018-q4-major/bin/../lib/gcc/arm-none-eabi/8.2.1/../../../../arm-none-eabi/lib/thumb/v7e-m+fp/hard/libc_nano.a(lib_a-memset.o)
                              /usr/local/Cellar/arm-gcc-bin/8-2018-q4-major/bin/../lib/gcc/arm-none-eabi/8.2.1/../../../../arm-none-eabi/lib/thumb/v7e-m+fp/hard/crt0.o (memset)
/usr/local/Cellar/arm-gcc-bin/8-2018-q4-major/bin/../lib/gcc/arm-none-eabi/8.2.1/../../../../arm-none-eabi/lib/thumb/v7e-m+fp/hard/libc_nano.a(lib_a-sprintf.o)
                              build/main.o (sprintf)
/usr/local/Cellar/arm-gcc-bin/8-2018-q4-major/bin/../lib/gcc/arm-none-eabi/8.2.1/../../../../arm-none-eabi/lib/thumb/v7e-m+fp/hard/libc_nano.a(lib_a-nano-svfprintf.o)
                              /usr/local/Cellar/arm-gcc-bin/8-2018-q4-major/bin/../lib/gcc/arm-none-eabi/8.2.1/../../../../arm-none-eabi/lib/thumb/v7e-m+fp/hard/libc_nano.a(lib_a-sprintf.o) (_svfprintf_r)
/usr/local/Cellar/arm-gcc-bin/8-2018-q4-major/bin/../lib/gcc/arm-none-eabi/8.2.1/../../../../arm-none-eabi/lib/thumb/v7e-m+fp/hard/libc_nano.a(lib_a-nano-vfprintf_i.o)
                              /usr/local/Cellar/arm-gcc-bin/8-2018-q4-major/bin/../lib/gcc/arm-none-eabi/8.2.1/../../../../arm-none-eabi/lib/thumb/v7e-m+fp/hard/libc_nano.a(lib_a-nano-svfprintf.o) (_printf_i)
/usr/local/Cellar/arm-gcc-bin/8-2018-q4-major/bin/../lib/gcc/arm-none-eabi/8.2.1/../../../../arm-none-eabi/lib/thumb/v7e-m+fp/hard/libc_nano.a(lib_a-memchr.o)
                              /usr/local/Cellar/arm-gcc-bin/8-2018-q4-major/bin/../lib/gcc/arm-none-eabi/8.2.1/../../../../arm-none-eabi/lib/thumb/v7e-m+fp/hard/libc_nano.a(lib_a-nano-svfprintf.o) (memchr)
/usr/local/Cellar/arm-gcc-bin/8-2018-q4-major/bin/../lib/gcc/arm-none-eabi/8.2.1/../../../../arm-none-eabi/lib/thumb/v7e-m+fp/hard/libc_nano.a(lib_a-memmove.o)
                              /usr/local/Cellar/arm-gcc-bin/8-2018-q4-major/bin/../lib/gcc/arm-none-eabi/8.2.1/../../../../arm-none-eabi/lib/thumb/v7e-m+fp/hard/libc_nano.a(lib_a-nano-svfprintf.o) (memmove)
/usr/local/Cellar/arm-gcc-bin/8-2018-q4-major/bin/../lib/gcc/arm-none-eabi/8.2.1/../../../../arm-none-eabi/lib/thumb/v7e-m+fp/hard/libc_nano.a(lib_a-nano-freer.o)
                              /usr/local/Cellar/arm-gcc-bin/8-2018-q4-major/bin/../lib/gcc/arm-none-eabi/8.2.1/../../../../arm-none-eabi/lib/thumb/v7e-m+fp/hard/libc_nano.a(lib_a-nano-svfprintf.o) (_free_r)
/usr/local/Cellar/arm-gcc-bin/8-2018-q4-major/bin/../lib/gcc/arm-none-eabi/8.2.1/../../../../arm-none-eabi/lib/thumb/v7e-m+fp/hard/libc_nano.a(lib_a-nano-mallocr.o)
                              /usr/local/Cellar/arm-gcc-bin/8-2018-q4-major/bin/../lib/gcc/arm-none-eabi/8.2.1/../../../../arm-none-eabi/lib/thumb/v7e-m+fp/hard/libc_nano.a(lib_a-nano-svfprintf.o) (_malloc_r)
/usr/local/Cellar/arm-gcc-bin/8-2018-q4-major/bin/../lib/gcc/arm-none-eabi/8.2.1/../../../../arm-none-eabi/lib/thumb/v7e-m+fp/hard/libc_nano.a(lib_a-nano-reallocr.o)
                              /usr/local/Cellar/arm-gcc-bin/8-2018-q4-major/bin/../lib/gcc/arm-none-eabi/8.2.1/../../../../arm-none-eabi/lib/thumb/v7e-m+fp/hard/libc_nano.a(lib_a-nano-svfprintf.o) (_realloc_r)
/usr/local/Cellar/arm-gcc-bin/8-2018-q4-major/bin/../lib/gcc/arm-none-eabi/8.2.1/../../../../arm-none-eabi/lib/thumb/v7e-m+fp/hard/libc_nano.a(lib_a-sbrkr.o)
                              /usr/local/Cellar/arm-gcc-bin/8-2018-q4-major/bin/../lib/gcc/arm-none-eabi/8.2.1/../../../../arm-none-eabi/lib/thumb/v7e-m+fp/hard/libc_nano.a(lib_a-nano-mallocr.o) (_sbrk_r)
/usr/local/Cellar/arm-gcc-bin/8-2018-q4-major/bin/../lib/gcc/arm-none-eabi/8.2.1/../../../../arm-none-eabi/lib/thumb/v7e-m+fp/hard/libc_nano.a(lib_a-mlock.o)
[...]
Memory Configuration

Name             Origin             Length             Attributes
RAM              0x0000000020000000 0x0000000000020000 xrw
CCMRAM           0x0000000010000000 0x0000000000010000 rw
FLASH            0x0000000008000000 0x0000000000100000 xr
*default*        0x0000000000000000 0xffffffffffffffff

Linker script and memory map

LOAD /usr/local/Cellar/arm-gcc-bin/8-2018-q4-major/bin/../lib/gcc/arm-none-eabi/8.2.1/thumb/v7e-m+fp/hard/crti.o
LOAD /usr/local/Cellar/arm-gcc-bin/8-2018-q4-major/bin/../lib/gcc/arm-none-eabi/8.2.1/thumb/v7e-m+fp/hard/crtbegin.o
LOAD /usr/local/Cellar/arm-gcc-bin/8-2018-q4-major/bin/../lib/gcc/arm-none-eabi/8.2.1/../../../../arm-none-eabi/lib/thumb/v7e-m+fp/hard/crt0.o
LOAD build/main.o
LOAD build/eeprom.o
LOAD build/freertos.o
LOAD build/stm32f4xx_it.o
LOAD build/stm32f4xx_hal_msp.o
LOAD build/stm32f4xx_hal_timebase_tim.o
LOAD build/stm32f4xx_hal_tim.o
LOAD build/stm32f4xx_hal_tim_ex.o
LOAD build/stm32f4xx_hal_uart.o
LOAD build/stm32f4xx_hal_rcc.o
LOAD build/stm32f4xx_hal_rcc_ex.o
LOAD build/stm32f4xx_hal_flash.o
LOAD build/stm32f4xx_hal_flash_ex.o
LOAD build/stm32f4xx_hal_flash_ramfunc.o
LOAD build/stm32f4xx_hal_gpio.o
LOAD build/stm32f4xx_hal_dma_ex.o
LOAD build/stm32f4xx_hal_dma.o
LOAD build/stm32f4xx_hal_pwr.o
LOAD build/stm32f4xx_hal_pwr_ex.o
LOAD build/stm32f4xx_hal_cortex.o
LOAD build/stm32f4xx_hal.o
LOAD build/system_stm32f4xx.o
LOAD build/croutine.o
LOAD build/event_groups.o
LOAD build/list.o
LOAD build/queue.o
LOAD build/tasks.o
LOAD build/timers.o
LOAD build/cmsis_os.o
LOAD build/heap_4.o
LOAD build/port.o
LOAD build/stm32f4xx_hal_exti.o
LOAD build/stream_buffer.o
LOAD build/startup_stm32f407xx.o
LOAD /usr/local/Cellar/arm-gcc-bin/8-2018-q4-major/bin/../lib/gcc/arm-none-eabi/8.2.1/../../../../arm-none-eabi/lib/thumb/v7e-m+fp/hard/libc_nano.a
LOAD /usr/local/Cellar/arm-gcc-bin/8-2018-q4-major/bin/../lib/gcc/arm-none-eabi/8.2.1/../../../../arm-none-eabi/lib/thumb/v7e-m+fp/hard/libm.a
LOAD /usr/local/Cellar/arm-gcc-bin/8-2018-q4-major/bin/../lib/gcc/arm-none-eabi/8.2.1/../../../../arm-none-eabi/lib/thumb/v7e-m+fp/hard/libnosys.a
START GROUP
LOAD /usr/local/Cellar/arm-gcc-bin/8-2018-q4-major/bin/../lib/gcc/arm-none-eabi/8.2.1/thumb/v7e-m+fp/hard/libgcc.a
LOAD /usr/local/Cellar/arm-gcc-bin/8-2018-q4-major/bin/../lib/gcc/arm-none-eabi/8.2.1/../../../../arm-none-eabi/lib/thumb/v7e-m+fp/hard/libc_nano.a
END GROUP
START GROUP
LOAD /usr/local/Cellar/arm-gcc-bin/8-2018-q4-major/bin/../lib/gcc/arm-none-eabi/8.2.1/thumb/v7e-m+fp/hard/libgcc.a
LOAD /usr/local/Cellar/arm-gcc-bin/8-2018-q4-major/bin/../lib/gcc/arm-none-eabi/8.2.1/../../../../arm-none-eabi/lib/thumb/v7e-m+fp/hard/libc_nano.a
END GROUP
LOAD /usr/local/Cellar/arm-gcc-bin/8-2018-q4-major/bin/../lib/gcc/arm-none-eabi/8.2.1/thumb/v7e-m+fp/hard/crtend.o
LOAD /usr/local/Cellar/arm-gcc-bin/8-2018-q4-major/bin/../lib/gcc/arm-none-eabi/8.2.1/thumb/v7e-m+fp/hard/crtn.o
                0x0000000020020000                _estack = 0x20020000
                0x0000000000000200                _Min_Heap_Size = 0x200
                0x0000000000000400                _Min_Stack_Size = 0x400

.isr_vector     0x0000000008000000      0x188
                0x0000000008000000                . = ALIGN (0x4)
 *(.isr_vector)
 .isr_vector    0x0000000008000000      0x188 build/startup_stm32f407xx.o
                0x0000000008000000                g_pfnVectors
                0x0000000008000188                . = ALIGN (0x4)

.text           0x0000000008000190     0x551c
                0x0000000008000190                . = ALIGN (0x4)
 *(.text)
 .text          0x0000000008000190       0x40 /usr/local/Cellar/arm-gcc-bin/8-2018-q4-major/bin/../lib/gcc/arm-none-eabi/8.2.1/thumb/v7e-m+fp/hard/crtbegin.o
 .text          0x00000000080001d0       0xa0 /usr/local/Cellar/arm-gcc-bin/8-2018-q4-major/bin/../lib/gcc/arm-none-eabi/8.2.1/../../../../arm-none-eabi/lib/thumb/v7e-m+fp/hard/libc_nano.a(lib_a-memchr.o)
                0x00000000080001d0                memchr
 .text          0x0000000008000270       0x30 /usr/local/Cellar/arm-gcc-bin/8-2018-q4-major/bin/../lib/gcc/arm-none-eabi/8.2.1/thumb/v7e-m+fp/hard/libgcc.a(_aeabi_uldivmod.o)
                0x0000000008000270                __aeabi_uldivmod
 .text          0x00000000080002a0      0x2d0 /usr/local/Cellar/arm-gcc-bin/8-2018-q4-major/bin/../lib/gcc/arm-none-eabi/8.2.1/thumb/v7e-m+fp/hard/libgcc.a(_udivmoddi4.o)
                0x00000000080002a0                __udivmoddi4
 .text          0x0000000008000570        0x4 /usr/local/Cellar/arm-gcc-bin/8-2018-q4-major/bin/../lib/gcc/arm-none-eabi/8.2.1/thumb/v7e-m+fp/hard/libgcc.a(_dvmd_tls.o)
                0x0000000008000570                __aeabi_ldiv0
                0x0000000008000570                __aeabi_idiv0
 *(.text*)
 .text.MX_GPIO_Init
                0x0000000008000574       0xe4 build/main.o
 .text.SIMCOM_Init
                0x0000000008000658       0x64 build/main.o
                0x0000000008000658                SIMCOM_Init
 .text.SIMCOM_SendSMS
                0x00000000080006bc       0xb0 build/main.o
                0x00000000080006bc                SIMCOM_SendSMS
 .text.SIMCOM_MakeCall
                0x000000000800076c       0x30 build/main.o
                0x000000000800076c                SIMCOM_MakeCall
 .text.SIMCOM_EndCall
                0x000000000800079c       0x28 build/main.o
                0x000000000800079c                SIMCOM_EndCall
 .text.EEPROM_Init
                0x00000000080007c4       0x68 build/main.o
                0x00000000080007c4                EEPROM_Init
 .text.EEPROM_ListContacts
                0x000000000800082c      0x150 build/main.o
                0x000000000800082c                EEPROM_ListContacts
 .text.EEPROM_GetName
                0x000000000800097c      0x184 build/main.o
                0x000000000800097c                EEPROM_GetName
 .text.EEPROM_GetNumber
                0x0000000008000b00      0x1bc build/main.o
                0x0000000008000b00                EEPROM_GetNumber
 .text.EEPROM_AddContact
                0x0000000008000cbc      0x14c build/main.o
                0x0000000008000cbc                EEPROM_AddContact
 .text.ESP_Init
                0x0000000008000e08       0xc4 build/main.o
                0x0000000008000e08                ESP_Init
 .text.ESP_HandleHeaderParam
                0x0000000008000ecc      0x494 build/main.o
                0x0000000008000ecc                ESP_HandleHeaderParam
 .text.ESP_SendIndex
                0x0000000008001360       0x94 build/main.o
                0x0000000008001360                ESP_SendIndex
 .text.ESP_HandleEndCall
                0x00000000080013f4       0x38 build/main.o
                0x00000000080013f4                ESP_HandleEndCall
 .text.ESP_SendSMS
                0x000000000800142c       0x94 build/main.o
                0x000000000800142c                ESP_SendSMS
 .text.ESP_SendContact
                0x00000000080014c0      0x260 build/main.o
                0x00000000080014c0                ESP_SendContact
 .text.ESP_SendSuccess
                0x0000000008001720       0x94 build/main.o
                0x0000000008001720                ESP_SendSuccess
 .text.ESP_HandleErase
                0x00000000080017b4       0x70 build/main.o
                0x00000000080017b4                ESP_HandleErase
 .text.ESP_SendCall
                0x0000000008001824       0x94 build/main.o
                0x0000000008001824                ESP_SendCall
 .text.ESP_SendTalking
                0x00000000080018b8       0x94 build/main.o
                0x00000000080018b8                ESP_SendTalking
 .text.ESP_SendError
                0x000000000800194c      0x11c build/main.o
                0x000000000800194c                ESP_SendError
 .text.ESP_HandleCall
                0x0000000008001a68       0xa8 build/main.o
                0x0000000008001a68                ESP_HandleCall
 .text.ESP_HandleContact
                0x0000000008001b10       0x78 build/main.o
                0x0000000008001b10                ESP_HandleContact
 .text.ESP_HandleSMS
                0x0000000008001b88       0x94 build/main.o
                0x0000000008001b88                ESP_HandleSMS
 .text.ESP_HandleRequset
                0x0000000008001c1c      0x16c build/main.o
                0x0000000008001c1c                ESP_HandleRequset
 .text.StartDefaultTask
                0x0000000008001d88       0x30 build/main.o
                0x0000000008001d88                StartDefaultTask
 .text.HAL_UART_RxCpltCallback
                0x0000000008001db8       0xf0 build/main.o
                0x0000000008001db8                HAL_UART_RxCpltCallback
 .text.HAL_TIM_PeriodElapsedCallback
                0x0000000008001ea8       0x18 build/main.o
                0x0000000008001ea8                HAL_TIM_PeriodElapsedCallback
 .text.Error_Handler
                0x0000000008001ec0       0xb8 build/main.o
                0x0000000008001ec0                Error_Handler
 .text.MX_USART2_UART_Init
                0x0000000008001f78       0x34 build/main.o
 .text.MX_USART3_UART_Init
                0x0000000008001fac       0x34 build/main.o
 .text.MX_USART6_UART_Init
                0x0000000008001fe0       0x34 build/main.o
 .text.SystemClock_Config
                0x0000000008002014       0xac build/main.o
                0x0000000008002014                SystemClock_Config
 .text.main     0x00000000080020c0      0x108 build/main.o
                0x00000000080020c0                main
 .text.EE_VerifyPageFullyErased
                0x00000000080021c8       0x24 build/eeprom.o
 .text.EE_FindValidPage
                0x00000000080021ec       0x50 build/eeprom.o
 .text.EE_VerifyPageFullWriteVariable
                0x000000000800223c       0x5c build/eeprom.o
 .text.EE_Format
                0x0000000008002298       0x60 build/eeprom.o
 .text.EE_ReadVariable
                0x00000000080022f8       0x44 build/eeprom.o
                0x00000000080022f8                EE_ReadVariable
 .text.EE_Init  0x000000000800233c      0x25c build/eeprom.o
                0x000000000800233c                EE_Init
 .text.EE_PageTransfer
                0x0000000008002598       0xcc build/eeprom.o
 .text.EE_WriteVariable
                0x0000000008002664       0x1a build/eeprom.o
                0x0000000008002664                EE_WriteVariable
 *fill*         0x000000000800267e        0x2 
 .text.vApplicationGetIdleTaskMemory
                0x0000000008002680       0x18 build/freertos.o
                0x0000000008002680                vApplicationGetIdleTaskMemory
 .text.NMI_Handler
                0x0000000008002698        0x2 build/stm32f4xx_it.o
                0x0000000008002698                NMI_Handler
 .text.HardFault_Handler
                0x000000000800269a        0x2 build/stm32f4xx_it.o
                0x000000000800269a                HardFault_Handler
 .text.MemManage_Handler
                0x000000000800269c        0x2 build/stm32f4xx_it.o
                0x000000000800269c                MemManage_Handler
 .text.BusFault_Handler
                0x000000000800269e        0x2 build/stm32f4xx_it.o
                0x000000000800269e                BusFault_Handler
 .text.UsageFault_Handler
                0x00000000080026a0        0x2 build/stm32f4xx_it.o
                0x00000000080026a0                UsageFault_Handler
 .text.DebugMon_Handler
                0x00000000080026a2        0x2 build/stm32f4xx_it.o
                0x00000000080026a2                DebugMon_Handler
 .text.EXTI0_IRQHandler
                0x00000000080026a4        0xa build/stm32f4xx_it.o
                0x00000000080026a4                EXTI0_IRQHandler
 *fill*         0x00000000080026ae        0x2 
 .text.USART2_IRQHandler
                0x00000000080026b0       0x10 build/stm32f4xx_it.o
                0x00000000080026b0                USART2_IRQHandler
 .text.USART3_IRQHandler
                0x00000000080026c0       0x10 build/stm32f4xx_it.o
                0x00000000080026c0                USART3_IRQHandler
 .text.TIM8_TRG_COM_TIM14_IRQHandler
                0x00000000080026d0       0x10 build/stm32f4xx_it.o
                0x00000000080026d0                TIM8_TRG_COM_TIM14_IRQHandler
 .text.HAL_MspInit
                0x00000000080026e0       0x44 build/stm32f4xx_hal_msp.o
                0x00000000080026e0                HAL_MspInit
 .text.HAL_UART_MspInit
                0x0000000008002724      0x17c build/stm32f4xx_hal_msp.o
                0x0000000008002724                HAL_UART_MspInit
 .text.HAL_InitTick
                0x00000000080028a0       0x7c build/stm32f4xx_hal_timebase_tim.o
                0x00000000080028a0                HAL_InitTick
 .text.HAL_TIM_Base_MspInit
                0x000000000800291c        0x2 build/stm32f4xx_hal_tim.o
                0x000000000800291c                HAL_TIM_Base_MspInit
 .text.HAL_TIM_Base_Start_IT
                0x000000000800291e       0x22 build/stm32f4xx_hal_tim.o
                0x000000000800291e                HAL_TIM_Base_Start_IT
 .text.HAL_TIM_OC_DelayElapsedCallback
                0x0000000008002940        0x2 build/stm32f4xx_hal_tim.o
                0x0000000008002940                HAL_TIM_OC_DelayElapsedCallback
 .text.HAL_TIM_IC_CaptureCallback
                0x0000000008002942        0x2 build/stm32f4xx_hal_tim.o
                0x0000000008002942                HAL_TIM_IC_CaptureCallback
 .text.HAL_TIM_PWM_PulseFinishedCallback
                0x0000000008002944        0x2 build/stm32f4xx_hal_tim.o
                0x0000000008002944                HAL_TIM_PWM_PulseFinishedCallback
 .text.HAL_TIM_TriggerCallback
                0x0000000008002946        0x2 build/stm32f4xx_hal_tim.o
                0x0000000008002946                HAL_TIM_TriggerCallback
 .text.HAL_TIM_IRQHandler
                0x0000000008002948      0x17a build/stm32f4xx_hal_tim.o
                0x0000000008002948                HAL_TIM_IRQHandler
 *fill*         0x0000000008002ac2        0x2 
 .text.TIM_Base_SetConfig
                0x0000000008002ac4       0xc8 build/stm32f4xx_hal_tim.o
                0x0000000008002ac4                TIM_Base_SetConfig
 .text.HAL_TIM_Base_Init
                0x0000000008002b8c       0x34 build/stm32f4xx_hal_tim.o
                0x0000000008002b8c                HAL_TIM_Base_Init
 .text.HAL_TIMEx_CommutCallback
                0x0000000008002bc0        0x2 build/stm32f4xx_hal_tim_ex.o
                0x0000000008002bc0                HAL_TIMEx_CommutCallback
 .text.HAL_TIMEx_BreakCallback
                0x0000000008002bc2        0x2 build/stm32f4xx_hal_tim_ex.o
                0x0000000008002bc2                HAL_TIMEx_BreakCallback
 .text.UART_EndRxTransfer
                0x0000000008002bc4       0x1c build/stm32f4xx_hal_uart.o
 .text.UART_Transmit_IT
                0x0000000008002be0       0x64 build/stm32f4xx_hal_uart.o
 .text.UART_SetConfig
                0x0000000008002c44      0x334 build/stm32f4xx_hal_uart.o
 .text.UART_WaitOnFlagUntilTimeout
                0x0000000008002f78       0x62 build/stm32f4xx_hal_uart.o
 .text.HAL_UART_Init
                0x0000000008002fda       0x5e build/stm32f4xx_hal_uart.o
                0x0000000008002fda                HAL_UART_Init
 .text.HAL_UART_Transmit
                0x0000000008003038       0xe0 build/stm32f4xx_hal_uart.o
                0x0000000008003038                HAL_UART_Transmit
 .text.HAL_UART_Receive_IT
                0x0000000008003118       0x5c build/stm32f4xx_hal_uart.o
                0x0000000008003118                HAL_UART_Receive_IT
 .text.HAL_UART_TxCpltCallback
                0x0000000008003174        0x2 build/stm32f4xx_hal_uart.o
                0x0000000008003174                HAL_UART_TxCpltCallback
 .text.UART_EndTransmit_IT
                0x0000000008003176       0x1a build/stm32f4xx_hal_uart.o
 .text.UART_Receive_IT
                0x0000000008003190       0x9c build/stm32f4xx_hal_uart.o
 .text.HAL_UART_ErrorCallback
                0x000000000800322c        0x2 build/stm32f4xx_hal_uart.o
                0x000000000800322c                HAL_UART_ErrorCallback
 *fill*         0x000000000800322e        0x2 
 .text.HAL_UART_IRQHandler
                0x0000000008003230      0x120 build/stm32f4xx_hal_uart.o
                0x0000000008003230                HAL_UART_IRQHandler
 .text.UART_DMAAbortOnError
                0x0000000008003350       0x10 build/stm32f4xx_hal_uart.o
 .text.HAL_RCC_OscConfig
                0x0000000008003360      0x398 build/stm32f4xx_hal_rcc.o
                0x0000000008003360                HAL_RCC_OscConfig
 .text.HAL_RCC_GetSysClockFreq
                0x00000000080036f8       0xd4 build/stm32f4xx_hal_rcc.o
                0x00000000080036f8                HAL_RCC_GetSysClockFreq
 .text.HAL_RCC_ClockConfig
                0x00000000080037cc      0x15c build/stm32f4xx_hal_rcc.o
                0x00000000080037cc                HAL_RCC_ClockConfig
 .text.HAL_RCC_GetHCLKFreq
                0x0000000008003928        0xc build/stm32f4xx_hal_rcc.o
                0x0000000008003928                HAL_RCC_GetHCLKFreq
 .text.HAL_RCC_GetPCLK1Freq
                0x0000000008003934       0x20 build/stm32f4xx_hal_rcc.o
                0x0000000008003934                HAL_RCC_GetPCLK1Freq
 .text.HAL_RCC_GetPCLK2Freq
                0x0000000008003954       0x20 build/stm32f4xx_hal_rcc.o
                0x0000000008003954                HAL_RCC_GetPCLK2Freq
 .text.HAL_RCC_GetClockConfig
                0x0000000008003974       0x3c build/stm32f4xx_hal_rcc.o
                0x0000000008003974                HAL_RCC_GetClockConfig
 .text.FLASH_Program_DoubleWord
                0x00000000080039b0       0x2c build/stm32f4xx_hal_flash.o
 .text.FLASH_Program_Word
                0x00000000080039dc       0x24 build/stm32f4xx_hal_flash.o
 .text.FLASH_Program_HalfWord
                0x0000000008003a00       0x24 build/stm32f4xx_hal_flash.o
 .text.FLASH_Program_Byte
                0x0000000008003a24       0x20 build/stm32f4xx_hal_flash.o
 .text.FLASH_SetErrorCode
                0x0000000008003a44       0x8c build/stm32f4xx_hal_flash.o
 .text.HAL_FLASH_Unlock
                0x0000000008003ad0       0x30 build/stm32f4xx_hal_flash.o
                0x0000000008003ad0                HAL_FLASH_Unlock
 .text.HAL_FLASH_Lock
                0x0000000008003b00       0x14 build/stm32f4xx_hal_flash.o
                0x0000000008003b00                HAL_FLASH_Lock
 .text.FLASH_WaitForLastOperation
                0x0000000008003b14       0x60 build/stm32f4xx_hal_flash.o
                0x0000000008003b14                FLASH_WaitForLastOperation
 .text.HAL_FLASH_Program
                0x0000000008003b74       0x80 build/stm32f4xx_hal_flash.o
                0x0000000008003b74                HAL_FLASH_Program
 .text.FLASH_MassErase
                0x0000000008003bf4       0x24 build/stm32f4xx_hal_flash_ex.o
 .text.FLASH_Erase_Sector
                0x0000000008003c18       0x58 build/stm32f4xx_hal_flash_ex.o
                0x0000000008003c18                FLASH_Erase_Sector
 .text.FLASH_FlushCaches
                0x0000000008003c70       0x60 build/stm32f4xx_hal_flash_ex.o
                0x0000000008003c70                FLASH_FlushCaches
 .text.HAL_FLASHEx_Erase
                0x0000000008003cd0       0x94 build/stm32f4xx_hal_flash_ex.o
                0x0000000008003cd0                HAL_FLASHEx_Erase
 .text.HAL_GPIO_Init
                0x0000000008003d64      0x1c8 build/stm32f4xx_hal_gpio.o
                0x0000000008003d64                HAL_GPIO_Init
 .text.HAL_GPIO_WritePin
                0x0000000008003f2c        0xc build/stm32f4xx_hal_gpio.o
                0x0000000008003f2c                HAL_GPIO_WritePin
 .text.HAL_GPIO_EXTI_Callback
                0x0000000008003f38        0x2 build/stm32f4xx_hal_gpio.o
                0x0000000008003f38                HAL_GPIO_EXTI_Callback
 *fill*         0x0000000008003f3a        0x2 
 .text.HAL_GPIO_EXTI_IRQHandler
                0x0000000008003f3c       0x1c build/stm32f4xx_hal_gpio.o
                0x0000000008003f3c                HAL_GPIO_EXTI_IRQHandler
 .text.HAL_DMA_Abort_IT
                0x0000000008003f58       0x26 build/stm32f4xx_hal_dma.o
                0x0000000008003f58                HAL_DMA_Abort_IT
 *fill*         0x0000000008003f7e        0x2 
 .text.HAL_NVIC_SetPriorityGrouping
                0x0000000008003f80       0x24 build/stm32f4xx_hal_cortex.o
                0x0000000008003f80                HAL_NVIC_SetPriorityGrouping
 .text.HAL_NVIC_SetPriority
                0x0000000008003fa4       0x68 build/stm32f4xx_hal_cortex.o
                0x0000000008003fa4                HAL_NVIC_SetPriority
 .text.HAL_NVIC_EnableIRQ
                0x000000000800400c       0x1c build/stm32f4xx_hal_cortex.o
                0x000000000800400c                HAL_NVIC_EnableIRQ
 .text.HAL_Init
                0x0000000008004028       0x34 build/stm32f4xx_hal.o
                0x0000000008004028                HAL_Init
 .text.HAL_IncTick
                0x000000000800405c       0x18 build/stm32f4xx_hal.o
                0x000000000800405c                HAL_IncTick
 .text.HAL_GetTick
                0x0000000008004074        0xc build/stm32f4xx_hal.o
                0x0000000008004074                HAL_GetTick
 .text.HAL_Delay
                0x0000000008004080       0x28 build/stm32f4xx_hal.o
                0x0000000008004080                HAL_Delay
 .text.SystemInit
                0x00000000080040a8       0x4c build/system_stm32f4xx.o
                0x00000000080040a8                SystemInit
 .text.vListInitialise
                0x00000000080040f4       0x16 build/list.o
                0x00000000080040f4                vListInitialise
 .text.vListInitialiseItem
                0x000000000800410a        0x6 build/list.o
                0x000000000800410a                vListInitialiseItem
 .text.vListInsertEnd
                0x0000000008004110       0x16 build/list.o
                0x0000000008004110                vListInsertEnd
 .text.uxListRemove
                0x0000000008004126       0x26 build/list.o
                0x0000000008004126                uxListRemove
 .text.prvResetNextTaskUnblockTime
                0x000000000800414c       0x2c build/tasks.o
 .text.prvInitialiseNewTask
                0x0000000008004178       0x7e build/tasks.o
 *fill*         0x00000000080041f6        0x2 
 .text.prvInitialiseTaskLists
                0x00000000080041f8       0x68 build/tasks.o
 .text.prvAddNewTaskToReadyList
                0x0000000008004260       0xa8 build/tasks.o
 .text.prvDeleteTCB
                0x0000000008004308       0x38 build/tasks.o
 .text.prvCheckTasksWaitingTermination
                0x0000000008004340       0x4c build/tasks.o
 .text.prvIdleTask
                0x000000000800438c       0x28 build/tasks.o
 .text.xTaskCreateStatic
                0x00000000080043b4       0x72 build/tasks.o
                0x00000000080043b4                xTaskCreateStatic
 .text.xTaskCreate
                0x0000000008004426       0x66 build/tasks.o
                0x0000000008004426                xTaskCreate
 .text.vTaskStartScheduler
                0x000000000800448c       0x6c build/tasks.o
                0x000000000800448c                vTaskStartScheduler
 .text.vTaskSuspendAll
                0x00000000080044f8       0x10 build/tasks.o
                0x00000000080044f8                vTaskSuspendAll
 .text.xTaskIncrementTick
                0x0000000008004508      0x118 build/tasks.o
                0x0000000008004508                xTaskIncrementTick
 .text.xTaskResumeAll
                0x0000000008004620       0xfc build/tasks.o
                0x0000000008004620                xTaskResumeAll
 .text.vTaskSwitchContext
                0x000000000800471c       0x9c build/tasks.o
                0x000000000800471c                vTaskSwitchContext
 .text.makeFreeRtosPriority
                0x00000000080047b8        0xc build/cmsis_os.o
 .text.osKernelStart
                0x00000000080047c4        0xa build/cmsis_os.o
                0x00000000080047c4                osKernelStart
 .text.osThreadCreate
                0x00000000080047ce       0x6a build/cmsis_os.o
                0x00000000080047ce                osThreadCreate
 .text.prvHeapInit
                0x0000000008004838       0x64 build/heap_4.o
 .text.prvInsertBlockIntoFreeList
                0x000000000800489c       0x58 build/heap_4.o
 .text.pvPortMalloc
                0x00000000080048f4      0x108 build/heap_4.o
                0x00000000080048f4                pvPortMalloc
 .text.vPortFree
                0x00000000080049fc       0x70 build/heap_4.o
                0x00000000080049fc                vPortFree
 .text.prvTaskExitError
                0x0000000008004a6c       0x40 build/port.o
 .text.prvPortStartFirstTask
                0x0000000008004aac       0x28 build/port.o
 .text.vPortEnableVFP
                0x0000000008004ad4       0x14 build/port.o
 .text.pxPortInitialiseStack
                0x0000000008004ae8       0x2c build/port.o
                0x0000000008004ae8                pxPortInitialiseStack
 *fill*         0x0000000008004b14        0xc 
 .text.SVC_Handler
                0x0000000008004b20       0x24 build/port.o
                0x0000000008004b20                SVC_Handler
 .text.vPortEnterCritical
                0x0000000008004b44       0x44 build/port.o
                0x0000000008004b44                vPortEnterCritical
 .text.vPortExitCritical
                0x0000000008004b88       0x2c build/port.o
                0x0000000008004b88                vPortExitCritical
 *fill*         0x0000000008004bb4        0xc 
 .text.PendSV_Handler
                0x0000000008004bc0       0x64 build/port.o
                0x0000000008004bc0                PendSV_Handler
 .text.SysTick_Handler
                0x0000000008004c24       0x2c build/port.o
                0x0000000008004c24                SysTick_Handler
 .text.vPortSetupTimerInterrupt
                0x0000000008004c50       0x38 build/port.o
                0x0000000008004c50                vPortSetupTimerInterrupt
 .text.xPortStartScheduler
                0x0000000008004c88      0x110 build/port.o
                0x0000000008004c88                xPortStartScheduler
 .text.Reset_Handler
                0x0000000008004d98       0x50 build/startup_stm32f407xx.o
                0x0000000008004d98                Reset_Handler
 .text.Default_Handler
                0x0000000008004de8        0x2 build/startup_stm32f407xx.o
                0x0000000008004de8                DMA1_Stream3_IRQHandler
                0x0000000008004de8                HASH_RNG_IRQHandler
                0x0000000008004de8                EXTI2_IRQHandler
                0x0000000008004de8                TIM8_CC_IRQHandler
                0x0000000008004de8                TIM1_CC_IRQHandler
                0x0000000008004de8                DMA2_Stream5_IRQHandler
                0x0000000008004de8                DMA1_Stream5_IRQHandler
                0x0000000008004de8                PVD_IRQHandler
                0x0000000008004de8                SDIO_IRQHandler
                0x0000000008004de8                TAMP_STAMP_IRQHandler
                0x0000000008004de8                CAN2_RX1_IRQHandler
                0x0000000008004de8                EXTI3_IRQHandler
                0x0000000008004de8                TIM1_UP_TIM10_IRQHandler
                0x0000000008004de8                TIM8_UP_TIM13_IRQHandler
                0x0000000008004de8                I2C3_ER_IRQHandler
                0x0000000008004de8                I2C2_EV_IRQHandler
                0x0000000008004de8                DMA1_Stream2_IRQHandler
                0x0000000008004de8                CAN1_RX0_IRQHandler
                0x0000000008004de8                FPU_IRQHandler
                0x0000000008004de8                OTG_HS_WKUP_IRQHandler
                0x0000000008004de8                CAN2_SCE_IRQHandler
                0x0000000008004de8                DMA2_Stream2_IRQHandler
                0x0000000008004de8                SPI1_IRQHandler
                0x0000000008004de8                TIM6_DAC_IRQHandler
                0x0000000008004de8                TIM1_BRK_TIM9_IRQHandler
                0x0000000008004de8                DCMI_IRQHandler
                0x0000000008004de8                CAN2_RX0_IRQHandler
                0x0000000008004de8                DMA2_Stream3_IRQHandler
                0x0000000008004de8                USART6_IRQHandler
                0x0000000008004de8                CAN1_RX1_IRQHandler
                0x0000000008004de8                UART5_IRQHandler
                0x0000000008004de8                DMA2_Stream0_IRQHandler
                0x0000000008004de8                TIM4_IRQHandler
                0x0000000008004de8                I2C1_EV_IRQHandler
                0x0000000008004de8                DMA1_Stream6_IRQHandler
                0x0000000008004de8                DMA1_Stream1_IRQHandler
                0x0000000008004de8                UART4_IRQHandler
                0x0000000008004de8                TIM3_IRQHandler
                0x0000000008004de8                RCC_IRQHandler
                0x0000000008004de8                TIM8_BRK_TIM12_IRQHandler
                0x0000000008004de8                Default_Handler
                0x0000000008004de8                EXTI15_10_IRQHandler
                0x0000000008004de8                ADC_IRQHandler
                0x0000000008004de8                DMA1_Stream7_IRQHandler
                0x0000000008004de8                TIM7_IRQHandler
                0x0000000008004de8                CAN2_TX_IRQHandler
                0x0000000008004de8                TIM5_IRQHandler
                0x0000000008004de8                DMA2_Stream7_IRQHandler
                0x0000000008004de8                I2C3_EV_IRQHandler
                0x0000000008004de8                EXTI9_5_IRQHandler
                0x0000000008004de8                RTC_WKUP_IRQHandler
                0x0000000008004de8                ETH_WKUP_IRQHandler
                0x0000000008004de8                SPI2_IRQHandler
                0x0000000008004de8                OTG_HS_EP1_IN_IRQHandler
                0x0000000008004de8                DMA1_Stream0_IRQHandler
                0x0000000008004de8                CAN1_TX_IRQHandler
                0x0000000008004de8                EXTI4_IRQHandler
                0x0000000008004de8                FSMC_IRQHandler
                0x0000000008004de8                ETH_IRQHandler
                0x0000000008004de8                OTG_HS_EP1_OUT_IRQHandler
                0x0000000008004de8                WWDG_IRQHandler
                0x0000000008004de8                TIM2_IRQHandler
                0x0000000008004de8                OTG_FS_WKUP_IRQHandler
                0x0000000008004de8                TIM1_TRG_COM_TIM11_IRQHandler
                0x0000000008004de8                OTG_HS_IRQHandler
                0x0000000008004de8                EXTI1_IRQHandler
                0x0000000008004de8                I2C2_ER_IRQHandler
                0x0000000008004de8                DMA2_Stream1_IRQHandler
                0x0000000008004de8                CAN1_SCE_IRQHandler
                0x0000000008004de8                FLASH_IRQHandler
                0x0000000008004de8                DMA2_Stream4_IRQHandler
                0x0000000008004de8                USART1_IRQHandler
                0x0000000008004de8                OTG_FS_IRQHandler
                0x0000000008004de8                SPI3_IRQHandler
                0x0000000008004de8                DMA1_Stream4_IRQHandler
                0x0000000008004de8                I2C1_ER_IRQHandler
                0x0000000008004de8                DMA2_Stream6_IRQHandler
                0x0000000008004de8                RTC_Alarm_IRQHandler
 *fill*         0x0000000008004dea        0x2 
 .text.__libc_init_array
                0x0000000008004dec       0x48 /usr/local/Cellar/arm-gcc-bin/8-2018-q4-major/bin/../lib/gcc/arm-none-eabi/8.2.1/../../../../arm-none-eabi/lib/thumb/v7e-m+fp/hard/libc_nano.a(lib_a-init.o)
                0x0000000008004dec                __libc_init_array
 .text.memcpy   0x0000000008004e34       0x1c /usr/local/Cellar/arm-gcc-bin/8-2018-q4-major/bin/../lib/gcc/arm-none-eabi/8.2.1/../../../../arm-none-eabi/lib/thumb/v7e-m+fp/hard/libc_nano.a(lib_a-memcpy-stub.o)
                0x0000000008004e34                memcpy
 .text.memset   0x0000000008004e50       0x10 /usr/local/Cellar/arm-gcc-bin/8-2018-q4-major/bin/../lib/gcc/arm-none-eabi/8.2.1/../../../../arm-none-eabi/lib/thumb/v7e-m+fp/hard/libc_nano.a(lib_a-memset.o)
                0x0000000008004e50                memset
 .text.sprintf  0x0000000008004e60       0x40 /usr/local/Cellar/arm-gcc-bin/8-2018-q4-major/bin/../lib/gcc/arm-none-eabi/8.2.1/../../../../arm-none-eabi/lib/thumb/v7e-m+fp/hard/libc_nano.a(lib_a-sprintf.o)
                0x0000000008004e60                sprintf
                0x0000000008004e60                siprintf
 .text.__ssputs_r
                0x0000000008004ea0       0xb6 /usr/local/Cellar/arm-gcc-bin/8-2018-q4-major/bin/../lib/gcc/arm-none-eabi/8.2.1/../../../../arm-none-eabi/lib/thumb/v7e-m+fp/hard/libc_nano.a(lib_a-nano-svfprintf.o)
                0x0000000008004ea0                __ssputs_r
 *fill*         0x0000000008004f56        0x2 
 .text._svfprintf_r
                0x0000000008004f58      0x1f0 /usr/local/Cellar/arm-gcc-bin/8-2018-q4-major/bin/../lib/gcc/arm-none-eabi/8.2.1/../../../../arm-none-eabi/lib/thumb/v7e-m+fp/hard/libc_nano.a(lib_a-nano-svfprintf.o)
                0x0000000008004f58                _svfprintf_r
                0x0000000008004f58                _svfiprintf_r
 .text._printf_common
                0x0000000008005148       0xea /usr/local/Cellar/arm-gcc-bin/8-2018-q4-major/bin/../lib/gcc/arm-none-eabi/8.2.1/../../../../arm-none-eabi/lib/thumb/v7e-m+fp/hard/libc_nano.a(lib_a-nano-vfprintf_i.o)
                0x0000000008005148                _printf_common
 *fill*         0x0000000008005232        0x2 
 .text._printf_i
                0x0000000008005234      0x228 /usr/local/Cellar/arm-gcc-bin/8-2018-q4-major/bin/../lib/gcc/arm-none-eabi/8.2.1/../../../../arm-none-eabi/lib/thumb/v7e-m+fp/hard/libc_nano.a(lib_a-nano-vfprintf_i.o)
                0x0000000008005234                _printf_i
 .text.memmove  0x000000000800545c       0x34 /usr/local/Cellar/arm-gcc-bin/8-2018-q4-major/bin/../lib/gcc/arm-none-eabi/8.2.1/../../../../arm-none-eabi/lib/thumb/v7e-m+fp/hard/libc_nano.a(lib_a-memmove.o)
                0x000000000800545c                memmove
 .text._free_r  0x0000000008005490       0x9c /usr/local/Cellar/arm-gcc-bin/8-2018-q4-major/bin/../lib/gcc/arm-none-eabi/8.2.1/../../../../arm-none-eabi/lib/thumb/v7e-m+fp/hard/libc_nano.a(lib_a-nano-freer.o)
                0x0000000008005490                _free_r
 .text._malloc_r
                0x000000000800552c       0xb4 /usr/local/Cellar/arm-gcc-bin/8-2018-q4-major/bin/../lib/gcc/arm-none-eabi/8.2.1/../../../../arm-none-eabi/lib/thumb/v7e-m+fp/hard/libc_nano.a(lib_a-nano-mallocr.o)
                0x000000000800552c                _malloc_r
 .text._realloc_r
                0x00000000080055e0       0x4c /usr/local/Cellar/arm-gcc-bin/8-2018-q4-major/bin/../lib/gcc/arm-none-eabi/8.2.1/../../../../arm-none-eabi/lib/thumb/v7e-m+fp/hard/libc_nano.a(lib_a-nano-reallocr.o)
                0x00000000080055e0                _realloc_r
 .text._sbrk_r  0x000000000800562c       0x20 /usr/local/Cellar/arm-gcc-bin/8-2018-q4-major/bin/../lib/gcc/arm-none-eabi/8.2.1/../../../../arm-none-eabi/lib/thumb/v7e-m+fp/hard/libc_nano.a(lib_a-sbrkr.o)
                0x000000000800562c                _sbrk_r
 .text.__malloc_lock
                0x000000000800564c        0xc /usr/local/Cellar/arm-gcc-bin/8-2018-q4-major/bin/../lib/gcc/arm-none-eabi/8.2.1/../../../../arm-none-eabi/lib/thumb/v7e-m+fp/hard/libc_nano.a(lib_a-mlock.o)
                0x000000000800564c                __malloc_lock
 .text.__malloc_unlock
                0x0000000008005658        0xc /usr/local/Cellar/arm-gcc-bin/8-2018-q4-major/bin/../lib/gcc/arm-none-eabi/8.2.1/../../../../arm-none-eabi/lib/thumb/v7e-m+fp/hard/libc_nano.a(lib_a-mlock.o)
                0x0000000008005658                __malloc_unlock
 .text._malloc_usable_size_r
                0x0000000008005664       0x10 /usr/local/Cellar/arm-gcc-bin/8-2018-q4-major/bin/../lib/gcc/arm-none-eabi/8.2.1/../../../../arm-none-eabi/lib/thumb/v7e-m+fp/hard/libc_nano.a(lib_a-nano-msizer.o)
                0x0000000008005664                _malloc_usable_size_r
 .text.__retarget_lock_acquire_recursive
                0x0000000008005674        0x2 /usr/local/Cellar/arm-gcc-bin/8-2018-q4-major/bin/../lib/gcc/arm-none-eabi/8.2.1/../../../../arm-none-eabi/lib/thumb/v7e-m+fp/hard/libc_nano.a(lib_a-lock.o)
                0x0000000008005674                __retarget_lock_acquire_recursive
 .text.__retarget_lock_release_recursive
                0x0000000008005676        0x2 /usr/local/Cellar/arm-gcc-bin/8-2018-q4-major/bin/../lib/gcc/arm-none-eabi/8.2.1/../../../../arm-none-eabi/lib/thumb/v7e-m+fp/hard/libc_nano.a(lib_a-lock.o)
                0x0000000008005676                __retarget_lock_release_recursive
 .text._sbrk    0x0000000008005678       0x1c /usr/local/Cellar/arm-gcc-bin/8-2018-q4-major/bin/../lib/gcc/arm-none-eabi/8.2.1/../../../../arm-none-eabi/lib/thumb/v7e-m+fp/hard/libnosys.a(sbrk.o)
                0x0000000008005678                _sbrk
 *(.glue_7)
 .glue_7        0x0000000008005694        0x0 linker stubs
 *(.glue_7t)
 .glue_7t       0x0000000008005694        0x0 linker stubs
 *(.eh_frame)
 .eh_frame      0x0000000008005694        0x0 /usr/local/Cellar/arm-gcc-bin/8-2018-q4-major/bin/../lib/gcc/arm-none-eabi/8.2.1/thumb/v7e-m+fp/hard/crtbegin.o
 *(.init)
 .init          0x0000000008005694        0x4 /usr/local/Cellar/arm-gcc-bin/8-2018-q4-major/bin/../lib/gcc/arm-none-eabi/8.2.1/thumb/v7e-m+fp/hard/crti.o
                0x0000000008005694                _init
 .init          0x0000000008005698        0x8 /usr/local/Cellar/arm-gcc-bin/8-2018-q4-major/bin/../lib/gcc/arm-none-eabi/8.2.1/thumb/v7e-m+fp/hard/crtn.o
 *(.fini)
 .fini          0x00000000080056a0        0x4 /usr/local/Cellar/arm-gcc-bin/8-2018-q4-major/bin/../lib/gcc/arm-none-eabi/8.2.1/thumb/v7e-m+fp/hard/crti.o
                0x00000000080056a0                _fini
 .fini          0x00000000080056a4        0x8 /usr/local/Cellar/arm-gcc-bin/8-2018-q4-major/bin/../lib/gcc/arm-none-eabi/8.2.1/thumb/v7e-m+fp/hard/crtn.o
                0x00000000080056ac                . = ALIGN (0x4)
                0x00000000080056ac                _etext = .

.vfp11_veneer   0x00000000080056ac        0x0
 .vfp11_veneer  0x00000000080056ac        0x0 linker stubs

.v4_bx          0x00000000080056ac        0x0
 .v4_bx         0x00000000080056ac        0x0 linker stubs

.iplt           0x00000000080056ac        0x0
 .iplt          0x00000000080056ac        0x0 /usr/local/Cellar/arm-gcc-bin/8-2018-q4-major/bin/../lib/gcc/arm-none-eabi/8.2.1/thumb/v7e-m+fp/hard/crtbegin.o

.rodata         0x00000000080056ac      0x7ac
                0x00000000080056ac                . = ALIGN (0x4)
 *(.rodata)
 .rodata        0x00000000080056ac       0x1c build/main.o
 *(.rodata*)
 .rodata.EEPROM_AddContact.str1.4
                0x00000000080056c8       0x81 build/main.o
 *fill*         0x0000000008005749        0x3 
 .rodata.EEPROM_GetName.str1.4
                0x000000000800574c       0x6e build/main.o
 *fill*         0x00000000080057ba        0x2 
 .rodata.EEPROM_GetNumber.str1.4
                0x00000000080057bc       0x6c build/main.o
 .rodata.EEPROM_Init.str1.4
                0x0000000008005828       0x17 build/main.o
 *fill*         0x000000000800583f        0x1 
 .rodata.EEPROM_ListContacts.str1.4
                0x0000000008005840       0x33 build/main.o
                                         0x37 (size before relaxing)
 *fill*         0x0000000008005873        0x1 
 .rodata.ESP_HandleCall.str1.4
                0x0000000008005874       0x26 build/main.o
 *fill*         0x000000000800589a        0x2 
 .rodata.ESP_HandleContact.str1.4
                0x000000000800589c       0x1a build/main.o
 *fill*         0x00000000080058b6        0x2 
 .rodata.ESP_HandleEndCall.str1.4
                0x00000000080058b8       0x2f build/main.o
 *fill*         0x00000000080058e7        0x1 
 .rodata.ESP_HandleErase.str1.4
                0x00000000080058e8       0x47 build/main.o
 *fill*         0x000000000800592f        0x1 
 .rodata.ESP_HandleHeaderParam.str1.4
                0x0000000008005930      0x1ad build/main.o
 *fill*         0x0000000008005add        0x3 
 .rodata.ESP_HandleRequset.str1.4
                0x0000000008005ae0       0x28 build/main.o
                                         0x44 (size before relaxing)
 .rodata.ESP_HandleSMS.str1.4
                0x0000000008005b08       0x26 build/main.o
 *fill*         0x0000000008005b2e        0x2 
 .rodata.ESP_Init.str1.4
                0x0000000008005b30       0x6c build/main.o
 .rodata.ESP_SendCall.str1.4
                0x0000000008005b9c       0x19 build/main.o
 *fill*         0x0000000008005bb5        0x3 
 .rodata.ESP_SendContact.str1.4
                0x0000000008005bb8       0x5a build/main.o
 *fill*         0x0000000008005c12        0x2 
 .rodata.ESP_SendError.str1.4
                0x0000000008005c14       0x1a build/main.o
 *fill*         0x0000000008005c2e        0x2 
 .rodata.ESP_SendIndex.str1.4
                0x0000000008005c30       0x41 build/main.o
 *fill*         0x0000000008005c71        0x3 
 .rodata.ESP_SendSMS.str1.4
                0x0000000008005c74       0x18 build/main.o
 .rodata.ESP_SendSuccess.str1.4
                0x0000000008005c8c       0x1c build/main.o
 .rodata.ESP_SendTalking.str1.4
                0x0000000008005ca8       0x1c build/main.o
 .rodata.Error_Handler.str1.4
                0x0000000008005cc4       0x47 build/main.o
 *fill*         0x0000000008005d0b        0x1 
 .rodata.SIMCOM_EndCall.str1.4
                0x0000000008005d0c        0x6 build/main.o
 *fill*         0x0000000008005d12        0x2 
 .rodata.SIMCOM_Init.str1.4
                0x0000000008005d14       0x2e build/main.o
 *fill*         0x0000000008005d42        0x2 
 .rodata.SIMCOM_MakeCall.str1.4
                0x0000000008005d44        0x9 build/main.o
 *fill*         0x0000000008005d4d        0x3 
 .rodata.SIMCOM_SendSMS.str1.4
                0x0000000008005d50       0x1f build/main.o
                                         0x27 (size before relaxing)
 *fill*         0x0000000008005d6f        0x1 
 .rodata.main.str1.4
                0x0000000008005d70       0x87 build/main.o
 *fill*         0x0000000008005df7        0x1 
 .rodata.str1.4
                0x0000000008005df8        0xc build/main.o
 .rodata.AHBPrescTable
                0x0000000008005e04       0x10 build/system_stm32f4xx.o
                0x0000000008005e04                AHBPrescTable
 .rodata.APBPrescTable
                0x0000000008005e14        0x8 build/system_stm32f4xx.o
                0x0000000008005e14                APBPrescTable
 .rodata.vTaskStartScheduler.str1.4
                0x0000000008005e1c        0x8 build/tasks.o
                                          0x5 (size before relaxing)
 .rodata._svfprintf_r.str1.1
                0x0000000008005e24       0x11 /usr/local/Cellar/arm-gcc-bin/8-2018-q4-major/bin/../lib/gcc/arm-none-eabi/8.2.1/../../../../arm-none-eabi/lib/thumb/v7e-m+fp/hard/libc_nano.a(lib_a-nano-svfprintf.o)
 .rodata._printf_i.str1.1
                0x0000000008005e35       0x22 /usr/local/Cellar/arm-gcc-bin/8-2018-q4-major/bin/../lib/gcc/arm-none-eabi/8.2.1/../../../../arm-none-eabi/lib/thumb/v7e-m+fp/hard/libc_nano.a(lib_a-nano-vfprintf_i.o)
                0x0000000008005e58                . = ALIGN (0x4)
 *fill*         0x0000000008005e57        0x1 

.ARM.extab
 *(.ARM.extab* .gnu.linkonce.armextab.*)

.ARM            0x0000000008005e58        0x8
                0x0000000008005e58                __exidx_start = .
 *(.ARM.exidx*)
 .ARM.exidx     0x0000000008005e58        0x8 /usr/local/Cellar/arm-gcc-bin/8-2018-q4-major/bin/../lib/gcc/arm-none-eabi/8.2.1/thumb/v7e-m+fp/hard/libgcc.a(_udivmoddi4.o)
                0x0000000008005e60                __exidx_end = .

.rel.dyn        0x0000000008005e60        0x0
 .rel.iplt      0x0000000008005e60        0x0 /usr/local/Cellar/arm-gcc-bin/8-2018-q4-major/bin/../lib/gcc/arm-none-eabi/8.2.1/thumb/v7e-m+fp/hard/crtbegin.o

.preinit_array  0x0000000008005e60        0x0
                0x0000000008005e60                PROVIDE (__preinit_array_start = .)
 *(.preinit_array*)
                0x0000000008005e60                PROVIDE (__preinit_array_end = .)

.init_array     0x0000000008005e60        0x4
                0x0000000008005e60                PROVIDE (__init_array_start = .)
 *(SORT_BY_NAME(.init_array.*))
 *(.init_array*)
 .init_array    0x0000000008005e60        0x4 /usr/local/Cellar/arm-gcc-bin/8-2018-q4-major/bin/../lib/gcc/arm-none-eabi/8.2.1/thumb/v7e-m+fp/hard/crtbegin.o
                0x0000000008005e64                PROVIDE (__init_array_end = .)

.fini_array     0x0000000008005e64        0x4
                [!provide]                        PROVIDE (__fini_array_start = .)
 *(SORT_BY_NAME(.fini_array.*))
 *(.fini_array*)
 .fini_array    0x0000000008005e64        0x4 /usr/local/Cellar/arm-gcc-bin/8-2018-q4-major/bin/../lib/gcc/arm-none-eabi/8.2.1/thumb/v7e-m+fp/hard/crtbegin.o
                [!provide]                        PROVIDE (__fini_array_end = .)
                0x0000000008005e68                _sidata = LOADADDR (.data)

.data           0x0000000020000000     0x1940 load address 0x0000000008005e68
                0x0000000020000000                . = ALIGN (0x4)
                0x0000000020000000                _sdata = .
 *(.data)
 *(.data*)
 .data.CallPage
                0x0000000020000000      0x31d build/main.o
                0x0000000020000000                CallPage
 *fill*         0x000000002000031d        0x3 
 .data.ContactPage1
                0x0000000020000320      0x473 build/main.o
                0x0000000020000320                ContactPage1
 *fill*         0x0000000020000793        0x1 
 .data.ContactPage2
                0x0000000020000794      0x149 build/main.o
                0x0000000020000794                ContactPage2
 *fill*         0x00000000200008dd        0x3 
 .data.ErrorPage1
                0x00000000200008e0      0x1ad build/main.o
                0x00000000200008e0                ErrorPage1
 *fill*         0x0000000020000a8d        0x3 
 .data.ErrorPage2
                0x0000000020000a90      0x1f0 build/main.o
                0x0000000020000a90                ErrorPage2
 .data.IndexPage
                0x0000000020000c80      0x2db build/main.o
                0x0000000020000c80                IndexPage
 *fill*         0x0000000020000f5b        0x1 
 .data.SMSPage  0x0000000020000f5c      0x42a build/main.o
                0x0000000020000f5c                SMSPage
 *fill*         0x0000000020001386        0x2 
 .data.SuccessPage
                0x0000000020001388      0x380 build/main.o
                0x0000000020001388                SuccessPage
 .data.TalkingPage
                0x0000000020001708      0x1c1 build/main.o
                0x0000000020001708                TalkingPage
 *fill*         0x00000000200018c9        0x3 
 .data.VirtAddVarTab
                0x00000000200018cc        0x6 build/main.o
                0x00000000200018cc                VirtAddVarTab
 .data.clientNumber
                0x00000000200018d2        0x1 build/main.o
                0x00000000200018d2                clientNumber
 .data.uwTickFreq
                0x00000000200018d3        0x1 build/stm32f4xx_hal.o
                0x00000000200018d3                uwTickFreq
 .data.SystemCoreClock
                0x00000000200018d4        0x4 build/system_stm32f4xx.o
                0x00000000200018d4                SystemCoreClock
 .data.uxCriticalNesting
                0x00000000200018d8        0x4 build/port.o
 .data._impure_ptr
                0x00000000200018dc        0x4 /usr/local/Cellar/arm-gcc-bin/8-2018-q4-major/bin/../lib/gcc/arm-none-eabi/8.2.1/../../../../arm-none-eabi/lib/thumb/v7e-m+fp/hard/libc_nano.a(lib_a-impure.o)
                0x00000000200018dc                _impure_ptr
 .data.impure_data
                0x00000000200018e0       0x60 /usr/local/Cellar/arm-gcc-bin/8-2018-q4-major/bin/../lib/gcc/arm-none-eabi/8.2.1/../../../../arm-none-eabi/lib/thumb/v7e-m+fp/hard/libc_nano.a(lib_a-impure.o)
                0x0000000020001940                . = ALIGN (0x4)
                0x0000000020001940                _edata = .
                0x00000000080077a8                _siccmram = LOADADDR (.ccmram)

.igot.plt       0x0000000020001940        0x0 load address 0x00000000080077a8
 .igot.plt      0x0000000020001940        0x0 /usr/local/Cellar/arm-gcc-bin/8-2018-q4-major/bin/../lib/gcc/arm-none-eabi/8.2.1/thumb/v7e-m+fp/hard/crtbegin.o

.ccmram         0x0000000010000000        0x0 load address 0x00000000080077a8
                0x0000000010000000                . = ALIGN (0x4)
                0x0000000010000000                _sccmram = .
 *(.ccmram)
 *(.ccmram*)
                0x0000000010000000                . = ALIGN (0x4)
                0x0000000010000000                _eccmram = .
                0x0000000010000000                . = ALIGN (0x4)

.bss            0x0000000020001940     0x43b4
                0x0000000020001940                _sbss = .
                0x0000000020001940                __bss_start__ = _sbss
 *(.bss)
 .bss           0x0000000020001940       0x1c /usr/local/Cellar/arm-gcc-bin/8-2018-q4-major/bin/../lib/gcc/arm-none-eabi/8.2.1/thumb/v7e-m+fp/hard/crtbegin.o
 *(.bss*)
 .bss.ContactCount
                0x000000002000195c        0x2 build/main.o
                0x000000002000195c                ContactCount
 .bss.RequestHeaderCounter
                0x000000002000195e        0x1 build/main.o
                0x000000002000195e                RequestHeaderCounter
 .bss.ready     0x000000002000195f        0x1 build/main.o
                0x000000002000195f                ready
 .bss.request   0x0000000020001960        0x1 build/main.o
                0x0000000020001960                request
 .bss.rxCounter
                0x0000000020001961        0x1 build/main.o
                0x0000000020001961                rxCounter
 .bss.DataVar   0x0000000020001962        0x2 build/eeprom.o
                0x0000000020001962                DataVar
 .bss.xIdleStack
                0x0000000020001964      0x200 build/freertos.o
 .bss.xIdleTaskTCBBuffer
                0x0000000020001b64       0x54 build/freertos.o
 .bss.pxCurrentTCB
                0x0000000020001bb8        0x4 build/tasks.o
                0x0000000020001bb8                pxCurrentTCB
 .bss.pxDelayedTaskList
                0x0000000020001bbc        0x4 build/tasks.o
 .bss.pxOverflowDelayedTaskList
                0x0000000020001bc0        0x4 build/tasks.o
 .bss.pxReadyTasksLists
                0x0000000020001bc4       0x8c build/tasks.o
 .bss.uxCurrentNumberOfTasks
                0x0000000020001c50        0x4 build/tasks.o
 .bss.uxDeletedTasksWaitingCleanUp
                0x0000000020001c54        0x4 build/tasks.o
 .bss.uxPendedTicks
                0x0000000020001c58        0x4 build/tasks.o
 .bss.uxSchedulerSuspended
                0x0000000020001c5c        0x4 build/tasks.o
 .bss.uxTaskNumber
                0x0000000020001c60        0x4 build/tasks.o
 .bss.uxTopReadyPriority
                0x0000000020001c64        0x4 build/tasks.o
 .bss.xDelayedTaskList1
                0x0000000020001c68       0x14 build/tasks.o
 .bss.xDelayedTaskList2
                0x0000000020001c7c       0x14 build/tasks.o
 .bss.xNextTaskUnblockTime
                0x0000000020001c90        0x4 build/tasks.o
 .bss.xNumOfOverflows
                0x0000000020001c94        0x4 build/tasks.o
 .bss.xPendingReadyList
                0x0000000020001c98       0x14 build/tasks.o
 .bss.xSchedulerRunning
                0x0000000020001cac        0x4 build/tasks.o
 .bss.xSuspendedTaskList
                0x0000000020001cb0       0x14 build/tasks.o
 .bss.xTasksWaitingTermination
                0x0000000020001cc4       0x14 build/tasks.o
 .bss.xTickCount
                0x0000000020001cd8        0x4 build/tasks.o
 .bss.xYieldPending
                0x0000000020001cdc        0x4 build/tasks.o
 .bss.pxEnd     0x0000000020001ce0        0x4 build/heap_4.o
 .bss.ucHeap    0x0000000020001ce4     0x3c00 build/heap_4.o
 .bss.xBlockAllocatedBit
                0x00000000200058e4        0x4 build/heap_4.o
 .bss.xFreeBytesRemaining
                0x00000000200058e8        0x4 build/heap_4.o
 .bss.xMinimumEverFreeBytesRemaining
                0x00000000200058ec        0x4 build/heap_4.o
 .bss.xStart    0x00000000200058f0        0x8 build/heap_4.o
 .bss.ucMaxSysCallPriority
                0x00000000200058f8        0x1 build/port.o
 *fill*         0x00000000200058f9        0x3 
 .bss.ulMaxPRIGROUPValue
                0x00000000200058fc        0x4 build/port.o
 .bss.__malloc_free_list
                0x0000000020005900        0x4 /usr/local/Cellar/arm-gcc-bin/8-2018-q4-major/bin/../lib/gcc/arm-none-eabi/8.2.1/../../../../arm-none-eabi/lib/thumb/v7e-m+fp/hard/libc_nano.a(lib_a-nano-mallocr.o)
                0x0000000020005900                __malloc_free_list
 .bss.__malloc_sbrk_start
                0x0000000020005904        0x4 /usr/local/Cellar/arm-gcc-bin/8-2018-q4-major/bin/../lib/gcc/arm-none-eabi/8.2.1/../../../../arm-none-eabi/lib/thumb/v7e-m+fp/hard/libc_nano.a(lib_a-nano-mallocr.o)
                0x0000000020005904                __malloc_sbrk_start
 .bss.heap_end.5501
                0x0000000020005908        0x4 /usr/local/Cellar/arm-gcc-bin/8-2018-q4-major/bin/../lib/gcc/arm-none-eabi/8.2.1/../../../../arm-none-eabi/lib/thumb/v7e-m+fp/hard/libnosys.a(sbrk.o)
 *(COMMON)
 COMMON         0x000000002000590c      0x372 build/main.o
                0x000000002000590c                defaultTaskHandle
                0x0000000020005910                huart3
                0x0000000020005950                RequestHeader
                0x0000000020005982                TextLength
                0x0000000020005984                ReadAddr
                0x0000000020005988                ContactName
                0x0000000020005994                EspRxArray
                0x0000000020005b24                buffer
                0x0000000020005b60                ContactNumber
                0x0000000020005b6c                ContactNameTemp
                0x0000000020005b78                huart6
                0x0000000020005bb8                ContactNumberTemp
                0x0000000020005bc4                EspRxBuffer
                0x0000000020005bc8                huart2
                0x0000000020005c08                ErrorTextLength
                0x0000000020005c0a                WriteAddr
                0x0000000020005c0c                ErrorText
                0x0000000020005c48                ContactNameLength
                0x0000000020005c4c                TextMessage
 *fill*         0x0000000020005c7e        0x2 
 COMMON         0x0000000020005c80       0x40 build/stm32f4xx_hal_timebase_tim.o
                0x0000000020005c80                htim14
 COMMON         0x0000000020005cc0       0x20 build/stm32f4xx_hal_flash.o
                0x0000000020005cc0                pFlash
 COMMON         0x0000000020005ce0        0x4 build/stm32f4xx_hal.o
                0x0000000020005ce0                uwTick
 COMMON         0x0000000020005ce4        0x4 /usr/local/Cellar/arm-gcc-bin/8-2018-q4-major/bin/../lib/gcc/arm-none-eabi/8.2.1/../../../../arm-none-eabi/lib/thumb/v7e-m+fp/hard/libc_nano.a(lib_a-reent.o)
                0x0000000020005ce4                errno
 COMMON         0x0000000020005ce8        0x9 /usr/local/Cellar/arm-gcc-bin/8-2018-q4-major/bin/../lib/gcc/arm-none-eabi/8.2.1/../../../../arm-none-eabi/lib/thumb/v7e-m+fp/hard/libc_nano.a(lib_a-lock.o)
                0x0000000020005ce8                __lock___atexit_recursive_mutex
                0x0000000020005ce9                __lock___arc4random_mutex
                0x0000000020005cea                __lock___env_recursive_mutex
                0x0000000020005ceb                __lock___sinit_recursive_mutex
                0x0000000020005cec                __lock___malloc_recursive_mutex
                0x0000000020005ced                __lock___at_quick_exit_mutex
                0x0000000020005cee                __lock___dd_hash_mutex
                0x0000000020005cef                __lock___tz_mutex
                0x0000000020005cf0                __lock___sfp_recursive_mutex
                0x0000000020005cf4                . = ALIGN (0x4)
 *fill*         0x0000000020005cf1        0x3 
                0x0000000020005cf4                _ebss = .
                0x0000000020005cf4                __bss_end__ = _ebss

._user_heap_stack
                0x0000000020005cf4      0x604
                0x0000000020005cf8                . = ALIGN (0x8)
 *fill*         0x0000000020005cf4        0x4 
                0x0000000020005cf8                PROVIDE (end = .)
                [!provide]                        PROVIDE (_end = .)
                0x0000000020005ef8                . = (. + _Min_Heap_Size)
 *fill*         0x0000000020005cf8      0x200 
                0x00000000200062f8                . = (. + _Min_Stack_Size)
 *fill*         0x0000000020005ef8      0x400 
                0x00000000200062f8                . = ALIGN (0x8)

/DISCARD/
 libc.a(*)
 libm.a(*)
 libgcc.a(*)

.ARM.attributes
                0x0000000000000000       0x30
 *(.ARM.attributes)
 .ARM.attributes
                0x0000000000000000       0x1e /usr/local/Cellar/arm-gcc-bin/8-2018-q4-major/bin/../lib/gcc/arm-none-eabi/8.2.1/thumb/v7e-m+fp/hard/crti.o
 .ARM.attributes
                0x000000000000001e       0x34 /usr/local/Cellar/arm-gcc-bin/8-2018-q4-major/bin/../lib/gcc/arm-none-eabi/8.2.1/thumb/v7e-m+fp/hard/crtbegin.o
 .ARM.attributes
                0x0000000000000052       0x34 build/main.o
 .ARM.attributes
                0x0000000000000086       0x34 build/eeprom.o
 .ARM.attributes
                0x00000000000000ba       0x34 build/freertos.o
 .ARM.attributes
                0x00000000000000ee       0x34 build/stm32f4xx_it.o
 .ARM.attributes
                0x0000000000000122       0x34 build/stm32f4xx_hal_msp.o
 .ARM.attributes
                0x0000000000000156       0x34 build/stm32f4xx_hal_timebase_tim.o
 .ARM.attributes
                0x000000000000018a       0x34 build/stm32f4xx_hal_tim.o
 .ARM.attributes
                0x00000000000001be       0x34 build/stm32f4xx_hal_tim_ex.o
 .ARM.attributes
                0x00000000000001f2       0x34 build/stm32f4xx_hal_uart.o
 .ARM.attributes
                0x0000000000000226       0x34 build/stm32f4xx_hal_rcc.o
 .ARM.attributes
                0x000000000000025a       0x34 build/stm32f4xx_hal_flash.o
 .ARM.attributes
                0x000000000000028e       0x34 build/stm32f4xx_hal_flash_ex.o
 .ARM.attributes
                0x00000000000002c2       0x34 build/stm32f4xx_hal_gpio.o
 .ARM.attributes
                0x00000000000002f6       0x34 build/stm32f4xx_hal_dma.o
 .ARM.attributes
                0x000000000000032a       0x34 build/stm32f4xx_hal_cortex.o
 .ARM.attributes
                0x000000000000035e       0x34 build/stm32f4xx_hal.o
 .ARM.attributes
                0x0000000000000392       0x34 build/system_stm32f4xx.o
 .ARM.attributes
                0x00000000000003c6       0x34 build/list.o
 .ARM.attributes
                0x00000000000003fa       0x34 build/tasks.o
 .ARM.attributes
                0x000000000000042e       0x34 build/cmsis_os.o
 .ARM.attributes
                0x0000000000000462       0x34 build/heap_4.o
 .ARM.attributes
                0x0000000000000496       0x34 build/port.o
 .ARM.attributes
                0x00000000000004ca       0x21 build/startup_stm32f407xx.o
 .ARM.attributes
                0x00000000000004eb       0x32 /usr/local/Cellar/arm-gcc-bin/8-2018-q4-major/bin/../lib/gcc/arm-none-eabi/8.2.1/../../../../arm-none-eabi/lib/thumb/v7e-m+fp/hard/libc_nano.a(lib_a-impure.o)
 .ARM.attributes
                0x000000000000051d       0x34 /usr/local/Cellar/arm-gcc-bin/8-2018-q4-major/bin/../lib/gcc/arm-none-eabi/8.2.1/../../../../arm-none-eabi/lib/thumb/v7e-m+fp/hard/libc_nano.a(lib_a-init.o)
 .ARM.attributes
                0x0000000000000551       0x34 /usr/local/Cellar/arm-gcc-bin/8-2018-q4-major/bin/../lib/gcc/arm-none-eabi/8.2.1/../../../../arm-none-eabi/lib/thumb/v7e-m+fp/hard/libc_nano.a(lib_a-memcpy-stub.o)
 .ARM.attributes
                0x0000000000000585       0x34 /usr/local/Cellar/arm-gcc-bin/8-2018-q4-major/bin/../lib/gcc/arm-none-eabi/8.2.1/../../../../arm-none-eabi/lib/thumb/v7e-m+fp/hard/libc_nano.a(lib_a-memset.o)
 .ARM.attributes
                0x00000000000005b9       0x34 /usr/local/Cellar/arm-gcc-bin/8-2018-q4-major/bin/../lib/gcc/arm-none-eabi/8.2.1/../../../../arm-none-eabi/lib/thumb/v7e-m+fp/hard/libc_nano.a(lib_a-sprintf.o)
 .ARM.attributes
                0x00000000000005ed       0x34 /usr/local/Cellar/arm-gcc-bin/8-2018-q4-major/bin/../lib/gcc/arm-none-eabi/8.2.1/../../../../arm-none-eabi/lib/thumb/v7e-m+fp/hard/libc_nano.a(lib_a-nano-svfprintf.o)
 .ARM.attributes
                0x0000000000000621       0x34 /usr/local/Cellar/arm-gcc-bin/8-2018-q4-major/bin/../lib/gcc/arm-none-eabi/8.2.1/../../../../arm-none-eabi/lib/thumb/v7e-m+fp/hard/libc_nano.a(lib_a-nano-vfprintf_i.o)
 .ARM.attributes
                0x0000000000000655       0x1c /usr/local/Cellar/arm-gcc-bin/8-2018-q4-major/bin/../lib/gcc/arm-none-eabi/8.2.1/../../../../arm-none-eabi/lib/thumb/v7e-m+fp/hard/libc_nano.a(lib_a-memchr.o)
 .ARM.attributes
                0x0000000000000671       0x34 /usr/local/Cellar/arm-gcc-bin/8-2018-q4-major/bin/../lib/gcc/arm-none-eabi/8.2.1/../../../../arm-none-eabi/lib/thumb/v7e-m+fp/hard/libc_nano.a(lib_a-memmove.o)
 .ARM.attributes
                0x00000000000006a5       0x34 /usr/local/Cellar/arm-gcc-bin/8-2018-q4-major/bin/../lib/gcc/arm-none-eabi/8.2.1/../../../../arm-none-eabi/lib/thumb/v7e-m+fp/hard/libc_nano.a(lib_a-nano-freer.o)
 .ARM.attributes
                0x00000000000006d9       0x34 /usr/local/Cellar/arm-gcc-bin/8-2018-q4-major/bin/../lib/gcc/arm-none-eabi/8.2.1/../../../../arm-none-eabi/lib/thumb/v7e-m+fp/hard/libc_nano.a(lib_a-nano-mallocr.o)
 .ARM.attributes
                0x000000000000070d       0x34 /usr/local/Cellar/arm-gcc-bin/8-2018-q4-major/bin/../lib/gcc/arm-none-eabi/8.2.1/../../../../arm-none-eabi/lib/thumb/v7e-m+fp/hard/libc_nano.a(lib_a-nano-reallocr.o)
 .ARM.attributes
                0x0000000000000741       0x34 /usr/local/Cellar/arm-gcc-bin/8-2018-q4-major/bin/../lib/gcc/arm-none-eabi/8.2.1/../../../../arm-none-eabi/lib/thumb/v7e-m+fp/hard/libc_nano.a(lib_a-sbrkr.o)
 .ARM.attributes
                0x0000000000000775       0x34 /usr/local/Cellar/arm-gcc-bin/8-2018-q4-major/bin/../lib/gcc/arm-none-eabi/8.2.1/../../../../arm-none-eabi/lib/thumb/v7e-m+fp/hard/libc_nano.a(lib_a-mlock.o)
 .ARM.attributes
                0x00000000000007a9       0x34 /usr/local/Cellar/arm-gcc-bin/8-2018-q4-major/bin/../lib/gcc/arm-none-eabi/8.2.1/../../../../arm-none-eabi/lib/thumb/v7e-m+fp/hard/libc_nano.a(lib_a-nano-msizer.o)
 .ARM.attributes
                0x00000000000007dd       0x34 /usr/local/Cellar/arm-gcc-bin/8-2018-q4-major/bin/../lib/gcc/arm-none-eabi/8.2.1/../../../../arm-none-eabi/lib/thumb/v7e-m+fp/hard/libc_nano.a(lib_a-reent.o)
 .ARM.attributes
                0x0000000000000811       0x34 /usr/local/Cellar/arm-gcc-bin/8-2018-q4-major/bin/../lib/gcc/arm-none-eabi/8.2.1/../../../../arm-none-eabi/lib/thumb/v7e-m+fp/hard/libc_nano.a(lib_a-lock.o)
 .ARM.attributes
                0x0000000000000845       0x34 /usr/local/Cellar/arm-gcc-bin/8-2018-q4-major/bin/../lib/gcc/arm-none-eabi/8.2.1/../../../../arm-none-eabi/lib/thumb/v7e-m+fp/hard/libnosys.a(sbrk.o)
 .ARM.attributes
                0x0000000000000879       0x1e /usr/local/Cellar/arm-gcc-bin/8-2018-q4-major/bin/../lib/gcc/arm-none-eabi/8.2.1/thumb/v7e-m+fp/hard/libgcc.a(_aeabi_uldivmod.o)
 .ARM.attributes
                0x0000000000000897       0x34 /usr/local/Cellar/arm-gcc-bin/8-2018-q4-major/bin/../lib/gcc/arm-none-eabi/8.2.1/thumb/v7e-m+fp/hard/libgcc.a(_udivmoddi4.o)
 .ARM.attributes
                0x00000000000008cb       0x1e /usr/local/Cellar/arm-gcc-bin/8-2018-q4-major/bin/../lib/gcc/arm-none-eabi/8.2.1/thumb/v7e-m+fp/hard/libgcc.a(_dvmd_tls.o)
 .ARM.attributes
                0x00000000000008e9       0x1e /usr/local/Cellar/arm-gcc-bin/8-2018-q4-major/bin/../lib/gcc/arm-none-eabi/8.2.1/thumb/v7e-m+fp/hard/crtn.o
OUTPUT(build/FinalProject.elf elf32-littlearm)

.debug_info     0x0000000000000000    0x1c7b9
 .debug_info    0x0000000000000000     0x4ccc build/main.o
 .debug_info    0x0000000000004ccc      0xa52 build/eeprom.o
 .debug_info    0x000000000000571e      0x330 build/freertos.o
 .debug_info    0x0000000000005a4e      0xab3 build/stm32f4xx_it.o
 .debug_info    0x0000000000006501      0xf0f build/stm32f4xx_hal_msp.o
 .debug_info    0x0000000000007410      0xd41 build/stm32f4xx_hal_timebase_tim.o
 .debug_info    0x0000000000008151     0x3a29 build/stm32f4xx_hal_tim.o
 .debug_info    0x000000000000bb7a     0x185f build/stm32f4xx_hal_tim_ex.o
 .debug_info    0x000000000000d3d9     0x1b32 build/stm32f4xx_hal_uart.o
 .debug_info    0x000000000000ef0b      0xbd9 build/stm32f4xx_hal_rcc.o
 .debug_info    0x000000000000fae4      0x82d build/stm32f4xx_hal_flash.o
 .debug_info    0x0000000000010311      0x94a build/stm32f4xx_hal_flash_ex.o
 .debug_info    0x0000000000010c5b      0x8b8 build/stm32f4xx_hal_gpio.o
 .debug_info    0x0000000000011513      0xc2e build/stm32f4xx_hal_dma.o
 .debug_info    0x0000000000012141     0x11f3 build/stm32f4xx_hal_cortex.o
 .debug_info    0x0000000000013334      0xb2e build/stm32f4xx_hal.o
 .debug_info    0x0000000000013e62      0x5df build/system_stm32f4xx.o
 .debug_info    0x0000000000014441      0xc9e build/list.o
 .debug_info    0x00000000000150df     0x348b build/tasks.o
 .debug_info    0x000000000001856a     0x2d6c build/cmsis_os.o
 .debug_info    0x000000000001b2d6      0xe81 build/heap_4.o
 .debug_info    0x000000000001c157      0x640 build/port.o
 .debug_info    0x000000000001c797       0x22 build/startup_stm32f407xx.o

.debug_abbrev   0x0000000000000000     0x3ab3
 .debug_abbrev  0x0000000000000000      0x3e0 build/main.o
 .debug_abbrev  0x00000000000003e0      0x202 build/eeprom.o
 .debug_abbrev  0x00000000000005e2      0x100 build/freertos.o
 .debug_abbrev  0x00000000000006e2      0x1c1 build/stm32f4xx_it.o
 .debug_abbrev  0x00000000000008a3      0x1e0 build/stm32f4xx_hal_msp.o
 .debug_abbrev  0x0000000000000a83      0x21c build/stm32f4xx_hal_timebase_tim.o
 .debug_abbrev  0x0000000000000c9f      0x2af build/stm32f4xx_hal_tim.o
 .debug_abbrev  0x0000000000000f4e      0x2ab build/stm32f4xx_hal_tim_ex.o
 .debug_abbrev  0x00000000000011f9      0x2fe build/stm32f4xx_hal_uart.o
 .debug_abbrev  0x00000000000014f7      0x2cd build/stm32f4xx_hal_rcc.o
 .debug_abbrev  0x00000000000017c4      0x2dc build/stm32f4xx_hal_flash.o
 .debug_abbrev  0x0000000000001aa0      0x2a2 build/stm32f4xx_hal_flash_ex.o
 .debug_abbrev  0x0000000000001d42      0x258 build/stm32f4xx_hal_gpio.o
 .debug_abbrev  0x0000000000001f9a      0x312 build/stm32f4xx_hal_dma.o
 .debug_abbrev  0x00000000000022ac      0x3b3 build/stm32f4xx_hal_cortex.o
 .debug_abbrev  0x000000000000265f      0x220 build/stm32f4xx_hal.o
 .debug_abbrev  0x000000000000287f      0x12e build/system_stm32f4xx.o
 .debug_abbrev  0x00000000000029ad      0x245 build/list.o
 .debug_abbrev  0x0000000000002bf2      0x451 build/tasks.o
 .debug_abbrev  0x0000000000003043      0x455 build/cmsis_os.o
 .debug_abbrev  0x0000000000003498      0x376 build/heap_4.o
 .debug_abbrev  0x000000000000380e      0x293 build/port.o
 .debug_abbrev  0x0000000000003aa1       0x12 build/startup_stm32f407xx.o

.debug_loc      0x0000000000000000    0x115a3
 .debug_loc     0x0000000000000000      0xf93 build/main.o
 .debug_loc     0x0000000000000f93      0xc10 build/eeprom.o
 .debug_loc     0x0000000000001ba3       0x80 build/stm32f4xx_it.o
 .debug_loc     0x0000000000001c23      0x196 build/stm32f4xx_hal_msp.o
 .debug_loc     0x0000000000001db9       0xbc build/stm32f4xx_hal_timebase_tim.o
 .debug_loc     0x0000000000001e75     0x4e45 build/stm32f4xx_hal_tim.o
 .debug_loc     0x0000000000006cba     0x1872 build/stm32f4xx_hal_tim_ex.o
 .debug_loc     0x000000000000852c     0x1d4e build/stm32f4xx_hal_uart.o
 .debug_loc     0x000000000000a27a      0x68d build/stm32f4xx_hal_rcc.o
 .debug_loc     0x000000000000a907      0x4aa build/stm32f4xx_hal_flash.o
 .debug_loc     0x000000000000adb1      0x6d4 build/stm32f4xx_hal_flash_ex.o
 .debug_loc     0x000000000000b485      0x5fe build/stm32f4xx_hal_gpio.o
 .debug_loc     0x000000000000ba83      0xed7 build/stm32f4xx_hal_dma.o
 .debug_loc     0x000000000000c95a      0x790 build/stm32f4xx_hal_cortex.o
 .debug_loc     0x000000000000d0ea      0x1cc build/stm32f4xx_hal.o
 .debug_loc     0x000000000000d2b6      0x16c build/system_stm32f4xx.o
 .debug_loc     0x000000000000d422       0xbf build/list.o
 .debug_loc     0x000000000000d4e1     0x21f6 build/tasks.o
 .debug_loc     0x000000000000f6d7     0x1964 build/cmsis_os.o
 .debug_loc     0x000000000001103b      0x3a8 build/heap_4.o
 .debug_loc     0x00000000000113e3      0x1c0 build/port.o

.debug_aranges  0x0000000000000000     0x1250
 .debug_aranges
                0x0000000000000000      0x128 build/main.o
 .debug_aranges
                0x0000000000000128       0x58 build/eeprom.o
 .debug_aranges
                0x0000000000000180       0x20 build/freertos.o
 .debug_aranges
                0x00000000000001a0       0x68 build/stm32f4xx_it.o
 .debug_aranges
                0x0000000000000208       0x30 build/stm32f4xx_hal_msp.o
 .debug_aranges
                0x0000000000000238       0x30 build/stm32f4xx_hal_timebase_tim.o
 .debug_aranges
                0x0000000000000268      0x3a8 build/stm32f4xx_hal_tim.o
 .debug_aranges
                0x0000000000000610      0x150 build/stm32f4xx_hal_tim_ex.o
 .debug_aranges
                0x0000000000000760      0x1d0 build/stm32f4xx_hal_uart.o
 .debug_aranges
                0x0000000000000930       0x88 build/stm32f4xx_hal_rcc.o
 .debug_aranges
                0x00000000000009b8       0xa0 build/stm32f4xx_hal_flash.o
 .debug_aranges
                0x0000000000000a58       0x98 build/stm32f4xx_hal_flash_ex.o
 .debug_aranges
                0x0000000000000af0       0x58 build/stm32f4xx_hal_gpio.o
 .debug_aranges
                0x0000000000000b48       0x90 build/stm32f4xx_hal_dma.o
 .debug_aranges
                0x0000000000000bd8       0xa8 build/stm32f4xx_hal_cortex.o
 .debug_aranges
                0x0000000000000c80       0xf0 build/stm32f4xx_hal.o
 .debug_aranges
                0x0000000000000d70       0x28 build/system_stm32f4xx.o
 .debug_aranges
                0x0000000000000d98       0x40 build/list.o
 .debug_aranges
                0x0000000000000dd8      0x1a8 build/tasks.o
 .debug_aranges
                0x0000000000000f80      0x1d8 build/cmsis_os.o
 .debug_aranges
                0x0000000000001158       0x50 build/heap_4.o
 .debug_aranges
                0x00000000000011a8       0x80 build/port.o
 .debug_aranges
                0x0000000000001228       0x28 build/startup_stm32f407xx.o

.debug_ranges   0x0000000000000000     0x1388
 .debug_ranges  0x0000000000000000      0x280 build/main.o
 .debug_ranges  0x0000000000000280       0x48 build/eeprom.o
 .debug_ranges  0x00000000000002c8       0x10 build/freertos.o
 .debug_ranges  0x00000000000002d8       0x58 build/stm32f4xx_it.o
 .debug_ranges  0x0000000000000330       0x20 build/stm32f4xx_hal_msp.o
 .debug_ranges  0x0000000000000350       0x20 build/stm32f4xx_hal_timebase_tim.o
 .debug_ranges  0x0000000000000370      0x398 build/stm32f4xx_hal_tim.o
 .debug_ranges  0x0000000000000708      0x140 build/stm32f4xx_hal_tim_ex.o
 .debug_ranges  0x0000000000000848      0x1c0 build/stm32f4xx_hal_uart.o
 .debug_ranges  0x0000000000000a08       0x90 build/stm32f4xx_hal_rcc.o
 .debug_ranges  0x0000000000000a98       0x90 build/stm32f4xx_hal_flash.o
 .debug_ranges  0x0000000000000b28       0x88 build/stm32f4xx_hal_flash_ex.o
 .debug_ranges  0x0000000000000bb0       0x48 build/stm32f4xx_hal_gpio.o
 .debug_ranges  0x0000000000000bf8       0x80 build/stm32f4xx_hal_dma.o
 .debug_ranges  0x0000000000000c78       0xe0 build/stm32f4xx_hal_cortex.o
 .debug_ranges  0x0000000000000d58       0xe0 build/stm32f4xx_hal.o
 .debug_ranges  0x0000000000000e38       0x18 build/system_stm32f4xx.o
 .debug_ranges  0x0000000000000e50       0x30 build/list.o
 .debug_ranges  0x0000000000000e80      0x258 build/tasks.o
 .debug_ranges  0x00000000000010d8      0x1c8 build/cmsis_os.o
 .debug_ranges  0x00000000000012a0       0x40 build/heap_4.o
 .debug_ranges  0x00000000000012e0       0x88 build/port.o
 .debug_ranges  0x0000000000001368       0x20 build/startup_stm32f407xx.o

.debug_line     0x0000000000000000    0x112bb
 .debug_line    0x0000000000000000     0x19e4 build/main.o
 .debug_line    0x00000000000019e4      0x903 build/eeprom.o
 .debug_line    0x00000000000022e7      0x217 build/freertos.o
 .debug_line    0x00000000000024fe      0x2f5 build/stm32f4xx_it.o
 .debug_line    0x00000000000027f3      0x392 build/stm32f4xx_hal_msp.o
 .debug_line    0x0000000000002b85      0x2af build/stm32f4xx_hal_timebase_tim.o
 .debug_line    0x0000000000002e34     0x33e5 build/stm32f4xx_hal_tim.o
 .debug_line    0x0000000000006219     0x10af build/stm32f4xx_hal_tim_ex.o
 .debug_line    0x00000000000072c8     0x1b9a build/stm32f4xx_hal_uart.o
 .debug_line    0x0000000000008e62      0xa94 build/stm32f4xx_hal_rcc.o
 .debug_line    0x00000000000098f6      0x732 build/stm32f4xx_hal_flash.o
 .debug_line    0x000000000000a028      0x6e3 build/stm32f4xx_hal_flash_ex.o
 .debug_line    0x000000000000a70b      0x6e0 build/stm32f4xx_hal_gpio.o
 .debug_line    0x000000000000adeb      0xe03 build/stm32f4xx_hal_dma.o
 .debug_line    0x000000000000bbee      0x77a build/stm32f4xx_hal_cortex.o
 .debug_line    0x000000000000c368      0x543 build/stm32f4xx_hal.o
 .debug_line    0x000000000000c8ab      0x27b build/system_stm32f4xx.o
 .debug_line    0x000000000000cb26      0x433 build/list.o
 .debug_line    0x000000000000cf59     0x22e6 build/tasks.o
 .debug_line    0x000000000000f23f     0x1291 build/cmsis_os.o
 .debug_line    0x00000000000104d0      0x6be build/heap_4.o
 .debug_line    0x0000000000010b8e      0x6b9 build/port.o
 .debug_line    0x0000000000011247       0x74 build/startup_stm32f407xx.o

.debug_str      0x0000000000000000     0x619e
 .debug_str     0x0000000000000000     0x1a3e build/main.o
                                       0x1b51 (size before relaxing)
 .debug_str     0x0000000000001a3e      0x1a2 build/eeprom.o
                                        0x455 (size before relaxing)
 .debug_str     0x0000000000001be0       0x85 build/freertos.o
                                        0x374 (size before relaxing)
 .debug_str     0x0000000000001c65      0x112 build/stm32f4xx_it.o
                                        0x913 (size before relaxing)
 .debug_str     0x0000000000001d77       0x6c build/stm32f4xx_hal_msp.o
                                        0xd1c (size before relaxing)
 .debug_str     0x0000000000001de3       0xde build/stm32f4xx_hal_timebase_tim.o
                                        0xdb6 (size before relaxing)
 .debug_str     0x0000000000001ec1      0xe02 build/stm32f4xx_hal_tim.o
                                       0x1527 (size before relaxing)
 .debug_str     0x0000000000002cc3      0x545 build/stm32f4xx_hal_tim_ex.o
                                        0xd3f (size before relaxing)
 .debug_str     0x0000000000003208      0x503 build/stm32f4xx_hal_uart.o
                                        0xc72 (size before relaxing)
 .debug_str     0x000000000000370b      0x163 build/stm32f4xx_hal_rcc.o
                                        0x71d (size before relaxing)
 .debug_str     0x000000000000386e      0x273 build/stm32f4xx_hal_flash.o
                                        0x5ae (size before relaxing)
 .debug_str     0x0000000000003ae1      0x1c3 build/stm32f4xx_hal_flash_ex.o
                                        0x604 (size before relaxing)
 .debug_str     0x0000000000003ca4      0x107 build/stm32f4xx_hal_gpio.o
                                        0x54a (size before relaxing)
 .debug_str     0x0000000000003dab      0x2ca build/stm32f4xx_hal_dma.o
                                        0x7d0 (size before relaxing)
 .debug_str     0x0000000000004075      0x4bb build/stm32f4xx_hal_cortex.o
                                        0xc84 (size before relaxing)
 .debug_str     0x0000000000004530      0x267 build/stm32f4xx_hal.o
                                        0xbb9 (size before relaxing)
 .debug_str     0x0000000000004797       0x42 build/system_stm32f4xx.o
                                        0x3ae (size before relaxing)
 .debug_str     0x00000000000047d9      0x140 build/list.o
                                        0x717 (size before relaxing)
 .debug_str     0x0000000000004919      0xbe0 build/tasks.o
                                       0x13eb (size before relaxing)
 .debug_str     0x00000000000054f9      0x925 build/cmsis_os.o
                                       0x140e (size before relaxing)
 .debug_str     0x0000000000005e1e      0x1de build/heap_4.o
                                        0x800 (size before relaxing)
 .debug_str     0x0000000000005ffc      0x17d build/port.o
                                        0x49d (size before relaxing)
 .debug_str     0x0000000000006179       0x25 build/startup_stm32f407xx.o
                                         0x6c (size before relaxing)

.comment        0x0000000000000000       0x75
 .comment       0x0000000000000000       0x75 build/main.o
                                         0x76 (size before relaxing)
 .comment       0x0000000000000075       0x76 build/eeprom.o
 .comment       0x0000000000000075       0x76 build/freertos.o
 .comment       0x0000000000000075       0x76 build/stm32f4xx_it.o
 .comment       0x0000000000000075       0x76 build/stm32f4xx_hal_msp.o
 .comment       0x0000000000000075       0x76 build/stm32f4xx_hal_timebase_tim.o
 .comment       0x0000000000000075       0x76 build/stm32f4xx_hal_tim.o
 .comment       0x0000000000000075       0x76 build/stm32f4xx_hal_tim_ex.o
 .comment       0x0000000000000075       0x76 build/stm32f4xx_hal_uart.o
 .comment       0x0000000000000075       0x76 build/stm32f4xx_hal_rcc.o
 .comment       0x0000000000000075       0x76 build/stm32f4xx_hal_flash.o
 .comment       0x0000000000000075       0x76 build/stm32f4xx_hal_flash_ex.o
 .comment       0x0000000000000075       0x76 build/stm32f4xx_hal_gpio.o
 .comment       0x0000000000000075       0x76 build/stm32f4xx_hal_dma.o
 .comment       0x0000000000000075       0x76 build/stm32f4xx_hal_cortex.o
 .comment       0x0000000000000075       0x76 build/stm32f4xx_hal.o
 .comment       0x0000000000000075       0x76 build/system_stm32f4xx.o
 .comment       0x0000000000000075       0x76 build/list.o
 .comment       0x0000000000000075       0x76 build/tasks.o
 .comment       0x0000000000000075       0x76 build/cmsis_os.o
 .comment       0x0000000000000075       0x76 build/heap_4.o
 .comment       0x0000000000000075       0x76 build/port.o

.debug_frame    0x0000000000000000     0x3b1c
 .debug_frame   0x0000000000000000      0x48c build/main.o
 .debug_frame   0x000000000000048c      0x110 build/eeprom.o
 .debug_frame   0x000000000000059c       0x20 build/freertos.o
 .debug_frame   0x00000000000005bc       0xe0 build/stm32f4xx_it.o
 .debug_frame   0x000000000000069c       0x78 build/stm32f4xx_hal_msp.o
 .debug_frame   0x0000000000000714       0x54 build/stm32f4xx_hal_timebase_tim.o
 .debug_frame   0x0000000000000768      0xbc0 build/stm32f4xx_hal_tim.o
 .debug_frame   0x0000000000001328      0x430 build/stm32f4xx_hal_tim_ex.o
 .debug_frame   0x0000000000001758      0x57c build/stm32f4xx_hal_uart.o
 .debug_frame   0x0000000000001cd4      0x1b0 build/stm32f4xx_hal_rcc.o
 .debug_frame   0x0000000000001e84      0x17c build/stm32f4xx_hal_flash.o
 .debug_frame   0x0000000000002000      0x194 build/stm32f4xx_hal_flash_ex.o
 .debug_frame   0x0000000000002194       0xec build/stm32f4xx_hal_gpio.o
 .debug_frame   0x0000000000002280      0x1c8 build/stm32f4xx_hal_dma.o
 .debug_frame   0x0000000000002448      0x16c build/stm32f4xx_hal_cortex.o
 .debug_frame   0x00000000000025b4      0x200 build/stm32f4xx_hal.o
 .debug_frame   0x00000000000027b4       0x30 build/system_stm32f4xx.o
 .debug_frame   0x00000000000027e4       0x70 build/list.o
 .debug_frame   0x0000000000002854      0x618 build/tasks.o
 .debug_frame   0x0000000000002e6c      0x63c build/cmsis_os.o
 .debug_frame   0x00000000000034a8       0xbc build/heap_4.o
 .debug_frame   0x0000000000003564      0x114 build/port.o
 .debug_frame   0x0000000000003678       0x2c /usr/local/Cellar/arm-gcc-bin/8-2018-q4-major/bin/../lib/gcc/arm-none-eabi/8.2.1/../../../../arm-none-eabi/lib/thumb/v7e-m+fp/hard/libc_nano.a(lib_a-init.o)
 .debug_frame   0x00000000000036a4       0x28 /usr/local/Cellar/arm-gcc-bin/8-2018-q4-major/bin/../lib/gcc/arm-none-eabi/8.2.1/../../../../arm-none-eabi/lib/thumb/v7e-m+fp/hard/libc_nano.a(lib_a-memcpy-stub.o)
 .debug_frame   0x00000000000036cc       0x20 /usr/local/Cellar/arm-gcc-bin/8-2018-q4-major/bin/../lib/gcc/arm-none-eabi/8.2.1/../../../../arm-none-eabi/lib/thumb/v7e-m+fp/hard/libc_nano.a(lib_a-memset.o)
 .debug_frame   0x00000000000036ec       0x6c /usr/local/Cellar/arm-gcc-bin/8-2018-q4-major/bin/../lib/gcc/arm-none-eabi/8.2.1/../../../../arm-none-eabi/lib/thumb/v7e-m+fp/hard/libc_nano.a(lib_a-sprintf.o)
 .debug_frame   0x0000000000003758       0x90 /usr/local/Cellar/arm-gcc-bin/8-2018-q4-major/bin/../lib/gcc/arm-none-eabi/8.2.1/../../../../arm-none-eabi/lib/thumb/v7e-m+fp/hard/libc_nano.a(lib_a-nano-svfprintf.o)
 .debug_frame   0x00000000000037e8       0x60 /usr/local/Cellar/arm-gcc-bin/8-2018-q4-major/bin/../lib/gcc/arm-none-eabi/8.2.1/../../../../arm-none-eabi/lib/thumb/v7e-m+fp/hard/libc_nano.a(lib_a-nano-vfprintf_i.o)
 .debug_frame   0x0000000000003848       0x28 /usr/local/Cellar/arm-gcc-bin/8-2018-q4-major/bin/../lib/gcc/arm-none-eabi/8.2.1/../../../../arm-none-eabi/lib/thumb/v7e-m+fp/hard/libc_nano.a(lib_a-memmove.o)
 .debug_frame   0x0000000000003870       0x38 /usr/local/Cellar/arm-gcc-bin/8-2018-q4-major/bin/../lib/gcc/arm-none-eabi/8.2.1/../../../../arm-none-eabi/lib/thumb/v7e-m+fp/hard/libc_nano.a(lib_a-nano-freer.o)
 .debug_frame   0x00000000000038a8       0x30 /usr/local/Cellar/arm-gcc-bin/8-2018-q4-major/bin/../lib/gcc/arm-none-eabi/8.2.1/../../../../arm-none-eabi/lib/thumb/v7e-m+fp/hard/libc_nano.a(lib_a-nano-mallocr.o)
 .debug_frame   0x00000000000038d8       0x3c /usr/local/Cellar/arm-gcc-bin/8-2018-q4-major/bin/../lib/gcc/arm-none-eabi/8.2.1/../../../../arm-none-eabi/lib/thumb/v7e-m+fp/hard/libc_nano.a(lib_a-nano-reallocr.o)
 .debug_frame   0x0000000000003914       0x2c /usr/local/Cellar/arm-gcc-bin/8-2018-q4-major/bin/../lib/gcc/arm-none-eabi/8.2.1/../../../../arm-none-eabi/lib/thumb/v7e-m+fp/hard/libc_nano.a(lib_a-sbrkr.o)
 .debug_frame   0x0000000000003940       0x30 /usr/local/Cellar/arm-gcc-bin/8-2018-q4-major/bin/../lib/gcc/arm-none-eabi/8.2.1/../../../../arm-none-eabi/lib/thumb/v7e-m+fp/hard/libc_nano.a(lib_a-mlock.o)
 .debug_frame   0x0000000000003970       0x20 /usr/local/Cellar/arm-gcc-bin/8-2018-q4-major/bin/../lib/gcc/arm-none-eabi/8.2.1/../../../../arm-none-eabi/lib/thumb/v7e-m+fp/hard/libc_nano.a(lib_a-nano-msizer.o)
 .debug_frame   0x0000000000003990       0x5c /usr/local/Cellar/arm-gcc-bin/8-2018-q4-major/bin/../lib/gcc/arm-none-eabi/8.2.1/../../../../arm-none-eabi/lib/thumb/v7e-m+fp/hard/libc_nano.a(lib_a-reent.o)
 .debug_frame   0x00000000000039ec       0xb0 /usr/local/Cellar/arm-gcc-bin/8-2018-q4-major/bin/../lib/gcc/arm-none-eabi/8.2.1/../../../../arm-none-eabi/lib/thumb/v7e-m+fp/hard/libc_nano.a(lib_a-lock.o)
 .debug_frame   0x0000000000003a9c       0x20 /usr/local/Cellar/arm-gcc-bin/8-2018-q4-major/bin/../lib/gcc/arm-none-eabi/8.2.1/../../../../arm-none-eabi/lib/thumb/v7e-m+fp/hard/libnosys.a(sbrk.o)
 .debug_frame   0x0000000000003abc       0x2c /usr/local/Cellar/arm-gcc-bin/8-2018-q4-major/bin/../lib/gcc/arm-none-eabi/8.2.1/thumb/v7e-m+fp/hard/libgcc.a(_aeabi_uldivmod.o)
 .debug_frame   0x0000000000003ae8       0x34 /usr/local/Cellar/arm-gcc-bin/8-2018-q4-major/bin/../lib/gcc/arm-none-eabi/8.2.1/thumb/v7e-m+fp/hard/libgcc.a(_udivmoddi4.o)

Cross Reference Table

Symbol                                            File
ADC_IRQHandler                                    build/startup_stm32f407xx.o
AHBPrescTable                                     build/system_stm32f4xx.o
                                                  build/stm32f4xx_hal_rcc.o
APBPrescTable                                     build/system_stm32f4xx.o
                                                  build/stm32f4xx_hal_rcc.o
BusFault_Handler                                  build/stm32f4xx_it.o
CAN1_RX0_IRQHandler                               build/startup_stm32f407xx.o
CAN1_RX1_IRQHandler                               build/startup_stm32f407xx.o
CAN1_SCE_IRQHandler                               build/startup_stm32f407xx.o
CAN1_TX_IRQHandler                                build/startup_stm32f407xx.o
CAN2_RX0_IRQHandler                               build/startup_stm32f407xx.o
CAN2_RX1_IRQHandler                               build/startup_stm32f407xx.o
CAN2_SCE_IRQHandler                               build/startup_stm32f407xx.o
CAN2_TX_IRQHandler                                build/startup_stm32f407xx.o
CallPage                                          build/main.o
ContactCount                                      build/main.o
ContactName                                       build/main.o
ContactNameLength                                 build/main.o
ContactNameTemp                                   build/main.o
ContactNumber                                     build/main.o
ContactNumberTemp                                 build/main.o
ContactPage1                                      build/main.o
ContactPage2                                      build/main.o
DCMI_IRQHandler                                   build/startup_stm32f407xx.o
DMA1_Stream0_IRQHandler                           build/startup_stm32f407xx.o
DMA1_Stream1_IRQHandler                           build/startup_stm32f407xx.o
DMA1_Stream2_IRQHandler                           build/startup_stm32f407xx.o
DMA1_Stream3_IRQHandler                           build/startup_stm32f407xx.o
DMA1_Stream4_IRQHandler                           build/startup_stm32f407xx.o
DMA1_Stream5_IRQHandler                           build/startup_stm32f407xx.o
DMA1_Stream6_IRQHandler                           build/startup_stm32f407xx.o
DMA1_Stream7_IRQHandler                           build/startup_stm32f407xx.o
DMA2_Stream0_IRQHandler                           build/startup_stm32f407xx.o
DMA2_Stream1_IRQHandler                           build/startup_stm32f407xx.o
DMA2_Stream2_IRQHandler                           build/startup_stm32f407xx.o
DMA2_Stream3_IRQHandler                           build/startup_stm32f407xx.o
DMA2_Stream4_IRQHandler                           build/startup_stm32f407xx.o
DMA2_Stream5_IRQHandler                           build/startup_stm32f407xx.o
DMA2_Stream6_IRQHandler                           build/startup_stm32f407xx.o
DMA2_Stream7_IRQHandler                           build/startup_stm32f407xx.o
DataVar                                           build/eeprom.o
DebugMon_Handler                                  build/stm32f4xx_it.o
Default_Handler                                   build/startup_stm32f407xx.o
EEPROM_AddContact                                 build/main.o
EEPROM_GetName                                    build/main.o
EEPROM_GetNumber                                  build/main.o
EEPROM_Init                                       build/main.o
EEPROM_ListContacts                               build/main.o
EE_Init                                           build/eeprom.o
                                                  build/main.o
EE_ReadVariable                                   build/eeprom.o
                                                  build/main.o
EE_WriteVariable                                  build/eeprom.o
                                                  build/main.o
ESP_HandleCall                                    build/main.o
ESP_HandleContact                                 build/main.o
ESP_HandleEndCall                                 build/main.o
ESP_HandleErase                                   build/main.o
ESP_HandleHeaderParam                             build/main.o
ESP_HandleRequset                                 build/main.o
ESP_HandleSMS                                     build/main.o
ESP_Init                                          build/main.o
ESP_SendCall                                      build/main.o
ESP_SendContact                                   build/main.o
ESP_SendError                                     build/main.o
ESP_SendIndex                                     build/main.o
ESP_SendSMS                                       build/main.o
ESP_SendSuccess                                   build/main.o
ESP_SendTalking                                   build/main.o
ETH_IRQHandler                                    build/startup_stm32f407xx.o
ETH_WKUP_IRQHandler                               build/startup_stm32f407xx.o
EXTI0_IRQHandler                                  build/stm32f4xx_it.o
EXTI15_10_IRQHandler                              build/startup_stm32f407xx.o
EXTI1_IRQHandler                                  build/startup_stm32f407xx.o
EXTI2_IRQHandler                                  build/startup_stm32f407xx.o
EXTI3_IRQHandler                                  build/startup_stm32f407xx.o
EXTI4_IRQHandler                                  build/startup_stm32f407xx.o
EXTI9_5_IRQHandler                                build/startup_stm32f407xx.o
ErrorPage1                                        build/main.o
ErrorPage2                                        build/main.o
ErrorText                                         build/main.o
ErrorTextLength                                   build/main.o
Error_Handler                                     build/main.o
EspRxArray                                        build/main.o
EspRxBuffer                                       build/main.o
FLASH_Erase_Sector                                build/stm32f4xx_hal_flash_ex.o
                                                  build/stm32f4xx_hal_flash.o
FLASH_FlushCaches                                 build/stm32f4xx_hal_flash_ex.o
                                                  build/stm32f4xx_hal_flash.o
FLASH_IRQHandler                                  build/startup_stm32f407xx.o
FLASH_WaitForLastOperation                        build/stm32f4xx_hal_flash.o
                                                  build/stm32f4xx_hal_flash_ex.o
FPU_IRQHandler                                    build/startup_stm32f407xx.o
FSMC_IRQHandler                                   build/startup_stm32f407xx.o
HAL_DBGMCU_DisableDBGSleepMode                    build/stm32f4xx_hal.o
HAL_DBGMCU_DisableDBGStandbyMode                  build/stm32f4xx_hal.o
HAL_DBGMCU_DisableDBGStopMode                     build/stm32f4xx_hal.o
HAL_DBGMCU_EnableDBGSleepMode                     build/stm32f4xx_hal.o
HAL_DBGMCU_EnableDBGStandbyMode                   build/stm32f4xx_hal.o
HAL_DBGMCU_EnableDBGStopMode                      build/stm32f4xx_hal.o
HAL_DMAEx_ChangeMemory                            build/stm32f4xx_hal_dma_ex.o
HAL_DMAEx_MultiBufferStart                        build/stm32f4xx_hal_dma_ex.o
HAL_DMAEx_MultiBufferStart_IT                     build/stm32f4xx_hal_dma_ex.o
HAL_DMA_Abort                                     build/stm32f4xx_hal_dma.o
                                                  build/stm32f4xx_hal_uart.o
HAL_DMA_Abort_IT                                  build/stm32f4xx_hal_dma.o
                                                  build/stm32f4xx_hal_uart.o
                                                  build/stm32f4xx_hal_tim_ex.o
                                                  build/stm32f4xx_hal_tim.o
HAL_DMA_DeInit                                    build/stm32f4xx_hal_dma.o
HAL_DMA_GetError                                  build/stm32f4xx_hal_dma.o
                                                  build/stm32f4xx_hal_uart.o
HAL_DMA_GetState                                  build/stm32f4xx_hal_dma.o
HAL_DMA_IRQHandler                                build/stm32f4xx_hal_dma.o
HAL_DMA_Init                                      build/stm32f4xx_hal_dma.o
HAL_DMA_PollForTransfer                           build/stm32f4xx_hal_dma.o
HAL_DMA_RegisterCallback                          build/stm32f4xx_hal_dma.o
HAL_DMA_Start                                     build/stm32f4xx_hal_dma.o
HAL_DMA_Start_IT                                  build/stm32f4xx_hal_dma.o
                                                  build/stm32f4xx_hal_uart.o
                                                  build/stm32f4xx_hal_tim_ex.o
                                                  build/stm32f4xx_hal_tim.o
HAL_DMA_UnRegisterCallback                        build/stm32f4xx_hal_dma.o
HAL_DeInit                                        build/stm32f4xx_hal.o
HAL_Delay                                         build/stm32f4xx_hal.o
                                                  build/main.o
HAL_DisableCompensationCell                       build/stm32f4xx_hal.o
HAL_EXTI_ClearConfigLine                          build/stm32f4xx_hal_exti.o
HAL_EXTI_ClearPending                             build/stm32f4xx_hal_exti.o